<html>
<body>
<pre>
<h1>礦ision Build Log</h1>
<h2>Tool Versions:</h2>
IDE-Version: μVision V5.41.0.0
Copyright (C) 2024 ARM Ltd and ARM Germany GmbH. All rights reserved.
License Information: yq YQ, 123456, LIC=IK1BF-6BJX2-UHE8H-W181E-VNY07-SQARR
 
Tool Versions:
Toolchain:       MDK-ARM Plus  Version: 5.41.0.0
Toolchain Path:  D:\Keil\ARM\ARM_Compiler_5.06u7\Bin
C Compiler:      Armcc.exe V5.06 update 7 (build 960)
Assembler:       Armasm.exe V5.06 update 7 (build 960)
Linker/Locator:  ArmLink.exe V5.06 update 7 (build 960)
Library Manager: ArmAr.exe V5.06 update 7 (build 960)
Hex Converter:   FromElf.exe V5.06 update 7 (build 960)
CPU DLL:         SARMCM3.DLL V5.41.0.0
Dialog DLL:      DCM.DLL V1.17.5.0
Target DLL:      CMSIS_AGDI.dll V1.33.21.0
Dialog DLL:      TCM.DLL V1.56.4.0
 
<h2>Project:</h2>
C:\Users\YQ\Desktop\X_hal\MDK-ARM\GD32_Xifeng.uvprojx
Project File Date:  06/04/2025

<h2>Output:</h2>
*** Using Compiler 'V5.06 update 7 (build 960)', folder: 'D:\Keil\ARM\ARM_Compiler_5.06u7\Bin'
Build target 'GD32_Xifeng'
assembling startup_stm32f429xx.s...
compiling sdio.c...
compiling dma.c...
compiling stm32f4xx_hal_msp.c...
compiling i2c.c...
compiling sd_diskio.c...
compiling bsp_driver_sd.c...
compiling diskio.c...
compiling stm32f4xx_it.c...
compiling dac.c...
compiling stm32f4xx_ll_adc.c...
compiling gpio.c...
compiling fatfs.c...
compiling tim.c...
compiling usart.c...
../Components/GD25QXX/lfs_port.h(22): warning:  #1-D: last line of file ends without a newline
  #endif // LFS_PORT_H
../APP/shell_app.h(59): warning:  #1-D: last line of file ends without a newline
  #endif /* SHELL_APP_H */ 
../Components/WouoUI_Page/WouoUI_page.h(145): warning:  #1215-D: #warning directive: "The sum of TITLE Macro Height large than BUFF Height"
  #warning "The sum of TITLE Macro Height large than BUFF Height"
../Components/WouoUI_Page/WouoUI_page.h(150): warning:  #1215-D: #warning directive: "The Indicator large than the size of icon "
  #warning "The Indicator large than the size of icon "
../Components/WouoUI_Page/WouoUI_win.h(21): warning:  #1215-D: #warning directive: "the MSG_WIN_V_S_MIN is too large"
  #warning "the MSG_WIN_V_S_MIN is too large"
../Components/WouoUI_Page/WouoUI_win.h(102): warning:  #1215-D: #warning directive: "the CONF_WIN_V_S_MIN is too large"
  #warning "the CONF_WIN_V_S_MIN is too large"
../APP/shell_app.h(59): warning:  #1-D: last line of file ends without a newline
  #endif /* SHELL_APP_H */ 
../Core/Src/usart.c: 7 warnings, 0 errors
compiling adc.c...
compiling main.c...
../Components/GD25QXX/lfs_port.h(22): warning:  #1-D: last line of file ends without a newline
  #endif // LFS_PORT_H
../APP/shell_app.h(59): warning:  #1-D: last line of file ends without a newline
  #endif /* SHELL_APP_H */ 
../Components/WouoUI_Page/WouoUI_page.h(145): warning:  #1215-D: #warning directive: "The sum of TITLE Macro Height large than BUFF Height"
  #warning "The sum of TITLE Macro Height large than BUFF Height"
../Components/WouoUI_Page/WouoUI_page.h(150): warning:  #1215-D: #warning directive: "The Indicator large than the size of icon "
  #warning "The Indicator large than the size of icon "
../Components/WouoUI_Page/WouoUI_win.h(21): warning:  #1215-D: #warning directive: "the MSG_WIN_V_S_MIN is too large"
  #warning "the MSG_WIN_V_S_MIN is too large"
../Components/WouoUI_Page/WouoUI_win.h(102): warning:  #1215-D: #warning directive: "the CONF_WIN_V_S_MIN is too large"
  #warning "the CONF_WIN_V_S_MIN is too large"
../APP/shell_app.h(59): warning:  #1-D: last line of file ends without a newline
  #endif /* SHELL_APP_H */ 
../Core/Src/main.c: 7 warnings, 0 errors
compiling spi.c...
compiling stm32f4xx_hal_flash_ramfunc.c...
compiling stm32f4xx_hal_flash.c...
compiling ff.c...
compiling cc936.c...
compiling ff_gen_drv.c...
compiling stm32f4xx_hal_pwr_ex.c...
compiling stm32f4xx_hal_dma.c...
compiling stm32f4xx_hal_flash_ex.c...
compiling stm32f4xx_hal_adc.c...
compiling stm32f4xx_hal_adc_ex.c...
compiling stm32f4xx_hal_rcc.c...
compiling stm32f4xx_hal_dma_ex.c...
compiling stm32f4xx_hal_rcc_ex.c...
compiling syscall.c...
compiling stm32f4xx_hal_gpio.c...
compiling stm32f4xx_hal_pwr.c...
compiling ebtn.c...
compiling stm32f4xx_hal_cortex.c...
compiling mui.c...
..\Components\u8g2\mui.c(591): warning:  #177-D: function "mui_task_read_nth_selectable_field"  was declared but never referenced
  static uint8_t mui_task_read_nth_selectable_field(mui_t *ui)
..\Components\u8g2\mui.c: 1 warning, 0 errors
compiling stm32f4xx_hal_sd.c...
compiling mui_u8g2.c...
..\Components\u8g2\mui_u8g2.c(1256): warning:  #177-D: variable "s"  was declared but never referenced
    char *s = buf;
..\Components\u8g2\mui_u8g2.c: 1 warning, 0 errors
compiling u8g2_arc.c...
compiling stm32f4xx_hal_dac.c...
compiling stm32f4xx_hal_tim.c...
compiling u8g2_bitmap.c...
compiling u8g2_box.c...
compiling stm32f4xx_ll_sdmmc.c...
compiling u8g2_buffer.c...
compiling u8g2_button.c...
compiling stm32f4xx_hal_i2c.c...
compiling stm32f4xx_hal.c...
compiling u8g2_cleardisplay.c...
compiling u8g2_d_memory.c...
..\Components\u8g2\u8g2_d_memory.c(16): warning:  #1-D: last line of file ends without a newline
  }
..\Components\u8g2\u8g2_d_memory.c: 1 warning, 0 errors
compiling u8g2_circle.c...
compiling u8g2_d_setup.c...
compiling u8g2_hvline.c...
compiling u8g2_font.c...
compiling u8g2_input_value.c...
compiling stm32f4xx_hal_mmc.c...
compiling stm32f4xx_hal_exti.c...
compiling u8g2_intersection.c...
compiling u8g2_kerning.c...
compiling u8g2_line.c...
compiling u8g2_ll_hvline.c...
compiling u8g2_message.c...
compiling u8log.c...
compiling u8log_u8x8.c...
compiling u8g2_polygon.c...
compiling u8g2_selection_list.c...
compiling u8g2_setup.c...
..\Components\u8g2\u8g2_setup.c(469): warning:  #1-D: last line of file ends without a newline
    
..\Components\u8g2\u8g2_setup.c: 1 warning, 0 errors
compiling stm32f4xx_hal_spi.c...
compiling u8log_u8g2.c...
compiling u8x8_8x8.c...
compiling u8x8_byte.c...
compiling u8x8_capture.c...
..\Components\u8g2\u8x8_capture.c(254): warning:  #1-D: last line of file ends without a newline
  #endif
..\Components\u8g2\u8x8_capture.c: 1 warning, 0 errors
compiling u8x8_d_ssd1306_128x32.c...
compiling u8x8_debounce.c...
compiling u8x8_cad.c...
compiling u8x8_display.c...
..\Components\u8g2\u8x8_display.c(203): warning:  #1-D: last line of file ends without a newline
  }
..\Components\u8g2\u8x8_display.c: 1 warning, 0 errors
compiling u8x8_gpio.c...
..\Components\u8g2\u8x8_gpio.c(50): warning:  #1-D: last line of file ends without a newline
  */
..\Components\u8g2\u8x8_gpio.c: 1 warning, 0 errors
compiling u8x8_input_value.c...
compiling u8x8_fonts.c...
compiling u8x8_message.c...
compiling u8x8_selection_list.c...
compiling u8x8_setup.c...
compiling stm32f4xx_hal_i2c_ex.c...
compiling u8x8_string.c...
compiling u8x8_u8toa.c...
compiling u8x8_u16toa.c...
compiling ringbuffer.c...
compiling lfs_util.c...
compiling stm32f4xx_hal_dac_ex.c...
compiling lfs.c...
..\Components\GD25QXX\lfs.c(1135): warning:  #68-D: integer conversion resulted in a change of sign
      return (int)lfs_dir_fetchmatch(lfs, dir, pair, -1, 0, NULL, NULL, NULL);
..\Components\GD25QXX\lfs.c: 1 warning, 0 errors
compiling stm32f4xx_hal_tim_ex.c...
compiling u8g2_fonts.c...
compiling system_stm32f4xx.c...
compiling oled.c...
compiling stm32f4xx_hal_uart.c...
compiling lfs_port.c...
..\Components\GD25QXX\lfs_port.h(22): warning:  #1-D: last line of file ends without a newline
  #endif // LFS_PORT_H
..\Components\GD25QXX\lfs_port.c: 1 warning, 0 errors
compiling gd25qxx.c...
compiling adc_app.c...
../Components/GD25QXX/lfs_port.h(22): warning:  #1-D: last line of file ends without a newline
  #endif // LFS_PORT_H
..\APP\shell_app.h(59): warning:  #1-D: last line of file ends without a newline
  #endif /* SHELL_APP_H */ 
../Components/WouoUI_Page/WouoUI_page.h(145): warning:  #1215-D: #warning directive: "The sum of TITLE Macro Height large than BUFF Height"
  #warning "The sum of TITLE Macro Height large than BUFF Height"
../Components/WouoUI_Page/WouoUI_page.h(150): warning:  #1215-D: #warning directive: "The Indicator large than the size of icon "
  #warning "The Indicator large than the size of icon "
../Components/WouoUI_Page/WouoUI_win.h(21): warning:  #1215-D: #warning directive: "the MSG_WIN_V_S_MIN is too large"
  #warning "the MSG_WIN_V_S_MIN is too large"
../Components/WouoUI_Page/WouoUI_win.h(102): warning:  #1215-D: #warning directive: "the CONF_WIN_V_S_MIN is too large"
  #warning "the CONF_WIN_V_S_MIN is too large"
..\APP\shell_app.h(59): warning:  #1-D: last line of file ends without a newline
  #endif /* SHELL_APP_H */ 
..\APP\adc_app.c: 7 warnings, 0 errors
compiling waveform_analyzer_app.c...
../Components/WouoUI_Page/WouoUI_page.h(145): warning:  #1215-D: #warning directive: "The sum of TITLE Macro Height large than BUFF Height"
  #warning "The sum of TITLE Macro Height large than BUFF Height"
../Components/WouoUI_Page/WouoUI_page.h(150): warning:  #1215-D: #warning directive: "The Indicator large than the size of icon "
  #warning "The Indicator large than the size of icon "
../Components/WouoUI_Page/WouoUI_win.h(21): warning:  #1215-D: #warning directive: "the MSG_WIN_V_S_MIN is too large"
  #warning "the MSG_WIN_V_S_MIN is too large"
../Components/WouoUI_Page/WouoUI_win.h(102): warning:  #1215-D: #warning directive: "the CONF_WIN_V_S_MIN is too large"
  #warning "the CONF_WIN_V_S_MIN is too large"
../Components/GD25QXX/lfs_port.h(22): warning:  #1-D: last line of file ends without a newline
  #endif // LFS_PORT_H
..\APP\shell_app.h(59): warning:  #1-D: last line of file ends without a newline
  #endif /* SHELL_APP_H */ 
..\APP\shell_app.h(59): warning:  #1-D: last line of file ends without a newline
  #endif /* SHELL_APP_H */ 
..\APP\waveform_analyzer_app.c(598): warning:  #550-D: variable "third_harmonic_idx"  was set but never used
      int third_harmonic_idx = 0;
..\APP\waveform_analyzer_app.c(620): warning:  #550-D: variable "fifth_harmonic_idx"  was set but never used
      int fifth_harmonic_idx = 0;
..\APP\waveform_analyzer_app.c: 9 warnings, 0 errors
compiling usart_app.c...
../Components/GD25QXX/lfs_port.h(22): warning:  #1-D: last line of file ends without a newline
  #endif // LFS_PORT_H
..\APP\shell_app.h(59): warning:  #1-D: last line of file ends without a newline
  #endif /* SHELL_APP_H */ 
../Components/WouoUI_Page/WouoUI_page.h(145): warning:  #1215-D: #warning directive: "The sum of TITLE Macro Height large than BUFF Height"
  #warning "The sum of TITLE Macro Height large than BUFF Height"
../Components/WouoUI_Page/WouoUI_page.h(150): warning:  #1215-D: #warning directive: "The Indicator large than the size of icon "
  #warning "The Indicator large than the size of icon "
../Components/WouoUI_Page/WouoUI_win.h(21): warning:  #1215-D: #warning directive: "the MSG_WIN_V_S_MIN is too large"
  #warning "the MSG_WIN_V_S_MIN is too large"
../Components/WouoUI_Page/WouoUI_win.h(102): warning:  #1215-D: #warning directive: "the CONF_WIN_V_S_MIN is too large"
  #warning "the CONF_WIN_V_S_MIN is too large"
..\APP\shell_app.h(59): warning:  #1-D: last line of file ends without a newline
  #endif /* SHELL_APP_H */ 
..\APP\usart_app.c: 7 warnings, 0 errors
compiling led_app.c...
../Components/GD25QXX/lfs_port.h(22): warning:  #1-D: last line of file ends without a newline
  #endif // LFS_PORT_H
..\APP\shell_app.h(59): warning:  #1-D: last line of file ends without a newline
  #endif /* SHELL_APP_H */ 
../Components/WouoUI_Page/WouoUI_page.h(145): warning:  #1215-D: #warning directive: "The sum of TITLE Macro Height large than BUFF Height"
  #warning "The sum of TITLE Macro Height large than BUFF Height"
../Components/WouoUI_Page/WouoUI_page.h(150): warning:  #1215-D: #warning directive: "The Indicator large than the size of icon "
  #warning "The Indicator large than the size of icon "
../Components/WouoUI_Page/WouoUI_win.h(21): warning:  #1215-D: #warning directive: "the MSG_WIN_V_S_MIN is too large"
  #warning "the MSG_WIN_V_S_MIN is too large"
../Components/WouoUI_Page/WouoUI_win.h(102): warning:  #1215-D: #warning directive: "the CONF_WIN_V_S_MIN is too large"
  #warning "the CONF_WIN_V_S_MIN is too large"
..\APP\shell_app.h(59): warning:  #1-D: last line of file ends without a newline
  #endif /* SHELL_APP_H */ 
..\APP\led_app.c: 7 warnings, 0 errors
compiling oled_app.c...
../Components/GD25QXX/lfs_port.h(22): warning:  #1-D: last line of file ends without a newline
  #endif // LFS_PORT_H
..\APP\shell_app.h(59): warning:  #1-D: last line of file ends without a newline
  #endif /* SHELL_APP_H */ 
../Components/WouoUI_Page/WouoUI_page.h(145): warning:  #1215-D: #warning directive: "The sum of TITLE Macro Height large than BUFF Height"
  #warning "The sum of TITLE Macro Height large than BUFF Height"
../Components/WouoUI_Page/WouoUI_page.h(150): warning:  #1215-D: #warning directive: "The Indicator large than the size of icon "
  #warning "The Indicator large than the size of icon "
../Components/WouoUI_Page/WouoUI_win.h(21): warning:  #1215-D: #warning directive: "the MSG_WIN_V_S_MIN is too large"
  #warning "the MSG_WIN_V_S_MIN is too large"
../Components/WouoUI_Page/WouoUI_win.h(102): warning:  #1215-D: #warning directive: "the CONF_WIN_V_S_MIN is too large"
  #warning "the CONF_WIN_V_S_MIN is too large"
..\APP\shell_app.h(59): warning:  #1-D: last line of file ends without a newline
  #endif /* SHELL_APP_H */ 
..\APP\oled_app.c: 7 warnings, 0 errors
compiling flash_app.c...
../Components/GD25QXX/lfs_port.h(22): warning:  #1-D: last line of file ends without a newline
  #endif // LFS_PORT_H
..\APP\shell_app.h(59): warning:  #1-D: last line of file ends without a newline
  #endif /* SHELL_APP_H */ 
../Components/WouoUI_Page/WouoUI_page.h(145): warning:  #1215-D: #warning directive: "The sum of TITLE Macro Height large than BUFF Height"
  #warning "The sum of TITLE Macro Height large than BUFF Height"
../Components/WouoUI_Page/WouoUI_page.h(150): warning:  #1215-D: #warning directive: "The Indicator large than the size of icon "
  #warning "The Indicator large than the size of icon "
../Components/WouoUI_Page/WouoUI_win.h(21): warning:  #1215-D: #warning directive: "the MSG_WIN_V_S_MIN is too large"
  #warning "the MSG_WIN_V_S_MIN is too large"
../Components/WouoUI_Page/WouoUI_win.h(102): warning:  #1215-D: #warning directive: "the CONF_WIN_V_S_MIN is too large"
  #warning "the CONF_WIN_V_S_MIN is too large"
..\APP\shell_app.h(59): warning:  #1-D: last line of file ends without a newline
  #endif /* SHELL_APP_H */ 
..\APP\flash_app.c(79): warning:  #1293-D: assignment in condition
          if (lfs_format(&lfs, &cfg) || (err = lfs_mount(&lfs, &cfg)))
..\APP\flash_app.c(96): warning:  #546-D: transfer of control bypasses initialization of:
            variable "boot_count"  (declared at line 103)
            variable "filename"  (declared at line 105)
            variable "r_sz"  (declared at line 113)
            variable "w_sz"  (declared at line 136)
          goto end_test;
          ^
..\APP\flash_app.c(110): warning:  #546-D: transfer of control bypasses initialization of:
            variable "r_sz"  (declared at line 113)
            variable "w_sz"  (declared at line 136)
          goto end_test;
          ^
..\APP\flash_app.c(133): warning:  #546-D: transfer of control bypasses initialization of:
            variable "w_sz"  (declared at line 136)
          goto end_test;
          ^
..\APP\flash_app.c(376): warning:  #1-D: last line of file ends without a newline
  }
..\APP\flash_app.c(251): warning:  #177-D: variable "byteswritten"  was declared but never referenced
      uint32_t byteswritten; // 写入字节计数
..\APP\flash_app.c(252): warning:  #177-D: variable "bytesread"  was declared but never referenced
      uint32_t bytesread;    // 读取字节计数
..\APP\flash_app.c: 14 warnings, 0 errors
compiling btn_app.c...
../Components/GD25QXX/lfs_port.h(22): warning:  #1-D: last line of file ends without a newline
  #endif // LFS_PORT_H
..\APP\shell_app.h(59): warning:  #1-D: last line of file ends without a newline
  #endif /* SHELL_APP_H */ 
../Components/WouoUI_Page/WouoUI_page.h(145): warning:  #1215-D: #warning directive: "The sum of TITLE Macro Height large than BUFF Height"
  #warning "The sum of TITLE Macro Height large than BUFF Height"
../Components/WouoUI_Page/WouoUI_page.h(150): warning:  #1215-D: #warning directive: "The Indicator large than the size of icon "
  #warning "The Indicator large than the size of icon "
../Components/WouoUI_Page/WouoUI_win.h(21): warning:  #1215-D: #warning directive: "the MSG_WIN_V_S_MIN is too large"
  #warning "the MSG_WIN_V_S_MIN is too large"
../Components/WouoUI_Page/WouoUI_win.h(102): warning:  #1215-D: #warning directive: "the CONF_WIN_V_S_MIN is too large"
  #warning "the CONF_WIN_V_S_MIN is too large"
..\APP\shell_app.h(59): warning:  #1-D: last line of file ends without a newline
  #endif /* SHELL_APP_H */ 
..\APP\btn_app.c(14): warning:  #177-D: variable "current_wave_type"  was declared but never referenced
  static dac_waveform_t current_wave_type = WAVEFORM_SINE;
..\APP\btn_app.c: 8 warnings, 0 errors
compiling dac_app.c...
../Components/GD25QXX/lfs_port.h(22): warning:  #1-D: last line of file ends without a newline
  #endif // LFS_PORT_H
..\APP\shell_app.h(59): warning:  #1-D: last line of file ends without a newline
  #endif /* SHELL_APP_H */ 
../Components/WouoUI_Page/WouoUI_page.h(145): warning:  #1215-D: #warning directive: "The sum of TITLE Macro Height large than BUFF Height"
  #warning "The sum of TITLE Macro Height large than BUFF Height"
../Components/WouoUI_Page/WouoUI_page.h(150): warning:  #1215-D: #warning directive: "The Indicator large than the size of icon "
  #warning "The Indicator large than the size of icon "
../Components/WouoUI_Page/WouoUI_win.h(21): warning:  #1215-D: #warning directive: "the MSG_WIN_V_S_MIN is too large"
  #warning "the MSG_WIN_V_S_MIN is too large"
../Components/WouoUI_Page/WouoUI_win.h(102): warning:  #1215-D: #warning directive: "the CONF_WIN_V_S_MIN is too large"
  #warning "the CONF_WIN_V_S_MIN is too large"
..\APP\shell_app.h(59): warning:  #1-D: last line of file ends without a newline
  #endif /* SHELL_APP_H */ 
..\APP\dac_app.c: 7 warnings, 0 errors
compiling scheduler.c...
../Components/GD25QXX/lfs_port.h(22): warning:  #1-D: last line of file ends without a newline
  #endif // LFS_PORT_H
..\APP\shell_app.h(59): warning:  #1-D: last line of file ends without a newline
  #endif /* SHELL_APP_H */ 
../Components/WouoUI_Page/WouoUI_page.h(145): warning:  #1215-D: #warning directive: "The sum of TITLE Macro Height large than BUFF Height"
  #warning "The sum of TITLE Macro Height large than BUFF Height"
../Components/WouoUI_Page/WouoUI_page.h(150): warning:  #1215-D: #warning directive: "The Indicator large than the size of icon "
  #warning "The Indicator large than the size of icon "
../Components/WouoUI_Page/WouoUI_win.h(21): warning:  #1215-D: #warning directive: "the MSG_WIN_V_S_MIN is too large"
  #warning "the MSG_WIN_V_S_MIN is too large"
../Components/WouoUI_Page/WouoUI_win.h(102): warning:  #1215-D: #warning directive: "the CONF_WIN_V_S_MIN is too large"
  #warning "the CONF_WIN_V_S_MIN is too large"
..\APP\shell_app.h(59): warning:  #1-D: last line of file ends without a newline
  #endif /* SHELL_APP_H */ 
..\APP\scheduler.c: 7 warnings, 0 errors
compiling shell_app.c...
../Components/GD25QXX/lfs_port.h(22): warning:  #1-D: last line of file ends without a newline
  #endif // LFS_PORT_H
..\APP\shell_app.h(59): warning:  #1-D: last line of file ends without a newline
  #endif /* SHELL_APP_H */ 
../Components/WouoUI_Page/WouoUI_page.h(145): warning:  #1215-D: #warning directive: "The sum of TITLE Macro Height large than BUFF Height"
  #warning "The sum of TITLE Macro Height large than BUFF Height"
../Components/WouoUI_Page/WouoUI_page.h(150): warning:  #1215-D: #warning directive: "The Indicator large than the size of icon "
  #warning "The Indicator large than the size of icon "
../Components/WouoUI_Page/WouoUI_win.h(21): warning:  #1215-D: #warning directive: "the MSG_WIN_V_S_MIN is too large"
  #warning "the MSG_WIN_V_S_MIN is too large"
../Components/WouoUI_Page/WouoUI_win.h(102): warning:  #1215-D: #warning directive: "the CONF_WIN_V_S_MIN is too large"
  #warning "the CONF_WIN_V_S_MIN is too large"
..\APP\shell_app.h(59): warning:  #1-D: last line of file ends without a newline
  #endif /* SHELL_APP_H */ 
..\APP\shell_app.c(1286): warning:  #1-D: last line of file ends without a newline
  }
..\APP\shell_app.c(51): warning:  #177-D: function "shell_handle_escape_sequence"  was declared but never referenced
  static void shell_handle_escape_sequence(uint8_t ch);
..\APP\shell_app.c(557): warning:  #177-D: function "shell_path_join"  was declared but never referenced
  static char *shell_path_join(const char *dir, const char *file)
..\APP\shell_app.c: 10 warnings, 0 errors
linking...
Program Size: Code=70344 RO-data=214824 RW-data=360 ZI-data=46760  
FromELF: creating hex file...
"GD32_Xifeng\GD32_Xifeng.axf" - 0 Error(s), 106 Warning(s).

<h2>Software Packages used:</h2>

Package Vendor: GigaDevice
                https://gd32mcu.com/data/documents/pack/GigaDevice.GD32F4xx_DFP.3.0.3.pack
                GigaDevice::GD32F4xx_DFP@3.0.3
                GigaDevice GD32F4xx Series Device Support and Examples

<h2>Collection of Component include folders:</h2>
  D:/Keil/GigaDevice/GD32F4xx_DFP/3.0.3/Device/F4XX/Include

<h2>Collection of Component Files used:</h2>
Build Time Elapsed:  00:00:46
</pre>
</body>
</html>
