Component: ARM Compiler 5.06 update 7 (build 960) Tool: armlink [4d3601]

==============================================================================

Section Cross References

    startup_stm32f429xx.o(RESET) refers to startup_stm32f429xx.o(STACK) for __initial_sp
    startup_stm32f429xx.o(RESET) refers to startup_stm32f429xx.o(.text) for Reset_Handler
    startup_stm32f429xx.o(RESET) refers to stm32f4xx_it.o(i.NMI_Handler) for NMI_Handler
    startup_stm32f429xx.o(RESET) refers to stm32f4xx_it.o(i.HardFault_Handler) for HardFault_Handler
    startup_stm32f429xx.o(RESET) refers to stm32f4xx_it.o(i.MemManage_Handler) for MemManage_Handler
    startup_stm32f429xx.o(RESET) refers to stm32f4xx_it.o(i.BusFault_Handler) for BusFault_Handler
    startup_stm32f429xx.o(RESET) refers to stm32f4xx_it.o(i.UsageFault_Handler) for UsageFault_Handler
    startup_stm32f429xx.o(RESET) refers to stm32f4xx_it.o(i.SVC_Handler) for SVC_Handler
    startup_stm32f429xx.o(RESET) refers to stm32f4xx_it.o(i.DebugMon_Handler) for DebugMon_Handler
    startup_stm32f429xx.o(RESET) refers to stm32f4xx_it.o(i.PendSV_Handler) for PendSV_Handler
    startup_stm32f429xx.o(RESET) refers to stm32f4xx_it.o(i.SysTick_Handler) for SysTick_Handler
    startup_stm32f429xx.o(RESET) refers to stm32f4xx_it.o(i.DMA1_Stream5_IRQHandler) for DMA1_Stream5_IRQHandler
    startup_stm32f429xx.o(RESET) refers to stm32f4xx_it.o(i.ADC_IRQHandler) for ADC_IRQHandler
    startup_stm32f429xx.o(RESET) refers to stm32f4xx_it.o(i.USART1_IRQHandler) for USART1_IRQHandler
    startup_stm32f429xx.o(RESET) refers to stm32f4xx_it.o(i.TIM8_TRG_COM_TIM14_IRQHandler) for TIM8_TRG_COM_TIM14_IRQHandler
    startup_stm32f429xx.o(RESET) refers to stm32f4xx_it.o(i.DMA2_Stream0_IRQHandler) for DMA2_Stream0_IRQHandler
    startup_stm32f429xx.o(RESET) refers to stm32f4xx_it.o(i.DMA2_Stream2_IRQHandler) for DMA2_Stream2_IRQHandler
    startup_stm32f429xx.o(.text) refers to system_stm32f4xx.o(i.SystemInit) for SystemInit
    startup_stm32f429xx.o(.text) refers to entry.o(.ARM.Collect$$$$00000000) for __main
    main.o(i.SystemClock_Config) refers to memseta.o(.text) for __aeabi_memclr4
    main.o(i.SystemClock_Config) refers to stm32f4xx_hal_rcc.o(i.HAL_RCC_OscConfig) for HAL_RCC_OscConfig
    main.o(i.SystemClock_Config) refers to stm32f4xx_hal_rcc.o(i.HAL_RCC_ClockConfig) for HAL_RCC_ClockConfig
    main.o(i.main) refers to stm32f4xx_hal.o(i.HAL_Init) for HAL_Init
    main.o(i.main) refers to main.o(i.SystemClock_Config) for SystemClock_Config
    main.o(i.main) refers to gpio.o(i.MX_GPIO_Init) for MX_GPIO_Init
    main.o(i.main) refers to dma.o(i.MX_DMA_Init) for MX_DMA_Init
    main.o(i.main) refers to usart.o(i.MX_USART1_UART_Init) for MX_USART1_UART_Init
    main.o(i.main) refers to adc.o(i.MX_ADC1_Init) for MX_ADC1_Init
    main.o(i.main) refers to dac.o(i.MX_DAC_Init) for MX_DAC_Init
    main.o(i.main) refers to tim.o(i.MX_TIM3_Init) for MX_TIM3_Init
    main.o(i.main) refers to tim.o(i.MX_TIM6_Init) for MX_TIM6_Init
    main.o(i.main) refers to tim.o(i.MX_TIM14_Init) for MX_TIM14_Init
    main.o(i.main) refers to i2c.o(i.MX_I2C1_Init) for MX_I2C1_Init
    main.o(i.main) refers to spi.o(i.MX_SPI2_Init) for MX_SPI2_Init
    main.o(i.main) refers to sdio.o(i.MX_SDIO_SD_Init) for MX_SDIO_SD_Init
    main.o(i.main) refers to fatfs.o(i.MX_FATFS_Init) for MX_FATFS_Init
    main.o(i.main) refers to waveform_analyzer_app.o(i.My_FFT_Init) for My_FFT_Init
    main.o(i.main) refers to ringbuffer.o(i.rt_ringbuffer_init) for rt_ringbuffer_init
    main.o(i.main) refers to btn_app.o(i.app_btn_init) for app_btn_init
    main.o(i.main) refers to oled.o(i.OLED_Init) for OLED_Init
    main.o(i.main) refers to adc_app.o(i.adc_tim_dma_init) for adc_tim_dma_init
    main.o(i.main) refers to u8g2_d_setup.o(i.u8g2_Setup_ssd1306_i2c_128x32_univision_f) for u8g2_Setup_ssd1306_i2c_128x32_univision_f
    main.o(i.main) refers to u8x8_display.o(i.u8x8_InitDisplay) for u8x8_InitDisplay
    main.o(i.main) refers to u8x8_display.o(i.u8x8_SetPowerSave) for u8x8_SetPowerSave
    main.o(i.main) refers to usart_app.o(i.my_printf) for my_printf
    main.o(i.main) refers to gd25qxx.o(i.spi_flash_init) for spi_flash_init
    main.o(i.main) refers to lfs_port.o(i.lfs_storage_init) for lfs_storage_init
    main.o(i.main) refers to flash_app.o(i.lfs_basic_test) for lfs_basic_test
    main.o(i.main) refers to shell_app.o(i.shell_init) for shell_init
    main.o(i.main) refers to shell_app.o(i.shell_set_uart) for shell_set_uart
    main.o(i.main) refers to scheduler.o(i.scheduler_init) for scheduler_init
    main.o(i.main) refers to flash_app.o(i.test_sd_fatfs) for test_sd_fatfs
    main.o(i.main) refers to scheduler.o(i.scheduler_run) for scheduler_run
    main.o(i.main) refers to usart_app.o(.bss) for ringbuffer_pool
    main.o(i.main) refers to usart_app.o(.bss) for uart_ringbuffer
    main.o(i.main) refers to oled_app.o(i.u8g2_gpio_and_delay_stm32) for u8g2_gpio_and_delay_stm32
[...]
    sqrtf                                    0x080105f9   Thumb Code    62  sqrtf.o(i.sqrtf)
    test_sd_fatfs                            0x080107d9   Thumb Code   408  flash_app.o(i.test_sd_fatfs)
    u8g2_IsIntersection                      0x08010bdd   Thumb Code    48  u8g2_intersection.o(i.u8g2_IsIntersection)
    u8g2_SetFontPosBaseline                  0x08010c0d   Thumb Code     6  u8g2_font.o(i.u8g2_SetFontPosBaseline)
    u8g2_SetMaxClipWindow                    0x08010c19   Thumb Code    28  u8g2_setup.o(i.u8g2_SetMaxClipWindow)
    u8g2_SetupBuffer                         0x08010c35   Thumb Code    70  u8g2_setup.o(i.u8g2_SetupBuffer)
    u8g2_Setup_ssd1306_i2c_128x32_univision_f 0x08010c7d   Thumb Code    42  u8g2_d_setup.o(i.u8g2_Setup_ssd1306_i2c_128x32_univision_f)
    u8g2_draw_hv_line_2dir                   0x08010d23   Thumb Code    18  u8g2_hvline.o(i.u8g2_draw_hv_line_2dir)
    u8g2_draw_l90_r0                         0x08010d35   Thumb Code    12  u8g2_setup.o(i.u8g2_draw_l90_r0)
    u8g2_font_calc_vref_font                 0x08010d41   Thumb Code     4  u8g2_font.o(i.u8g2_font_calc_vref_font)
    u8g2_gpio_and_delay_stm32                0x08010d45   Thumb Code   130  oled_app.o(i.u8g2_gpio_and_delay_stm32)
    u8g2_is_intersection_decision_tree       0x08010dc7   Thumb Code    24  u8g2_intersection.o(i.u8g2_is_intersection_decision_tree)
    u8g2_ll_hvline_vertical_top_lsb          0x08010de1   Thumb Code   144  u8g2_ll_hvline.o(i.u8g2_ll_hvline_vertical_top_lsb)
    u8g2_m_16_4_f                            0x08010e71   Thumb Code     8  u8g2_d_memory.o(i.u8g2_m_16_4_f)
    u8g2_update_dimension_r0                 0x08010ec3   Thumb Code     4  u8g2_setup.o(i.u8g2_update_dimension_r0)
    u8g2_update_page_win_r0                  0x08010ec7   Thumb Code    34  u8g2_setup.o(i.u8g2_update_page_win_r0)
    u8x8_InitDisplay                         0x08010ee9   Thumb Code    16  u8x8_display.o(i.u8x8_InitDisplay)
    u8x8_SetPowerSave                        0x08010ef9   Thumb Code    16  u8x8_display.o(i.u8x8_SetPowerSave)
    u8x8_Setup                               0x08010f09   Thumb Code    34  u8x8_setup.o(i.u8x8_Setup)
    u8x8_SetupDefaults                       0x08010f2d   Thumb Code    32  u8x8_setup.o(i.u8x8_SetupDefaults)
    u8x8_SetupMemory                         0x08010f51   Thumb Code    16  u8x8_display.o(i.u8x8_SetupMemory)
    u8x8_byte_EndTransfer                    0x08010f61   Thumb Code    16  u8x8_byte.o(i.u8x8_byte_EndTransfer)
    u8x8_byte_SendByte                       0x08010f71   Thumb Code    14  u8x8_byte.o(i.u8x8_byte_SendByte)
    u8x8_byte_StartTransfer                  0x08010f7f   Thumb Code    16  u8x8_byte.o(i.u8x8_byte_StartTransfer)
    u8x8_byte_hw_i2c                         0x08010f91   Thumb Code    92  oled_app.o(i.u8x8_byte_hw_i2c)
    u8x8_cad_EndTransfer                     0x08010ff9   Thumb Code    16  u8x8_cad.o(i.u8x8_cad_EndTransfer)
    u8x8_cad_SendArg                         0x08011009   Thumb Code    16  u8x8_cad.o(i.u8x8_cad_SendArg)
    u8x8_cad_SendCmd                         0x08011019   Thumb Code    16  u8x8_cad.o(i.u8x8_cad_SendCmd)
    u8x8_cad_SendData                        0x08011029   Thumb Code    16  u8x8_cad.o(i.u8x8_cad_SendData)
    u8x8_cad_SendSequence                    0x08011039   Thumb Code   104  u8x8_cad.o(i.u8x8_cad_SendSequence)
    u8x8_cad_StartTransfer                   0x080110a1   Thumb Code    16  u8x8_cad.o(i.u8x8_cad_StartTransfer)
    u8x8_cad_ssd13xx_fast_i2c                0x080110b1   Thumb Code   182  u8x8_cad.o(i.u8x8_cad_ssd13xx_fast_i2c)
    u8x8_d_helper_display_init               0x0801116d   Thumb Code    96  u8x8_display.o(i.u8x8_d_helper_display_init)
    u8x8_d_helper_display_setup_memory       0x080111cd   Thumb Code    10  u8x8_display.o(i.u8x8_d_helper_display_setup_memory)
    u8x8_d_ssd1306_128x32_univision          0x080112ad   Thumb Code    24  u8x8_d_ssd1306_128x32.o(i.u8x8_d_ssd1306_128x32_univision)
    u8x8_dummy_cb                            0x080112c9   Thumb Code     4  u8x8_setup.o(i.u8x8_dummy_cb)
    u8x8_gpio_call                           0x080112cd   Thumb Code    12  u8x8_gpio.o(i.u8x8_gpio_call)
    uart_task                                0x08011305   Thumb Code    52  usart_app.o(i.uart_task)
    SD_Driver                                0x08011474   Data          20  sd_diskio.o(.constdata)
    AHBPrescTable                            0x0803c070   Data          16  system_stm32f4xx.o(.constdata)
    APBPrescTable                            0x0803c080   Data           8  system_stm32f4xx.o(.constdata)
    F6X8                                     0x0803c088   Data         552  oled.o(.constdata)
    Hzk                                      0x0803c8a0   Data         128  oled.o(.constdata)
    Hzb                                      0x0803c920   Data         512  oled.o(.constdata)
    u8g2_cb_r0                               0x0803cb20   Data          12  u8g2_setup.o(.constdata)
    armBitRevTable                           0x0803d1ce   Data        2048  arm_common_tables.o(.rodata.armBitRevTable)
    twiddleCoef_4096                         0x0803d9d0   Data       32768  arm_common_tables.o(.rodata.twiddleCoef_4096)
    Region$$Table$$Base                      0x080459d0   Number         0  anon$$obj.o(Region$$Table)
    Region$$Table$$Limit                     0x080459f0   Number         0  anon$$obj.o(Region$$Table)
    retSD                                    0x20000001   Data           1  fatfs.o(.data)
    SDPath                                   0x20000002   Data           4  fatfs.o(.data)
    uwTickFreq                               0x20000010   Data           1  stm32f4xx_hal.o(.data)
    uwTickPrio                               0x20000014   Data           4  stm32f4xx_hal.o(.data)
    uwTick                                   0x20000018   Data           4  stm32f4xx_hal.o(.data)
    SystemCoreClock                          0x2000001c   Data           4  system_stm32f4xx.o(.data)
    initcmd1                                 0x20000020   Data          22  oled.o(.data)
    task_num                                 0x2000003c   Data           1  scheduler.o(.data)
    uart_rx_index                            0x2000007c   Data           2  usart_app.o(.data)
    uart_rx_ticks                            0x20000080   Data           4  usart_app.o(.data)
    ucLed                                    0x20000085   Data           6  led_app.o(.data)
    uart_send_flag                           0x2000008b   Data           1  btn_app.o(.data)
    oled_display_state                       0x2000008c   Data           1  btn_app.o(.data)
    oled_update_flag                         0x2000008d   Data           1  btn_app.o(.data)
    AdcConvEnd                               0x20000138   Data           1  adc_app.o(.data)
    wave_analysis_flag                       0x20000139   Data           1  adc_app.o(.data)
    wave_query_type                          0x2000013a   Data           1  adc_app.o(.data)
    voltage                                  0x2000013c   Data           4  adc_app.o(.data)
    __stdout                                 0x20000158   Data           4  stdout.o(.data)
    __microlib_freelist                      0x2000015c   Data           4  mvars.o(.data)
    __microlib_freelist_initialised          0x20000160   Data           4  mvars.o(.data)
    u8g2                                     0x20000168   Data         148  main.o(.bss)
    hadc1                                    0x200001fc   Data          72  adc.o(.bss)
    hdma_adc1                                0x20000244   Data          96  adc.o(.bss)
    hdac                                     0x200002a4   Data          20  dac.o(.bss)
    hdma_dac1                                0x200002b8   Data          96  dac.o(.bss)
    hi2c1                                    0x20000318   Data          84  i2c.o(.bss)
    hsd                                      0x2000036c   Data         132  sdio.o(.bss)
    hspi2                                    0x200003f0   Data          88  spi.o(.bss)
    htim3                                    0x20000448   Data          72  tim.o(.bss)
    htim6                                    0x20000490   Data          72  tim.o(.bss)
    htim14                                   0x200004d8   Data          72  tim.o(.bss)
    huart1                                   0x20000520   Data          72  usart.o(.bss)
    hdma_usart1_rx                           0x20000568   Data          96  usart.o(.bss)
    SDFatFS                                  0x200005c8   Data         564  fatfs.o(.bss)
    SDFile                                   0x200007fc   Data         560  fatfs.o(.bss)
    disk                                     0x20000a4c   Data          12  ff_gen_drv.o(.bss)
    uart_rx_buffer                           0x20000eb4   Data         128  usart_app.o(.bss)
    uart_rx_dma_buffer                       0x20000f34   Data         128  usart_app.o(.bss)
    uart_dma_buffer                          0x20000fb4   Data         128  usart_app.o(.bss)
    uart_ringbuffer                          0x20001034   Data          12  usart_app.o(.bss)
    ringbuffer_pool                          0x20001040   Data         128  usart_app.o(.bss)
    dac_val_buffer                           0x20001108   Data        4096  adc_app.o(.bss)
    res_val_buffer                           0x20002108   Data        4096  adc_app.o(.bss)
    adc_val_buffer                           0x20003108   Data        8192  adc_app.o(.bss)
    wave_data                                0x20005108   Data          56  adc_app.o(.bss)
    lfs                                      0x20005360   Data         120  flash_app.o(.bss)
    cfg                                      0x200053d8   Data          72  flash_app.o(.bss)
    scfft                                    0x200057f8   Data          20  waveform_analyzer_app.o(.bss)
    FFT_InputBuf                             0x2000580c   Data        8192  waveform_analyzer_app.o(.bss)
    FFT_OutputBuf                            0x2000780c   Data        4096  waveform_analyzer_app.o(.bss)
    __heap_base                              0x20008810   Data           0  startup_stm32f429xx.o(HEAP)
    __heap_limit                             0x20009810   Data           0  startup_stm32f429xx.o(HEAP)
    __initial_sp                             0x2000b810   Data           0  startup_stm32f429xx.o(STACK)



==============================================================================

Memory Map of the image

  Image Entry point : 0x080001ad

  Load Region LR_IROM1 (Base: 0x08000000, Size: 0x00045b58, Max: 0x00080000, ABSOLUTE, COMPRESSED[0x00045a64])

    Execution Region ER_IROM1 (Exec base: 0x08000000, Load base: 0x08000000, Size: 0x000459f0, Max: 0x00080000, ABSOLUTE)

    Exec Addr    Load Addr    Size         Type   Attr      Idx    E Section Name        Object

    0x08000000   0x08000000   0x000001ac   Data   RO            3    RESET               startup_stm32f429xx.o
    0x080001ac   0x080001ac   0x00000000   Code   RO        12902  * .ARM.Collect$$$$00000000  mc_w.l(entry.o)
    0x080001ac   0x080001ac   0x00000004   Code   RO        13263    .ARM.Collect$$$$00000001  mc_w.l(entry2.o)
    0x080001b0   0x080001b0   0x00000004   Code   RO        13266    .ARM.Collect$$$$00000004  mc_w.l(entry5.o)
    0x080001b4   0x080001b4   0x00000000   Code   RO        13268    .ARM.Collect$$$$00000008  mc_w.l(entry7b.o)
    0x080001b4   0x080001b4   0x00000000   Code   RO        13270    .ARM.Collect$$$$0000000A  mc_w.l(entry8b.o)
    0x080001b4   0x080001b4   0x00000008   Code   RO        13271    .ARM.Collect$$$$0000000B  mc_w.l(entry9a.o)
    0x080001bc   0x080001bc   0x00000004   Code   RO        13278    .ARM.Collect$$$$0000000E  mc_w.l(entry12b.o)
    0x080001c0   0x080001c0   0x00000000   Code   RO        13273    .ARM.Collect$$$$0000000F  mc_w.l(entry10a.o)
    0x080001c0   0x080001c0   0x00000000   Code   RO        13275    .ARM.Collect$$$$00000011  mc_w.l(entry11a.o)
    0x080001c0   0x080001c0   0x00000004   Code   RO        13264    .ARM.Collect$$$$00002712  mc_w.l(entry2.o)
    0x080001c4   0x080001c4   0x00000024   Code   RO            4    .text               startup_stm32f429xx.o
    0x080001e8   0x080001e8   0x00000062   Code   RO        12905    .text               mc_w.l(uldiv.o)
    0x0800024a   0x0800024a   0x00000024   Code   RO        12909    .text               mc_w.l(memcpya.o)
    0x0800026e   0x0800026e   0x00000024   Code   RO        12911    .text               mc_w.l(memseta.o)
    0x08000292   0x08000292   0x00000018   Code   RO        12913    .text               mc_w.l(strcat.o)
    0x080002aa   0x080002aa   0x00000018   Code   RO        12915    .text               mc_w.l(strncpy.o)
    0x080002c2   0x080002c2   0x00000014   Code   RO        12917    .text               mc_w.l(strchr.o)
    0x080002d6   0x080002d6   0x0000000e   Code   RO        12919    .text               mc_w.l(strlen.o)
    0x080002e4   0x080002e4   0x0000001c   Code   RO        12921    .text               mc_w.l(strcmp.o)
    0x08000300   0x08000300   0x0000001a   Code   RO        12923    .text               mc_w.l(memcmp.o)
    0x0800031a   0x0800031a   0x00000028   Code   RO        12925    .text               mc_w.l(strncat.o)
    0x08000342   0x08000342   0x00000012   Code   RO        12927    .text               mc_w.l(strcpy.o)
    0x08000354   0x08000354   0x0000001e   Code   RO        12929    .text               mc_w.l(strncmp.o)
    0x08000372   0x08000372   0x00000002   PAD
    0x08000374   0x08000374   0x00000044   Code   RO        12931    .text               mc_w.l(strtok.o)
    0x080003b8   0x080003b8   0x00000016   Code   RO        12937    .text               mc_w.l(strrchr.o)
    0x080003ce   0x080003ce   0x0000001c   Code   RO        12939    .text               mc_w.l(strspn.o)
    0x080003ea   0x080003ea   0x00000022   Code   RO        12941    .text               mc_w.l(strcspn.o)
    0x0800040c   0x0800040c   0x000000b0   Code   RO        13236    .text               mf_w.l(fadd.o)
    0x080004bc   0x080004bc   0x00000064   Code   RO        13238    .text               mf_w.l(fmul.o)
    0x08000520   0x08000520   0x0000001c   Code   RO        13240    .text               mf_w.l(ffltul.o)
    0x0800053c   0x0800053c   0x00000026   Code   RO        13242    .text               mf_w.l(f2d.o)
    0x08000562   0x08000562   0x0000002c   Code   RO        13280    .text               mc_w.l(uidiv.o)
    0x0800058e   0x0800058e   0x0000001e   Code   RO        13282    .text               mc_w.l(llshl.o)
    0x080005ac   0x080005ac   0x00000020   Code   RO        13284    .text               mc_w.l(llushr.o)
    0x080005cc   0x080005cc   0x00000000   Code   RO        13297    .text               mc_w.l(iusefp.o)
    0x080005cc   0x080005cc   0x0000006e   Code   RO        13298    .text               mf_w.l(fepilogue.o)
    0x0800063a   0x0800063a   0x0000014e   Code   RO        13300    .text               mf_w.l(dadd.o)
    0x08000788   0x08000788   0x000000e4   Code   RO        13302    .text               mf_w.l(dmul.o)
    0x0800086c   0x0800086c   0x000000de   Code   RO        13304    .text               mf_w.l(ddiv.o)
    0x0800094a   0x0800094a   0x00000030   Code   RO        13306    .text               mf_w.l(dfixul.o)
    0x0800097a   0x0800097a   0x00000002   PAD
    0x0800097c   0x0800097c   0x00000030   Code   RO        13308    .text               mf_w.l(cdrcmple.o)
    0x080009ac   0x080009ac   0x00000024   Code   RO        13310    .text               mc_w.l(init.o)
    0x080009d0   0x080009d0   0x00000024   Code   RO        13312    .text               mc_w.l(llsshr.o)
    0x080009f4   0x080009f4   0x000000ba   Code   RO        13344    .text               mf_w.l(depilogue.o)
    0x08000aae   0x08000aae   0x00000056   Code   RO        13356    .text               mc_w.l(__dczerorl2.o)
    0x08000b04   0x08000b04   0x000000ae   Code   RO        12757    .text.arm_bitreversal_f32  arm_cortexM4l_math.lib(arm_bitreversal.o)
    0x08000bb2   0x08000bb2   0x00000042   Code   RO        12732    .text.arm_cfft_radix4_f32  arm_cortexM4l_math.lib(arm_cfft_radix4_f32.o)
    0x08000bf4   0x08000bf4   0x0000007c   Code   RO        12747    .text.arm_cfft_radix4_init_f32  arm_cortexM4l_math.lib(arm_cfft_radix4_init_f32.o)
    0x08000c70   0x08000c70   0x000000e8   Code   RO        12722    .text.arm_cmplx_mag_f32  arm_cortexM4l_math.lib(arm_cmplx_mag_f32.o)
    0x08000d58   0x08000d58   0x00000568   Code   RO        12736    .text.arm_radix4_butterfly_f32  arm_cortexM4l_math.lib(arm_cfft_radix4_f32.o)
    0x080012c0   0x080012c0   0x0000059a   Code   RO        12734    .text.arm_radix4_butterfly_inverse_f32  arm_cortexM4l_math.lib(arm_cfft_radix4_f32.o)
    0x0800185a   0x0800185a   0x0000006e   Code   RO         1632    i.ADC_DMAConvCplt   stm32f4xx_hal_adc.o
    0x080018c8   0x080018c8   0x00000016   Code   RO         1633    i.ADC_DMAError      stm32f4xx_hal_adc.o
    0x080018de   0x080018de   0x0000000a   Code   RO         1634    i.ADC_DMAHalfConvCplt  stm32f4xx_hal_adc.o
    0x080018e8   0x080018e8   0x0000000c   Code   RO          725    i.ADC_IRQHandler    stm32f4xx_it.o
    0x080018f4   0x080018f4   0x00000128   Code   RO         1635    i.ADC_Init          stm32f4xx_hal_adc.o
    0x08001a1c   0x08001a1c   0x000001e8   Code   RO        12603    i.Analyze_Frequency_And_Type  waveform_analyzer_app.o
    0x08001c04   0x08001c04   0x000002b0   Code   RO        12604    i.Analyze_Harmonics  waveform_analyzer_app.o
    0x08001eb4   0x08001eb4   0x0000000c   Code   RO          864    i.BSP_SD_GetCardInfo  bsp_driver_sd.o
    0x08001ec0   0x08001ec0   0x00000018   Code   RO          865    i.BSP_SD_GetCardState  bsp_driver_sd.o
    0x08001ed8   0x08001ed8   0x00000030   Code   RO          867    i.BSP_SD_Init       bsp_driver_sd.o
    0x08001f08   0x08001f08   0x0000000e   Code   RO          868    i.BSP_SD_IsDetected  bsp_driver_sd.o
    0x08001f16   0x08001f16   0x00000002   PAD
    0x08001f18   0x08001f18   0x00000020   Code   RO          869    i.BSP_SD_ReadBlocks  bsp_driver_sd.o
    0x08001f38   0x08001f38   0x00000020   Code   RO          872    i.BSP_SD_WriteBlocks  bsp_driver_sd.o
    0x08001f58   0x08001f58   0x00000002   Code   RO          726    i.BusFault_Handler  stm32f4xx_it.o
    0x08001f5a   0x08001f5a   0x00000002   PAD
    0x08001f5c   0x08001f5c   0x00000038   Code   RO        12605    i.Calculate_Phase_Difference  waveform_analyzer_app.o
    0x08001f94   0x08001f94   0x00000010   Code   RO         3142    i.DAC_DMAConvCpltCh1  stm32f4xx_hal_dac.o
    0x08001fa4   0x08001fa4   0x00000010   Code   RO         3286    i.DAC_DMAConvCpltCh2  stm32f4xx_hal_dac_ex.o
    0x08001fb4   0x08001fb4   0x00000018   Code   RO         3143    i.DAC_DMAErrorCh1   stm32f4xx_hal_dac.o
    0x08001fcc   0x08001fcc   0x00000018   Code   RO         3287    i.DAC_DMAErrorCh2   stm32f4xx_hal_dac_ex.o
    0x08001fe4   0x08001fe4   0x0000000a   Code   RO         3144    i.DAC_DMAHalfConvCpltCh1  stm32f4xx_hal_dac.o
    0x08001fee   0x08001fee   0x0000000a   Code   RO         3288    i.DAC_DMAHalfConvCpltCh2  stm32f4xx_hal_dac_ex.o
    0x08001ff8   0x08001ff8   0x0000000c   Code   RO          727    i.DMA1_Stream5_IRQHandler  stm32f4xx_it.o
    0x08002004   0x08002004   0x0000000c   Code   RO          728    i.DMA2_Stream0_IRQHandler  stm32f4xx_it.o
    0x08002010   0x08002010   0x0000000c   Code   RO          729    i.DMA2_Stream2_IRQHandler  stm32f4xx_it.o
    0x0800201c   0x0800201c   0x00000028   Code   RO         2421    i.DMA_CalcBaseAndBitshift  stm32f4xx_hal_dma.o
    0x08002044   0x08002044   0x00000054   Code   RO         2422    i.DMA_CheckFifoParam  stm32f4xx_hal_dma.o
    0x08002098   0x08002098   0x00000028   Code   RO         2423    i.DMA_SetConfig     stm32f4xx_hal_dma.o
    0x080020c0   0x080020c0   0x00000002   Code   RO          730    i.DebugMon_Handler  stm32f4xx_it.o
    0x080020c2   0x080020c2   0x00000004   Code   RO           13    i.Error_Handler     main.o
    0x080020c6   0x080020c6   0x00000006   Code   RO         1514    i.FATFS_LinkDriver  ff_gen_drv.o
    0x080020cc   0x080020cc   0x00000044   Code   RO         1515    i.FATFS_LinkDriverEx  ff_gen_drv.o
    0x08002110   0x08002110   0x00000068   Code   RO        12606    i.GetWaveformTypeString  waveform_analyzer_app.o
    0x08002178   0x08002178   0x00000010   Code   RO        12607    i.Get_Component_Phase  waveform_analyzer_app.o
    0x08002188   0x08002188   0x00000060   Code   RO        12610    i.Get_Waveform_Info  waveform_analyzer_app.o
    0x080021e8   0x080021e8   0x000000cc   Code   RO        12611    i.Get_Waveform_Phase  waveform_analyzer_app.o
    0x080022b4   0x080022b4   0x00000098   Code   RO        12614    i.Get_Waveform_Vpp  waveform_analyzer_app.o
    0x0800234c   0x0800234c   0x00000002   Code   RO         1806    i.HAL_ADCEx_InjectedConvCpltCallback  stm32f4xx_hal_adc_ex.o
    0x0800234e   0x0800234e   0x00000002   PAD
    0x08002350   0x08002350   0x00000164   Code   RO         1637    i.HAL_ADC_ConfigChannel  stm32f4xx_hal_adc.o
    0x080024b4   0x080024b4   0x0000001c   Code   RO        12163    i.HAL_ADC_ConvCpltCallback  adc_app.o
    0x080024d0   0x080024d0   0x00000002   Code   RO         1639    i.HAL_ADC_ConvHalfCpltCallback  stm32f4xx_hal_adc.o
    0x080024d2   0x080024d2   0x00000002   Code   RO         1641    i.HAL_ADC_ErrorCallback  stm32f4xx_hal_adc.o
    0x080024d4   0x080024d4   0x0000012e   Code   RO         1645    i.HAL_ADC_IRQHandler  stm32f4xx_hal_adc.o
    0x08002602   0x08002602   0x00000054   Code   RO         1646    i.HAL_ADC_Init      stm32f4xx_hal_adc.o
    0x08002656   0x08002656   0x00000002   Code   RO         1647    i.HAL_ADC_LevelOutOfWindowCallback  stm32f4xx_hal_adc.o
    0x08002658   0x08002658   0x000000c8   Code   RO          386    i.HAL_ADC_MspInit   adc.o
    0x08002720   0x08002720   0x00000154   Code   RO         1653    i.HAL_ADC_Start_DMA  stm32f4xx_hal_adc.o
    0x08002874   0x08002874   0x0000006c   Code   RO         1656    i.HAL_ADC_Stop_DMA  stm32f4xx_hal_adc.o
    0x080028e0   0x080028e0   0x00000002   Code   RO         3289    i.HAL_DACEx_ConvCpltCallbackCh2  stm32f4xx_hal_dac_ex.o
    0x080028e2   0x080028e2   0x00000002   Code   RO         3290    i.HAL_DACEx_ConvHalfCpltCallbackCh2  stm32f4xx_hal_dac_ex.o
    0x080028e4   0x080028e4   0x00000002   Code   RO         3296    i.HAL_DACEx_ErrorCallbackCh2  stm32f4xx_hal_dac_ex.o
    0x080028e6   0x080028e6   0x0000004e   Code   RO         3145    i.HAL_DAC_ConfigChannel  stm32f4xx_hal_dac.o
    0x08002934   0x08002934   0x00000002   Code   RO         3146    i.HAL_DAC_ConvCpltCallbackCh1  stm32f4xx_hal_dac.o
    0x08002936   0x08002936   0x00000002   Code   RO         3147    i.HAL_DAC_ConvHalfCpltCallbackCh1  stm32f4xx_hal_dac.o
    0x08002938   0x08002938   0x00000002   Code   RO         3150    i.HAL_DAC_ErrorCallbackCh1  stm32f4xx_hal_dac.o
    0x0800293a   0x0800293a   0x00000028   Code   RO         3155    i.HAL_DAC_Init      stm32f4xx_hal_dac.o
    0x08002962   0x08002962   0x00000002   PAD
    0x08002964   0x08002964   0x000000a0   Code   RO          428    i.HAL_DAC_MspInit   dac.o
    0x08002a04   0x08002a04   0x000000e0   Code   RO         3160    i.HAL_DAC_Start_DMA  stm32f4xx_hal_dac.o
    0x08002ae4   0x08002ae4   0x00000052   Code   RO         3162    i.HAL_DAC_Stop_DMA  stm32f4xx_hal_dac.o
    0x08002b36   0x08002b36   0x00000092   Code   RO         2424    i.HAL_DMA_Abort     stm32f4xx_hal_dma.o
    0x08002bc8   0x08002bc8   0x00000024   Code   RO         2425    i.HAL_DMA_Abort_IT  stm32f4xx_hal_dma.o
    0x08002bec   0x08002bec   0x000001a0   Code   RO         2429    i.HAL_DMA_IRQHandler  stm32f4xx_hal_dma.o
    0x08002d8c   0x08002d8c   0x000000d4   Code   RO         2430    i.HAL_DMA_Init      stm32f4xx_hal_dma.o
    0x08002e60   0x08002e60   0x0000006e   Code   RO         2434    i.HAL_DMA_Start_IT  stm32f4xx_hal_dma.o
    0x08002ece   0x08002ece   0x00000002   PAD
    0x08002ed0   0x08002ed0   0x00000024   Code   RO         2879    i.HAL_Delay         stm32f4xx_hal.o
    0x08002ef4   0x08002ef4   0x00000234   Code   RO         2317    i.HAL_GPIO_Init     stm32f4xx_hal_gpio.o
    0x08003128   0x08003128   0x0000000a   Code   RO         2319    i.HAL_GPIO_ReadPin  stm32f4xx_hal_gpio.o
    0x08003132   0x08003132   0x0000000a   Code   RO         2321    i.HAL_GPIO_WritePin  stm32f4xx_hal_gpio.o
    0x0800313c   0x0800313c   0x0000000c   Code   RO         2887    i.HAL_GetTick       stm32f4xx_hal.o
    0x08003148   0x08003148   0x00000042   Code   RO         3819    i.HAL_I2CEx_ConfigAnalogFilter  stm32f4xx_hal_i2c_ex.o
    0x0800318a   0x0800318a   0x0000003e   Code   RO         3820    i.HAL_I2CEx_ConfigDigitalFilter  stm32f4xx_hal_i2c_ex.o
    0x080031c8   0x080031c8   0x00000188   Code   RO         3393    i.HAL_I2C_Init      stm32f4xx_hal_i2c.o
    0x08003350   0x08003350   0x0000012c   Code   RO         3406    i.HAL_I2C_Master_Transmit  stm32f4xx_hal_i2c.o
    0x0800347c   0x0800347c   0x00000130   Code   RO         3414    i.HAL_I2C_Mem_Write  stm32f4xx_hal_i2c.o
    0x080035ac   0x080035ac   0x0000006c   Code   RO          494    i.HAL_I2C_MspInit   i2c.o
    0x08003618   0x08003618   0x00000010   Code   RO         2893    i.HAL_IncTick       stm32f4xx_hal.o
    0x08003628   0x08003628   0x00000034   Code   RO         2894    i.HAL_Init          stm32f4xx_hal.o
    0x0800365c   0x0800365c   0x00000040   Code   RO         2895    i.HAL_InitTick      stm32f4xx_hal.o
    0x0800369c   0x0800369c   0x00000030   Code   RO          837    i.HAL_MspInit       stm32f4xx_hal_msp.o
    0x080036cc   0x080036cc   0x0000001a   Code   RO         2727    i.HAL_NVIC_EnableIRQ  stm32f4xx_hal_cortex.o
    0x080036e6   0x080036e6   0x00000002   PAD
    0x080036e8   0x080036e8   0x00000040   Code   RO         2733    i.HAL_NVIC_SetPriority  stm32f4xx_hal_cortex.o
    0x08003728   0x08003728   0x00000024   Code   RO         2734    i.HAL_NVIC_SetPriorityGrouping  stm32f4xx_hal_cortex.o
    0x0800374c   0x0800374c   0x00000134   Code   RO         1911    i.HAL_RCC_ClockConfig  stm32f4xx_hal_rcc.o
    0x08003880   0x08003880   0x00000020   Code   RO         1918    i.HAL_RCC_GetPCLK1Freq  stm32f4xx_hal_rcc.o
    0x080038a0   0x080038a0   0x00000020   Code   RO         1919    i.HAL_RCC_GetPCLK2Freq  stm32f4xx_hal_rcc.o
    0x080038c0   0x080038c0   0x00000064   Code   RO         1920    i.HAL_RCC_GetSysClockFreq  stm32f4xx_hal_rcc.o
    0x08003924   0x08003924   0x0000036c   Code   RO         1923    i.HAL_RCC_OscConfig  stm32f4xx_hal_rcc.o
    0x08003c90   0x08003c90   0x00000118   Code   RO         4138    i.HAL_SD_ConfigWideBusOperation  stm32f4xx_hal_sd.o
    0x08003da8   0x08003da8   0x00000198   Code   RO         4143    i.HAL_SD_GetCardCSD  stm32f4xx_hal_sd.o
    0x08003f40   0x08003f40   0x00000024   Code   RO         4144    i.HAL_SD_GetCardInfo  stm32f4xx_hal_sd.o
    0x08003f64   0x08003f64   0x0000002c   Code   RO         4145    i.HAL_SD_GetCardState  stm32f4xx_hal_sd.o
    0x08003f90   0x08003f90   0x00000036   Code   RO         4150    i.HAL_SD_Init       stm32f4xx_hal_sd.o
    0x08003fc6   0x08003fc6   0x00000002   PAD
    0x08003fc8   0x08003fc8   0x0000007c   Code   RO         4151    i.HAL_SD_InitCard   stm32f4xx_hal_sd.o
    0x08004044   0x08004044   0x00000094   Code   RO          536    i.HAL_SD_MspInit    sdio.o
    0x080040d8   0x080040d8   0x000001e0   Code   RO         4154    i.HAL_SD_ReadBlocks  stm32f4xx_hal_sd.o
    0x080042b8   0x080042b8   0x000001b0   Code   RO         4159    i.HAL_SD_WriteBlocks  stm32f4xx_hal_sd.o
    0x08004468   0x08004468   0x000000bc   Code   RO         4389    i.HAL_SPI_Init      stm32f4xx_hal_spi.o
    0x08004524   0x08004524   0x0000006c   Code   RO          578    i.HAL_SPI_MspInit   spi.o
    0x08004590   0x08004590   0x000001f0   Code   RO         4398    i.HAL_SPI_TransmitReceive  stm32f4xx_hal_spi.o
    0x08004780   0x08004780   0x00000028   Code   RO         2738    i.HAL_SYSTICK_Config  stm32f4xx_hal_cortex.o
    0x080047a8   0x080047a8   0x00000002   Code   RO         5406    i.HAL_TIMEx_BreakCallback  stm32f4xx_hal_tim_ex.o
    0x080047aa   0x080047aa   0x00000002   Code   RO         5407    i.HAL_TIMEx_CommutCallback  stm32f4xx_hal_tim_ex.o
    0x080047ac   0x080047ac   0x00000090   Code   RO         5425    i.HAL_TIMEx_MasterConfigSynchronization  stm32f4xx_hal_tim_ex.o
    0x0800483c   0x0800483c   0x0000005a   Code   RO         4702    i.HAL_TIM_Base_Init  stm32f4xx_hal_tim.o
    0x08004896   0x08004896   0x00000002   PAD
    0x08004898   0x08004898   0x00000070   Code   RO          620    i.HAL_TIM_Base_MspInit  tim.o
    0x08004908   0x08004908   0x00000078   Code   RO         4705    i.HAL_TIM_Base_Start  stm32f4xx_hal_tim.o
    0x08004980   0x08004980   0x00000080   Code   RO         4707    i.HAL_TIM_Base_Start_IT  stm32f4xx_hal_tim.o
    0x08004a00   0x08004a00   0x00000026   Code   RO         4708    i.HAL_TIM_Base_Stop  stm32f4xx_hal_tim.o
    0x08004a26   0x08004a26   0x000000dc   Code   RO         4711    i.HAL_TIM_ConfigClockSource  stm32f4xx_hal_tim.o
    0x08004b02   0x08004b02   0x00000026   Code   RO         4733    i.HAL_TIM_GenerateEvent  stm32f4xx_hal_tim.o
    0x08004b28   0x08004b28   0x00000002   Code   RO         4736    i.HAL_TIM_IC_CaptureCallback  stm32f4xx_hal_tim.o
    0x08004b2a   0x08004b2a   0x00000130   Code   RO         4750    i.HAL_TIM_IRQHandler  stm32f4xx_hal_tim.o
    0x08004c5a   0x08004c5a   0x00000002   Code   RO         4753    i.HAL_TIM_OC_DelayElapsedCallback  stm32f4xx_hal_tim.o
    0x08004c5c   0x08004c5c   0x00000002   Code   RO         4780    i.HAL_TIM_PWM_PulseFinishedCallback  stm32f4xx_hal_tim.o
    0x08004c5e   0x08004c5e   0x00000002   PAD
    0x08004c60   0x08004c60   0x00000018   Code   RO        12095    i.HAL_TIM_PeriodElapsedCallback  btn_app.o
    0x08004c78   0x08004c78   0x00000002   Code   RO         4793    i.HAL_TIM_TriggerCallback  stm32f4xx_hal_tim.o
    0x08004c7a   0x08004c7a   0x0000004e   Code   RO         5683    i.HAL_UARTEx_ReceiveToIdle_DMA  stm32f4xx_hal_uart.o
    0x08004cc8   0x08004cc8   0x0000004c   Code   RO        11980    i.HAL_UARTEx_RxEventCallback  usart_app.o
    0x08004d14   0x08004d14   0x00000070   Code   RO         5697    i.HAL_UART_DMAStop  stm32f4xx_hal_uart.o
    0x08004d84   0x08004d84   0x00000002   Code   RO         5699    i.HAL_UART_ErrorCallback  stm32f4xx_hal_uart.o
    0x08004d86   0x08004d86   0x00000002   PAD
    0x08004d88   0x08004d88   0x00000270   Code   RO         5702    i.HAL_UART_IRQHandler  stm32f4xx_hal_uart.o
    0x08004ff8   0x08004ff8   0x00000064   Code   RO         5703    i.HAL_UART_Init     stm32f4xx_hal_uart.o
    0x0800505c   0x0800505c   0x000000b0   Code   RO          674    i.HAL_UART_MspInit  usart.o
    0x0800510c   0x0800510c   0x0000001c   Code   RO         5708    i.HAL_UART_Receive_IT  stm32f4xx_hal_uart.o
    0x08005128   0x08005128   0x0000003c   Code   RO        11981    i.HAL_UART_RxCpltCallback  usart_app.o
    0x08005164   0x08005164   0x00000002   Code   RO         5710    i.HAL_UART_RxHalfCpltCallback  stm32f4xx_hal_uart.o
    0x08005166   0x08005166   0x000000a0   Code   RO         5711    i.HAL_UART_Transmit  stm32f4xx_hal_uart.o
    0x08005206   0x08005206   0x00000002   Code   RO         5714    i.HAL_UART_TxCpltCallback  stm32f4xx_hal_uart.o
    0x08005208   0x08005208   0x00000002   Code   RO          731    i.HardFault_Handler  stm32f4xx_it.o
    0x0800520a   0x0800520a   0x0000002e   Code   RO         3436    i.I2C_IsAcknowledgeFailed  stm32f4xx_hal_i2c.o
    0x08005238   0x08005238   0x0000009c   Code   RO         3440    i.I2C_MasterRequestWrite  stm32f4xx_hal_i2c.o
    0x080052d4   0x080052d4   0x000000a8   Code   RO         3447    i.I2C_RequestMemoryWrite  stm32f4xx_hal_i2c.o
    0x0800537c   0x0800537c   0x00000056   Code   RO         3451    i.I2C_WaitOnBTFFlagUntilTimeout  stm32f4xx_hal_i2c.o
    0x080053d2   0x080053d2   0x00000002   PAD
    0x080053d4   0x080053d4   0x00000090   Code   RO         3452    i.I2C_WaitOnFlagUntilTimeout  stm32f4xx_hal_i2c.o
    0x08005464   0x08005464   0x000000bc   Code   RO         3453    i.I2C_WaitOnMasterAddressFlagUntilTimeout  stm32f4xx_hal_i2c.o
    0x08005520   0x08005520   0x00000056   Code   RO         3455    i.I2C_WaitOnTXEFlagUntilTimeout  stm32f4xx_hal_i2c.o
    0x08005576   0x08005576   0x00000002   PAD
    0x08005578   0x08005578   0x00000074   Code   RO          387    i.MX_ADC1_Init      adc.o
    0x080055ec   0x080055ec   0x0000003c   Code   RO          429    i.MX_DAC_Init       dac.o
    0x08005628   0x08005628   0x0000005c   Code   RO          469    i.MX_DMA_Init       dma.o
    0x08005684   0x08005684   0x0000001c   Code   RO         1042    i.MX_FATFS_Init     fatfs.o
    0x080056a0   0x080056a0   0x0000010c   Code   RO          361    i.MX_GPIO_Init      gpio.o
    0x080057ac   0x080057ac   0x0000005c   Code   RO          495    i.MX_I2C1_Init      i2c.o
    0x08005808   0x08005808   0x00000020   Code   RO          537    i.MX_SDIO_SD_Init   sdio.o
    0x08005828   0x08005828   0x00000048   Code   RO          579    i.MX_SPI2_Init      spi.o
    0x08005870   0x08005870   0x00000038   Code   RO          621    i.MX_TIM14_Init     tim.o
    0x080058a8   0x080058a8   0x00000068   Code   RO          622    i.MX_TIM3_Init      tim.o
    0x08005910   0x08005910   0x00000048   Code   RO          623    i.MX_TIM6_Init      tim.o
    0x08005958   0x08005958   0x00000050   Code   RO          675    i.MX_USART1_UART_Init  usart.o
    0x080059a8   0x080059a8   0x000000c0   Code   RO        12615    i.Map_FFT_To_Input_Frequency  waveform_analyzer_app.o
    0x08005a68   0x08005a68   0x000000f4   Code   RO        12616    i.Map_Input_To_FFT_Frequency  waveform_analyzer_app.o
    0x08005b5c   0x08005b5c   0x00000002   Code   RO          732    i.MemManage_Handler  stm32f4xx_it.o
    0x08005b5e   0x08005b5e   0x00000002   PAD
    0x08005b60   0x08005b60   0x00000010   Code   RO        12617    i.My_FFT_Init       waveform_analyzer_app.o
    0x08005b70   0x08005b70   0x00000002   Code   RO          733    i.NMI_Handler       stm32f4xx_it.o
    0x08005b72   0x08005b72   0x00000034   Code   RO         6254    i.OLED_Clear        oled.o
    0x08005ba6   0x08005ba6   0x00000002   PAD
    0x08005ba8   0x08005ba8   0x00000030   Code   RO         6257    i.OLED_Init         oled.o
    0x08005bd8   0x08005bd8   0x00000022   Code   RO         6258    i.OLED_Set_Position  oled.o
    0x08005bfa   0x08005bfa   0x00000002   PAD
    0x08005bfc   0x08005bfc   0x00000088   Code   RO         6259    i.OLED_ShowChar     oled.o
    0x08005c84   0x08005c84   0x00000036   Code   RO         6265    i.OLED_ShowStr      oled.o
    0x08005cba   0x08005cba   0x00000002   PAD
    0x08005cbc   0x08005cbc   0x00000024   Code   RO         6266    i.OLED_Write_cmd    oled.o
    0x08005ce0   0x08005ce0   0x00000024   Code   RO         6267    i.OLED_Write_data   oled.o
    0x08005d04   0x08005d04   0x00000002   Code   RO          734    i.PendSV_Handler    stm32f4xx_it.o
    0x08005d06   0x08005d06   0x00000024   Code   RO         3849    i.SDIO_ConfigData   stm32f4xx_ll_sdmmc.o
    0x08005d2a   0x08005d2a   0x00000008   Code   RO         3853    i.SDIO_GetPowerState  stm32f4xx_ll_sdmmc.o
    0x08005d32   0x08005d32   0x00000006   Code   RO         3854    i.SDIO_GetResponse  stm32f4xx_ll_sdmmc.o
    0x08005d38   0x08005d38   0x00000024   Code   RO         3855    i.SDIO_Init         stm32f4xx_ll_sdmmc.o
    0x08005d5c   0x08005d5c   0x00000008   Code   RO         3857    i.SDIO_PowerState_ON  stm32f4xx_ll_sdmmc.o
    0x08005d64   0x08005d64   0x00000006   Code   RO         3858    i.SDIO_ReadFIFO     stm32f4xx_ll_sdmmc.o
    0x08005d6a   0x08005d6a   0x00000020   Code   RO         3859    i.SDIO_SendCommand  stm32f4xx_ll_sdmmc.o
    0x08005d8a   0x08005d8a   0x0000000a   Code   RO         3861    i.SDIO_WriteFIFO    stm32f4xx_ll_sdmmc.o
    0x08005d94   0x08005d94   0x00000032   Code   RO         3862    i.SDMMC_CmdAppCommand  stm32f4xx_ll_sdmmc.o
    0x08005dc6   0x08005dc6   0x00000002   PAD
    0x08005dc8   0x08005dc8   0x00000034   Code   RO         3863    i.SDMMC_CmdAppOperCommand  stm32f4xx_ll_sdmmc.o
    0x08005dfc   0x08005dfc   0x00000032   Code   RO         3864    i.SDMMC_CmdBlockLength  stm32f4xx_ll_sdmmc.o
    0x08005e2e   0x08005e2e   0x00000032   Code   RO         3865    i.SDMMC_CmdBusWidth  stm32f4xx_ll_sdmmc.o
    0x08005e60   0x08005e60   0x00000050   Code   RO         3869    i.SDMMC_CmdGoIdleState  stm32f4xx_ll_sdmmc.o
    0x08005eb0   0x08005eb0   0x00000030   Code   RO         3871    i.SDMMC_CmdOperCond  stm32f4xx_ll_sdmmc.o
    0x08005ee0   0x08005ee0   0x00000032   Code   RO         3872    i.SDMMC_CmdReadMultiBlock  stm32f4xx_ll_sdmmc.o
    0x08005f12   0x08005f12   0x00000032   Code   RO         3873    i.SDMMC_CmdReadSingleBlock  stm32f4xx_ll_sdmmc.o
    0x08005f44   0x08005f44   0x00000032   Code   RO         3876    i.SDMMC_CmdSelDesel  stm32f4xx_ll_sdmmc.o
    0x08005f76   0x08005f76   0x0000002c   Code   RO         3877    i.SDMMC_CmdSendCID  stm32f4xx_ll_sdmmc.o
    0x08005fa2   0x08005fa2   0x0000002c   Code   RO         3878    i.SDMMC_CmdSendCSD  stm32f4xx_ll_sdmmc.o
    0x08005fce   0x08005fce   0x00000030   Code   RO         3880    i.SDMMC_CmdSendSCR  stm32f4xx_ll_sdmmc.o
    0x08005ffe   0x08005ffe   0x00000032   Code   RO         3881    i.SDMMC_CmdSendStatus  stm32f4xx_ll_sdmmc.o
    0x08006030   0x08006030   0x00000030   Code   RO         3882    i.SDMMC_CmdSetRelAdd  stm32f4xx_ll_sdmmc.o
    0x08006060   0x08006060   0x00000034   Code   RO         3885    i.SDMMC_CmdStopTransfer  stm32f4xx_ll_sdmmc.o
    0x08006094   0x08006094   0x00000032   Code   RO         3887    i.SDMMC_CmdWriteMultiBlock  stm32f4xx_ll_sdmmc.o
    0x080060c6   0x080060c6   0x00000032   Code   RO         3888    i.SDMMC_CmdWriteSingleBlock  stm32f4xx_ll_sdmmc.o
    0x080060f8   0x080060f8   0x00000120   Code   RO         3889    i.SDMMC_GetCmdResp1  stm32f4xx_ll_sdmmc.o
    0x08006218   0x08006218   0x00000050   Code   RO         3890    i.SDMMC_GetCmdResp2  stm32f4xx_ll_sdmmc.o
    0x08006268   0x08006268   0x00000044   Code   RO         3891    i.SDMMC_GetCmdResp3  stm32f4xx_ll_sdmmc.o
    0x080062ac   0x080062ac   0x00000088   Code   RO         3892    i.SDMMC_GetCmdResp6  stm32f4xx_ll_sdmmc.o
    0x08006334   0x08006334   0x00000058   Code   RO         3893    i.SDMMC_GetCmdResp7  stm32f4xx_ll_sdmmc.o
    0x0800638c   0x0800638c   0x00000020   Code   RO          982    i.SD_CheckStatus    sd_diskio.o
    0x080063ac   0x080063ac   0x000000e0   Code   RO         4167    i.SD_FindSCR        stm32f4xx_hal_sd.o
    0x0800648c   0x0800648c   0x000000ee   Code   RO         4168    i.SD_InitCard       stm32f4xx_hal_sd.o
    0x0800657a   0x0800657a   0x00000002   PAD
    0x0800657c   0x0800657c   0x000000b4   Code   RO         4169    i.SD_PowerON        stm32f4xx_hal_sd.o
    0x08006630   0x08006630   0x00000020   Code   RO          983    i.SD_initialize     sd_diskio.o
    0x08006650   0x08006650   0x00000068   Code   RO          984    i.SD_ioctl          sd_diskio.o
    0x080066b8   0x080066b8   0x00000020   Code   RO          985    i.SD_read           sd_diskio.o
    0x080066d8   0x080066d8   0x00000004   Code   RO          986    i.SD_status         sd_diskio.o
    0x080066dc   0x080066dc   0x00000020   Code   RO          987    i.SD_write          sd_diskio.o
    0x080066fc   0x080066fc   0x0000006c   Code   RO         4427    i.SPI_EndRxTxTransaction  stm32f4xx_hal_spi.o
    0x08006768   0x08006768   0x000000b8   Code   RO         4432    i.SPI_WaitFlagStateUntilTimeout  stm32f4xx_hal_spi.o
    0x08006820   0x08006820   0x00000002   Code   RO          735    i.SVC_Handler       stm32f4xx_it.o
    0x08006822   0x08006822   0x00000004   Code   RO          736    i.SysTick_Handler   stm32f4xx_it.o
    0x08006826   0x08006826   0x00000002   PAD
    0x08006828   0x08006828   0x00000098   Code   RO           14    i.SystemClock_Config  main.o
    0x080068c0   0x080068c0   0x00000010   Code   RO         6037    i.SystemInit        system_stm32f4xx.o
    0x080068d0   0x080068d0   0x0000000c   Code   RO          737    i.TIM8_TRG_COM_TIM14_IRQHandler  stm32f4xx_it.o
    0x080068dc   0x080068dc   0x000000d8   Code   RO         4795    i.TIM_Base_SetConfig  stm32f4xx_hal_tim.o
    0x080069b4   0x080069b4   0x00000014   Code   RO         4806    i.TIM_ETR_SetConfig  stm32f4xx_hal_tim.o
    0x080069c8   0x080069c8   0x00000010   Code   RO         4807    i.TIM_ITRx_SetConfig  stm32f4xx_hal_tim.o
    0x080069d8   0x080069d8   0x00000022   Code   RO         4813    i.TIM_TI1_ConfigInputStage  stm32f4xx_hal_tim.o
    0x080069fa   0x080069fa   0x00000024   Code   RO         4815    i.TIM_TI2_ConfigInputStage  stm32f4xx_hal_tim.o
    0x08006a1e   0x08006a1e   0x00000010   Code   RO         5716    i.UART_DMAAbortOnError  stm32f4xx_hal_uart.o
    0x08006a2e   0x08006a2e   0x0000004a   Code   RO         5717    i.UART_DMAError     stm32f4xx_hal_uart.o
    0x08006a78   0x08006a78   0x00000086   Code   RO         5718    i.UART_DMAReceiveCplt  stm32f4xx_hal_uart.o
    0x08006afe   0x08006afe   0x0000001e   Code   RO         5720    i.UART_DMARxHalfCplt  stm32f4xx_hal_uart.o
    0x08006b1c   0x08006b1c   0x0000004e   Code   RO         5726    i.UART_EndRxTransfer  stm32f4xx_hal_uart.o
    0x08006b6a   0x08006b6a   0x0000001c   Code   RO         5727    i.UART_EndTxTransfer  stm32f4xx_hal_uart.o
    0x08006b86   0x08006b86   0x000000c2   Code   RO         5728    i.UART_Receive_IT   stm32f4xx_hal_uart.o
    0x08006c48   0x08006c48   0x0000010c   Code   RO         5729    i.UART_SetConfig    stm32f4xx_hal_uart.o
    0x08006d54   0x08006d54   0x00000090   Code   RO         5730    i.UART_Start_Receive_DMA  stm32f4xx_hal_uart.o
    0x08006de4   0x08006de4   0x00000036   Code   RO         5731    i.UART_Start_Receive_IT  stm32f4xx_hal_uart.o
    0x08006e1a   0x08006e1a   0x00000072   Code   RO         5732    i.UART_WaitOnFlagUntilTimeout  stm32f4xx_hal_uart.o
    0x08006e8c   0x08006e8c   0x0000000c   Code   RO          738    i.USART1_IRQHandler  stm32f4xx_it.o
    0x08006e98   0x08006e98   0x00000002   Code   RO          739    i.UsageFault_Handler  stm32f4xx_it.o
    0x08006e9a   0x08006e9a   0x00000002   PAD
    0x08006e9c   0x08006e9c   0x00000020   Code   RO        13178    i.__0printf         mc_w.l(printfa.o)
    0x08006ebc   0x08006ebc   0x00000034   Code   RO        13179    i.__0snprintf       mc_w.l(printfa.o)
    0x08006ef0   0x08006ef0   0x00000028   Code   RO        13180    i.__0sprintf        mc_w.l(printfa.o)
    0x08006f18   0x08006f18   0x00000034   Code   RO        13183    i.__0vsnprintf      mc_w.l(printfa.o)
    0x08006f4c   0x08006f4c   0x00000026   Code   RO        13244    i.__ARM_fpclassifyf  m_wm.l(fpclassifyf.o)
    0x08006f72   0x08006f72   0x00000020   Code   RO         2740    i.__NVIC_SetPriority  stm32f4xx_hal_cortex.o
    0x08006f92   0x08006f92   0x00000002   PAD
    0x08006f94   0x08006f94   0x000002ac   Code   RO        12866    i.__hardfp_atan2f   m_wm.l(atan2f.o)
    0x08007240   0x08007240   0x00000190   Code   RO        12878    i.__hardfp_sinf     m_wm.l(sinf.o)
    0x080073d0   0x080073d0   0x0000003a   Code   RO        12890    i.__hardfp_sqrtf    m_wm.l(sqrtf.o)
    0x0800740a   0x0800740a   0x00000006   Code   RO        13247    i.__mathlib_flt_infnan  m_wm.l(funder.o)
    0x08007410   0x08007410   0x00000006   Code   RO        13248    i.__mathlib_flt_infnan2  m_wm.l(funder.o)
    0x08007416   0x08007416   0x00000002   PAD
    0x08007418   0x08007418   0x00000010   Code   RO        13249    i.__mathlib_flt_invalid  m_wm.l(funder.o)
    0x08007428   0x08007428   0x00000010   Code   RO        13252    i.__mathlib_flt_underflow  m_wm.l(funder.o)
    0x08007438   0x08007438   0x00000154   Code   RO        13260    i.__mathlib_rredf2  m_wm.l(rredf.o)
    0x0800758c   0x0800758c   0x0000000e   Code   RO        13350    i.__scatterload_copy  mc_w.l(handlers.o)
    0x0800759a   0x0800759a   0x00000002   Code   RO        13351    i.__scatterload_null  mc_w.l(handlers.o)
    0x0800759c   0x0800759c   0x0000000e   Code   RO        13352    i.__scatterload_zeroinit  mc_w.l(handlers.o)
    0x080075aa   0x080075aa   0x00000002   PAD
    0x080075ac   0x080075ac   0x0000000c   Code   RO        13290    i.__set_errno       mc_w.l(errno.o)
    0x080075b8   0x080075b8   0x00000184   Code   RO        13185    i._fp_digits        mc_w.l(printfa.o)
    0x0800773c   0x0800773c   0x000006b4   Code   RO        13186    i._printf_core      mc_w.l(printfa.o)
    0x08007df0   0x08007df0   0x00000024   Code   RO        13187    i._printf_post_padding  mc_w.l(printfa.o)
    0x08007e14   0x08007e14   0x0000002e   Code   RO        13188    i._printf_pre_padding  mc_w.l(printfa.o)
    0x08007e42   0x08007e42   0x00000016   Code   RO        13189    i._snputc           mc_w.l(printfa.o)
    0x08007e58   0x08007e58   0x0000000a   Code   RO        13190    i._sputc            mc_w.l(printfa.o)
    0x08007e62   0x08007e62   0x00000002   PAD
    0x08007e64   0x08007e64   0x0000021c   Code   RO        12164    i.adc_task          adc_app.o
    0x08008080   0x08008080   0x00000034   Code   RO        12165    i.adc_tim_dma_init  adc_app.o
    0x080080b4   0x080080b4   0x00000030   Code   RO        12096    i.app_btn_init      btn_app.o
    0x080080e4   0x080080e4   0x00000026   Code   RO         6071    i.bit_array_and     ebtn.o
    0x0800810a   0x0800810a   0x0000001e   Code   RO         6072    i.bit_array_assign  ebtn.o
    0x08008128   0x08008128   0x0000000c   Code   RO         6073    i.bit_array_cmp     ebtn.o
    0x08008134   0x08008134   0x00000012   Code   RO         6074    i.bit_array_get     ebtn.o
    0x08008146   0x08008146   0x00000002   PAD
    0x08008148   0x08008148   0x00000026   Code   RO         6075    i.bit_array_or      ebtn.o
    0x0800816e   0x0800816e   0x00000002   Code   RO        12097    i.btn_task          btn_app.o
    0x08008170   0x08008170   0x00000074   Code   RO         1135    i.check_fs          ff.o
    0x080081e4   0x080081e4   0x00000010   Code   RO         1136    i.chk_chr           ff.o
    0x080081f4   0x080081f4   0x00000070   Code   RO         1137    i.chk_lock          ff.o
    0x08008264   0x08008264   0x00000024   Code   RO         1138    i.clear_lock        ff.o
    0x08008288   0x08008288   0x00000028   Code   RO         1139    i.clmt_clust        ff.o
    0x080082b0   0x080082b0   0x00000018   Code   RO         1140    i.clust2sect        ff.o
    0x080082c8   0x080082c8   0x000000e8   Code   RO        12445    i.cmd_cat           shell_app.o
    0x080083b0   0x080083b0   0x000001ec   Code   RO        12446    i.cmd_cd            shell_app.o
    0x0800859c   0x0800859c   0x00000014   Code   RO        12447    i.cmd_clear         shell_app.o
    0x080085b0   0x080085b0   0x000001b8   Code   RO        12448    i.cmd_cp            shell_app.o
    0x08008768   0x08008768   0x00000044   Code   RO        12449    i.cmd_echo          shell_app.o
    0x080087ac   0x080087ac   0x00000058   Code   RO        12450    i.cmd_help          shell_app.o
    0x08008804   0x08008804   0x000003bc   Code   RO        12451    i.cmd_ls            shell_app.o
    0x08008bc0   0x08008bc0   0x000000b4   Code   RO        12452    i.cmd_mkdir         shell_app.o
    0x08008c74   0x08008c74   0x000000c4   Code   RO        12453    i.cmd_mv            shell_app.o
    0x08008d38   0x08008d38   0x0000001c   Code   RO        12454    i.cmd_pwd           shell_app.o
    0x08008d54   0x08008d54   0x00000118   Code   RO        12455    i.cmd_rm            shell_app.o
    0x08008e6c   0x08008e6c   0x000000b8   Code   RO        12456    i.cmd_touch         shell_app.o
    0x08008f24   0x08008f24   0x00000170   Code   RO        12457    i.cmd_write         shell_app.o
    0x08009094   0x08009094   0x00000098   Code   RO         1141    i.cmp_lfn           ff.o
    0x0800912c   0x0800912c   0x000000ba   Code   RO         1142    i.create_chain      ff.o
    0x080091e6   0x080091e6   0x00000002   PAD
    0x080091e8   0x080091e8   0x00000258   Code   RO         1143    i.create_name       ff.o
    0x08009440   0x08009440   0x00000050   Code   RO        12209    i.dac_app_get_adc_sampling_interval_us  dac_app.o
    0x08009490   0x08009490   0x0000000c   Code   RO        12211    i.dac_app_get_update_frequency  dac_app.o
    0x0800949c   0x0800949c   0x00000068   Code   RO        12214    i.dac_app_set_amplitude  dac_app.o
    0x08009504   0x08009504   0x00000030   Code   RO         1144    i.dec_lock          ff.o
    0x08009534   0x08009534   0x0000004a   Code   RO         1145    i.dir_alloc         ff.o
    0x0800957e   0x0800957e   0x000000de   Code   RO         1146    i.dir_find          ff.o
    0x0800965c   0x0800965c   0x00000126   Code   RO         1147    i.dir_next          ff.o
    0x08009782   0x08009782   0x000000c4   Code   RO         1148    i.dir_read          ff.o
    0x08009846   0x08009846   0x00000002   PAD
    0x08009848   0x08009848   0x0000013c   Code   RO         1149    i.dir_register      ff.o
    0x08009984   0x08009984   0x000000a4   Code   RO         1151    i.dir_sdi           ff.o
    0x08009a28   0x08009a28   0x0000002c   Code   RO         1080    i.disk_initialize   diskio.o
    0x08009a54   0x08009a54   0x0000001c   Code   RO         1081    i.disk_ioctl        diskio.o
    0x08009a70   0x08009a70   0x00000020   Code   RO         1082    i.disk_read         diskio.o
    0x08009a90   0x08009a90   0x00000018   Code   RO         1083    i.disk_status       diskio.o
    0x08009aa8   0x08009aa8   0x00000020   Code   RO         1084    i.disk_write        diskio.o
    0x08009ac8   0x08009ac8   0x00000054   Code   RO         6087    i.ebtn_init         ebtn.o
    0x08009b1c   0x08009b1c   0x00000064   Code   RO         6091    i.ebtn_process      ebtn.o
    0x08009b80   0x08009b80   0x00000034   Code   RO         6092    i.ebtn_process_btn  ebtn.o
    0x08009bb4   0x08009bb4   0x000000b6   Code   RO         6093    i.ebtn_process_btn_combo  ebtn.o
    0x08009c6a   0x08009c6a   0x00000002   PAD
    0x08009c6c   0x08009c6c   0x00000158   Code   RO         6094    i.ebtn_process_with_curr_state  ebtn.o
    0x08009dc4   0x08009dc4   0x00000028   Code   RO         1152    i.enq_lock          ff.o
    0x08009dec   0x08009dec   0x0000002a   Code   RO         1153    i.f_close           ff.o
    0x08009e16   0x08009e16   0x00000024   Code   RO         1154    i.f_closedir        ff.o
    0x08009e3a   0x08009e3a   0x0000017c   Code   RO         1158    i.f_mkdir           ff.o
    0x08009fb6   0x08009fb6   0x00000002   PAD
    0x08009fb8   0x08009fb8   0x00000068   Code   RO         1160    i.f_mount           ff.o
    0x0800a020   0x0800a020   0x00000236   Code   RO         1161    i.f_open            ff.o
    0x0800a256   0x0800a256   0x000000ac   Code   RO         1162    i.f_opendir         ff.o
    0x0800a302   0x0800a302   0x00000188   Code   RO         1166    i.f_read            ff.o
    0x0800a48a   0x0800a48a   0x0000006a   Code   RO         1167    i.f_readdir         ff.o
    0x0800a4f4   0x0800a4f4   0x0000009a   Code   RO         1170    i.f_sync            ff.o
    0x0800a58e   0x0800a58e   0x000001c4   Code   RO         1173    i.f_write           ff.o
    0x0800a752   0x0800a752   0x00000002   PAD
    0x0800a754   0x0800a754   0x00000060   Code   RO         1600    i.ff_convert        cc936.o
    0x0800a7b4   0x0800a7b4   0x00000004   Code   RO         1564    i.ff_memalloc       syscall.o
    0x0800a7b8   0x0800a7b8   0x00000004   Code   RO         1565    i.ff_memfree        syscall.o
    0x0800a7bc   0x0800a7bc   0x000000a4   Code   RO         1601    i.ff_wtoupper       cc936.o
    0x0800a860   0x0800a860   0x000002dc   Code   RO         1174    i.find_volume       ff.o
    0x0800ab3c   0x0800ab3c   0x00000086   Code   RO         1175    i.follow_path       ff.o
    0x0800abc2   0x0800abc2   0x00000002   PAD
    0x0800abc4   0x0800abc4   0x00000018   Code   RO          676    i.fputc             usart.o
    0x0800abdc   0x0800abdc   0x00000050   Code   RO        13206    i.free              mc_w.l(malloc.o)
    0x0800ac2c   0x0800ac2c   0x000000a6   Code   RO         1176    i.gen_numname       ff.o
    0x0800acd2   0x0800acd2   0x00000002   PAD
    0x0800acd4   0x0800acd4   0x000000dc   Code   RO        12218    i.generate_sine     dac_app.o
    0x0800adb0   0x0800adb0   0x0000007c   Code   RO        12219    i.generate_square   dac_app.o
    0x0800ae2c   0x0800ae2c   0x00000130   Code   RO        12220    i.generate_triangle  dac_app.o
    0x0800af5c   0x0800af5c   0x00000020   Code   RO        12221    i.generate_waveform  dac_app.o
    0x0800af7c   0x0800af7c   0x000000c4   Code   RO         1177    i.get_fat           ff.o
    0x0800b040   0x0800b040   0x00000004   Code   RO         1043    i.get_fattime       fatfs.o
    0x0800b044   0x0800b044   0x00000110   Code   RO         1178    i.get_fileinfo      ff.o
    0x0800b154   0x0800b154   0x0000004e   Code   RO         1179    i.get_ldnumber      ff.o
    0x0800b1a2   0x0800b1a2   0x00000002   PAD
    0x0800b1a4   0x0800b1a4   0x00000094   Code   RO         1180    i.inc_lock          ff.o
    0x0800b238   0x0800b238   0x00000026   Code   RO         1181    i.ld_clust          ff.o
    0x0800b25e   0x0800b25e   0x00000016   Code   RO         1182    i.ld_dword          ff.o
    0x0800b274   0x0800b274   0x0000000a   Code   RO         1183    i.ld_word           ff.o
    0x0800b27e   0x0800b27e   0x00000002   PAD
    0x0800b280   0x0800b280   0x0000004c   Code   RO        12039    i.led_blink_process  led_app.o
    0x0800b2cc   0x0800b2cc   0x0000007c   Code   RO        12042    i.led_disp          led_app.o
    0x0800b348   0x0800b348   0x00000014   Code   RO        12043    i.led_task          led_app.o
    0x0800b35c   0x0800b35c   0x00000012   Code   RO        11278    i.lfs_alignup       lfs.o
    0x0800b36e   0x0800b36e   0x00000002   PAD
    0x0800b370   0x0800b370   0x000000f8   Code   RO        11279    i.lfs_alloc         lfs.o
    0x0800b468   0x0800b468   0x00000034   Code   RO        11280    i.lfs_alloc_lookahead  lfs.o
    0x0800b49c   0x0800b49c   0x0000045c   Code   RO        12388    i.lfs_basic_test    flash_app.o
    0x0800b8f8   0x0800b8f8   0x00000066   Code   RO        11281    i.lfs_bd_cmp        lfs.o
    0x0800b95e   0x0800b95e   0x00000018   Code   RO        11282    i.lfs_bd_erase      lfs.o
    0x0800b976   0x0800b976   0x00000084   Code   RO        11283    i.lfs_bd_flush      lfs.o
    0x0800b9fa   0x0800b9fa   0x000000b2   Code   RO        11284    i.lfs_bd_prog       lfs.o
    0x0800baac   0x0800baac   0x000000fc   Code   RO        11285    i.lfs_bd_read       lfs.o
    0x0800bba8   0x0800bba8   0x00000018   Code   RO        11286    i.lfs_cache_zero    lfs.o
    0x0800bbc0   0x0800bbc0   0x00000038   Code   RO        11880    i.lfs_crc           lfs_util.o
    0x0800bbf8   0x0800bbf8   0x0000000e   Code   RO        11288    i.lfs_ctz           lfs.o
    0x0800bc06   0x0800bc06   0x00000002   PAD
    0x0800bc08   0x0800bc08   0x00000184   Code   RO        11289    i.lfs_ctz_extend    lfs.o
    0x0800bd8c   0x0800bd8c   0x000000a6   Code   RO        11290    i.lfs_ctz_find      lfs.o
    0x0800be32   0x0800be32   0x00000016   Code   RO        11291    i.lfs_ctz_fromle32  lfs.o
    0x0800be48   0x0800be48   0x00000040   Code   RO        11292    i.lfs_ctz_index     lfs.o
    0x0800be88   0x0800be88   0x0000009c   Code   RO        11293    i.lfs_ctz_traverse  lfs.o
    0x0800bf24   0x0800bf24   0x0000002c   Code   RO        11294    i.lfs_deinit        lfs.o
    0x0800bf50   0x0800bf50   0x0000000c   Code   RO        11827    i.lfs_deskio_erase  lfs_port.o
    0x0800bf5c   0x0800bf5c   0x00000016   Code   RO        11828    i.lfs_deskio_prog   lfs_port.o
    0x0800bf72   0x0800bf72   0x00000016   Code   RO        11829    i.lfs_deskio_read   lfs_port.o
    0x0800bf88   0x0800bf88   0x00000004   Code   RO        11830    i.lfs_deskio_sync   lfs_port.o
    0x0800bf8c   0x0800bf8c   0x00000080   Code   RO        11295    i.lfs_dir_alloc     lfs.o
    0x0800c00c   0x0800c00c   0x0000001a   Code   RO        11296    i.lfs_dir_close     lfs.o
    0x0800c026   0x0800c026   0x00000002   PAD
    0x0800c028   0x0800c028   0x0000031c   Code   RO        11297    i.lfs_dir_commit    lfs.o
    0x0800c344   0x0800c344   0x00000010   Code   RO        11298    i.lfs_dir_commit_commit  lfs.o
    0x0800c354   0x0800c354   0x00000014   Code   RO        11299    i.lfs_dir_commit_size  lfs.o
    0x0800c368   0x0800c368   0x000000aa   Code   RO        11300    i.lfs_dir_commitattr  lfs.o
    0x0800c412   0x0800c412   0x00000002   PAD
    0x0800c414   0x0800c414   0x00000188   Code   RO        11301    i.lfs_dir_commitcrc  lfs.o
    0x0800c59c   0x0800c59c   0x0000003a   Code   RO        11302    i.lfs_dir_commitprog  lfs.o
    0x0800c5d6   0x0800c5d6   0x00000002   PAD
    0x0800c5d8   0x0800c5d8   0x000003fc   Code   RO        11303    i.lfs_dir_compact   lfs.o
    0x0800c9d4   0x0800c9d4   0x00000050   Code   RO        11304    i.lfs_dir_drop      lfs.o
    0x0800ca24   0x0800ca24   0x00000016   Code   RO        11305    i.lfs_dir_fetch     lfs.o
    0x0800ca3a   0x0800ca3a   0x00000002   PAD
    0x0800ca3c   0x0800ca3c   0x000003e4   Code   RO        11306    i.lfs_dir_fetchmatch  lfs.o
    0x0800ce20   0x0800ce20   0x0000015c   Code   RO        11307    i.lfs_dir_find      lfs.o
    0x0800cf7c   0x0800cf7c   0x00000052   Code   RO        11308    i.lfs_dir_find_match  lfs.o
    0x0800cfce   0x0800cfce   0x00000014   Code   RO        11309    i.lfs_dir_get       lfs.o
    0x0800cfe2   0x0800cfe2   0x00000002   PAD
    0x0800cfe4   0x0800cfe4   0x0000004c   Code   RO        11310    i.lfs_dir_getgstate  lfs.o
    0x0800d030   0x0800d030   0x00000090   Code   RO        11311    i.lfs_dir_getinfo   lfs.o
    0x0800d0c0   0x0800d0c0   0x000000e6   Code   RO        11312    i.lfs_dir_getread   lfs.o
    0x0800d1a6   0x0800d1a6   0x00000002   PAD
    0x0800d1a8   0x0800d1a8   0x00000124   Code   RO        11313    i.lfs_dir_getslice  lfs.o
    0x0800d2cc   0x0800d2cc   0x00000090   Code   RO        11314    i.lfs_dir_open      lfs.o
    0x0800d35c   0x0800d35c   0x0000008c   Code   RO        11315    i.lfs_dir_read      lfs.o
    0x0800d3e8   0x0800d3e8   0x00000070   Code   RO        11318    i.lfs_dir_split     lfs.o
    0x0800d458   0x0800d458   0x000001c8   Code   RO        11320    i.lfs_dir_traverse  lfs.o
    0x0800d620   0x0800d620   0x00000074   Code   RO        11321    i.lfs_dir_traverse_filter  lfs.o
    0x0800d694   0x0800d694   0x00000046   Code   RO        11322    i.lfs_file_close    lfs.o
    0x0800d6da   0x0800d6da   0x00000002   PAD
    0x0800d6dc   0x0800d6dc   0x0000010c   Code   RO        11323    i.lfs_file_flush    lfs.o
    0x0800d7e8   0x0800d7e8   0x00000010   Code   RO        11324    i.lfs_file_open     lfs.o
    0x0800d7f8   0x0800d7f8   0x0000023c   Code   RO        11325    i.lfs_file_opencfg  lfs.o
    0x0800da34   0x0800da34   0x00000024   Code   RO        11326    i.lfs_file_outline  lfs.o
    0x0800da58   0x0800da58   0x00000110   Code   RO        11327    i.lfs_file_read     lfs.o
    0x0800db68   0x0800db68   0x00000110   Code   RO        11328    i.lfs_file_relocate  lfs.o
    0x0800dc78   0x0800dc78   0x00000012   Code   RO        11329    i.lfs_file_rewind   lfs.o
    0x0800dc8a   0x0800dc8a   0x0000004a   Code   RO        11330    i.lfs_file_seek     lfs.o
    0x0800dcd4   0x0800dcd4   0x000000ca   Code   RO        11332    i.lfs_file_sync     lfs.o
    0x0800dd9e   0x0800dd9e   0x00000002   PAD
    0x0800dda0   0x0800dda0   0x000001ac   Code   RO        11335    i.lfs_file_write    lfs.o
    0x0800df4c   0x0800df4c   0x000000f0   Code   RO        11336    i.lfs_format        lfs.o
    0x0800e03c   0x0800e03c   0x00000014   Code   RO        11337    i.lfs_frombe32      lfs.o
    0x0800e050   0x0800e050   0x00000012   Code   RO        11338    i.lfs_fromle32      lfs.o
    0x0800e062   0x0800e062   0x00000002   PAD
    0x0800e064   0x0800e064   0x0000006c   Code   RO        11339    i.lfs_fs_demove     lfs.o
    0x0800e0d0   0x0800e0d0   0x00000174   Code   RO        11340    i.lfs_fs_deorphan   lfs.o
    0x0800e244   0x0800e244   0x00000018   Code   RO        11341    i.lfs_fs_forceconsistency  lfs.o
    0x0800e25c   0x0800e25c   0x0000006c   Code   RO        11342    i.lfs_fs_parent     lfs.o
    0x0800e2c8   0x0800e2c8   0x0000003e   Code   RO        11343    i.lfs_fs_parent_match  lfs.o
    0x0800e306   0x0800e306   0x00000044   Code   RO        11344    i.lfs_fs_pred       lfs.o
    0x0800e34a   0x0800e34a   0x0000003a   Code   RO        11345    i.lfs_fs_preporphans  lfs.o
    0x0800e384   0x0800e384   0x0000010c   Code   RO        11346    i.lfs_fs_relocate   lfs.o
    0x0800e490   0x0800e490   0x0000001c   Code   RO        11347    i.lfs_fs_size       lfs.o
    0x0800e4ac   0x0800e4ac   0x0000000a   Code   RO        11348    i.lfs_fs_size_count  lfs.o
    0x0800e4b6   0x0800e4b6   0x00000002   PAD
    0x0800e4b8   0x0800e4b8   0x0000010c   Code   RO        11349    i.lfs_fs_traverse   lfs.o
    0x0800e5c4   0x0800e5c4   0x0000001e   Code   RO        11351    i.lfs_gstate_fromle32  lfs.o
    0x0800e5e2   0x0800e5e2   0x0000000c   Code   RO        11352    i.lfs_gstate_hasmove  lfs.o
    0x0800e5ee   0x0800e5ee   0x0000001a   Code   RO        11353    i.lfs_gstate_hasmovehere  lfs.o
    0x0800e608   0x0800e608   0x0000000a   Code   RO        11354    i.lfs_gstate_hasorphans  lfs.o
    0x0800e612   0x0800e612   0x00000002   PAD
    0x0800e614   0x0800e614   0x00000018   Code   RO        11355    i.lfs_gstate_iszero  lfs.o
    0x0800e62c   0x0800e62c   0x0000001e   Code   RO        11356    i.lfs_gstate_tole32  lfs.o
    0x0800e64a   0x0800e64a   0x00000002   PAD
    0x0800e64c   0x0800e64c   0x00000064   Code   RO        11357    i.lfs_gstate_xormove  lfs.o
    0x0800e6b0   0x0800e6b0   0x00000120   Code   RO        11358    i.lfs_init          lfs.o
    0x0800e7d0   0x0800e7d0   0x00000004   Code   RO        11359    i.lfs_malloc        lfs.o
    0x0800e7d4   0x0800e7d4   0x00000008   Code   RO        11360    i.lfs_min           lfs.o
    0x0800e7dc   0x0800e7dc   0x00000158   Code   RO        11361    i.lfs_mkdir         lfs.o
    0x0800e934   0x0800e934   0x00000290   Code   RO        11362    i.lfs_mount         lfs.o
    0x0800ebc4   0x0800ebc4   0x00000022   Code   RO        11363    i.lfs_pair_cmp      lfs.o
    0x0800ebe6   0x0800ebe6   0x00000016   Code   RO        11364    i.lfs_pair_fromle32  lfs.o
    0x0800ebfc   0x0800ebfc   0x00000014   Code   RO        11365    i.lfs_pair_isnull   lfs.o
    0x0800ec10   0x0800ec10   0x00000016   Code   RO        11366    i.lfs_pair_tole32   lfs.o
    0x0800ec26   0x0800ec26   0x0000002e   Code   RO        11367    i.lfs_popc          lfs.o
    0x0800ec54   0x0800ec54   0x000000d8   Code   RO        11368    i.lfs_remove        lfs.o
    0x0800ed2c   0x0800ed2c   0x000001dc   Code   RO        11370    i.lfs_rename        lfs.o
    0x0800ef08   0x0800ef08   0x00000064   Code   RO        11831    i.lfs_storage_init  lfs_port.o
    0x0800ef6c   0x0800ef6c   0x00000012   Code   RO        11373    i.lfs_tag_dsize     lfs.o
    0x0800ef7e   0x0800ef7e   0x00000010   Code   RO        11374    i.lfs_tag_isdelete  lfs.o
    0x0800ef8e   0x0800ef8e   0x00000004   Code   RO        11375    i.lfs_tole32        lfs.o
    0x0800ef92   0x0800ef92   0x00000002   PAD
    0x0800ef94   0x0800ef94   0x00000128   Code   RO        12389    i.list_dir_recursive  flash_app.o
    0x0800f0bc   0x0800f0bc   0x00000174   Code   RO           15    i.main              main.o
    0x0800f230   0x0800f230   0x0000006c   Code   RO        13207    i.malloc            mc_w.l(malloc.o)
    0x0800f29c   0x0800f29c   0x00000018   Code   RO         1184    i.mem_cmp           ff.o
    0x0800f2b4   0x0800f2b4   0x00000012   Code   RO         1185    i.mem_cpy           ff.o
    0x0800f2c6   0x0800f2c6   0x0000000c   Code   RO         1186    i.mem_set           ff.o
    0x0800f2d2   0x0800f2d2   0x00000034   Code   RO         1187    i.move_window       ff.o
    0x0800f306   0x0800f306   0x00000032   Code   RO        11982    i.my_printf         usart_app.o
    0x0800f338   0x0800f338   0x00000034   Code   RO        12335    i.oled_printf       oled_app.o
    0x0800f36c   0x0800f36c   0x0000009c   Code   RO        12336    i.oled_task         oled_app.o
    0x0800f408   0x0800f408   0x00000088   Code   RO         1188    i.pick_lfn          ff.o
    0x0800f490   0x0800f490   0x00000064   Code   RO        12098    i.prv_btn_event     btn_app.o
    0x0800f4f4   0x0800f4f4   0x0000004c   Code   RO        12099    i.prv_btn_get_state  btn_app.o
    0x0800f540   0x0800f540   0x0000004c   Code   RO         6098    i.prv_get_combo_btn_by_key_id  ebtn.o
    0x0800f58c   0x0800f58c   0x000001e8   Code   RO         6099    i.prv_process_btn   ebtn.o
    0x0800f774   0x0800f774   0x00000102   Code   RO         1189    i.put_fat           ff.o
    0x0800f876   0x0800f876   0x00000002   PAD
    0x0800f878   0x0800f878   0x00000074   Code   RO         1190    i.put_lfn           ff.o
    0x0800f8ec   0x0800f8ec   0x0000007e   Code   RO         1194    i.remove_chain      ff.o
    0x0800f96a   0x0800f96a   0x00000030   Code   RO        11098    i.rt_ringbuffer_data_len  ringbuffer.o
    0x0800f99a   0x0800f99a   0x00000074   Code   RO        11099    i.rt_ringbuffer_get  ringbuffer.o
    0x0800fa0e   0x0800fa0e   0x00000030   Code   RO        11101    i.rt_ringbuffer_init  ringbuffer.o
    0x0800fa3e   0x0800fa3e   0x00000078   Code   RO        11103    i.rt_ringbuffer_put  ringbuffer.o
    0x0800fab6   0x0800fab6   0x00000020   Code   RO        11108    i.rt_ringbuffer_status  ringbuffer.o
    0x0800fad6   0x0800fad6   0x00000002   PAD
    0x0800fad8   0x0800fad8   0x0000000c   Code   RO        11899    i.scheduler_init    scheduler.o
    0x0800fae4   0x0800fae4   0x0000003c   Code   RO        11900    i.scheduler_run     scheduler.o
    0x0800fb20   0x0800fb20   0x0000007c   Code   RO        12458    i.shell_add_to_history  shell_app.o
    0x0800fb9c   0x0800fb9c   0x00000098   Code   RO        12459    i.shell_execute     shell_app.o
    0x0800fc34   0x0800fc34   0x00000090   Code   RO        12461    i.shell_handle_history  shell_app.o
    0x0800fcc4   0x0800fcc4   0x000003f8   Code   RO        12462    i.shell_handle_tab  shell_app.o
    0x080100bc   0x080100bc   0x00000088   Code   RO        12463    i.shell_init        shell_app.o
    0x08010144   0x08010144   0x00000120   Code   RO        12464    i.shell_normalize_path  shell_app.o
    0x08010264   0x08010264   0x00000020   Code   RO        12465    i.shell_print       shell_app.o
    0x08010284   0x08010284   0x0000001e   Code   RO        12466    i.shell_printf      shell_app.o
    0x080102a2   0x080102a2   0x00000018   Code   RO        12467    i.shell_process     shell_app.o
    0x080102ba   0x080102ba   0x00000002   PAD
    0x080102bc   0x080102bc   0x000000d8   Code   RO        12468    i.shell_process_char  shell_app.o
    0x08010394   0x08010394   0x0000000c   Code   RO        12469    i.shell_set_uart    shell_app.o
    0x080103a0   0x080103a0   0x0000005c   Code   RO        11183    i.spi_flash_buffer_read  gd25qxx.o
    0x080103fc   0x080103fc   0x000000bc   Code   RO        11184    i.spi_flash_buffer_write  gd25qxx.o
    0x080104b8   0x080104b8   0x00000010   Code   RO        11186    i.spi_flash_init    gd25qxx.o
    0x080104c8   0x080104c8   0x00000064   Code   RO        11187    i.spi_flash_page_write  gd25qxx.o
    0x0801052c   0x0801052c   0x0000004c   Code   RO        11190    i.spi_flash_sector_erase  gd25qxx.o
    0x08010578   0x08010578   0x00000020   Code   RO        11191    i.spi_flash_send_byte  gd25qxx.o
    0x08010598   0x08010598   0x00000034   Code   RO        11194    i.spi_flash_wait_for_write_end  gd25qxx.o
    0x080105cc   0x080105cc   0x0000002c   Code   RO        11195    i.spi_flash_write_enable  gd25qxx.o
    0x080105f8   0x080105f8   0x0000003e   Code   RO        12892    i.sqrtf             m_wm.l(sqrtf.o)
    0x08010636   0x08010636   0x00000028   Code   RO         1195    i.st_clust          ff.o
    0x0801065e   0x0801065e   0x00000014   Code   RO         1196    i.st_dword          ff.o
    0x08010672   0x08010672   0x0000000a   Code   RO         1197    i.st_word           ff.o
    0x0801067c   0x0801067c   0x0000003c   Code   RO        12222    i.start_dac_dma     dac_app.o
    0x080106b8   0x080106b8   0x00000020   Code   RO        12223    i.stop_dac_dma      dac_app.o
    0x080106d8   0x080106d8   0x0000001a   Code   RO         1198    i.sum_sfn           ff.o
    0x080106f2   0x080106f2   0x00000002   PAD
    0x080106f4   0x080106f4   0x0000008c   Code   RO         1199    i.sync_fs           ff.o
    0x08010780   0x08010780   0x00000056   Code   RO         1200    i.sync_window       ff.o
    0x080107d6   0x080107d6   0x00000002   PAD
    0x080107d8   0x080107d8   0x00000404   Code   RO        12390    i.test_sd_fatfs     flash_app.o
    0x08010bdc   0x08010bdc   0x00000030   Code   RO         9717    i.u8g2_IsIntersection  u8g2_intersection.o
    0x08010c0c   0x08010c0c   0x0000000c   Code   RO         7374    i.u8g2_SetFontPosBaseline  u8g2_font.o
    0x08010c18   0x08010c18   0x0000001c   Code   RO         9905    i.u8g2_SetMaxClipWindow  u8g2_setup.o
    0x08010c34   0x08010c34   0x00000046   Code   RO         9906    i.u8g2_SetupBuffer  u8g2_setup.o
    0x08010c7a   0x08010c7a   0x00000002   PAD
    0x08010c7c   0x08010c7c   0x00000038   Code   RO         7337    i.u8g2_Setup_ssd1306_i2c_128x32_univision_f  u8g2_d_setup.o
    0x08010cb4   0x08010cb4   0x0000006e   Code   RO         9908    i.u8g2_apply_clip_window  u8g2_setup.o
    0x08010d22   0x08010d22   0x00000012   Code   RO         9664    i.u8g2_draw_hv_line_2dir  u8g2_hvline.o
    0x08010d34   0x08010d34   0x0000000c   Code   RO         9910    i.u8g2_draw_l90_r0  u8g2_setup.o
    0x08010d40   0x08010d40   0x00000004   Code   RO         7390    i.u8g2_font_calc_vref_font  u8g2_font.o
    0x08010d44   0x08010d44   0x00000082   Code   RO        12337    i.u8g2_gpio_and_delay_stm32  oled_app.o
    0x08010dc6   0x08010dc6   0x00000018   Code   RO         9718    i.u8g2_is_intersection_decision_tree  u8g2_intersection.o
    0x08010dde   0x08010dde   0x00000002   PAD
    0x08010de0   0x08010de0   0x00000090   Code   RO         9766    i.u8g2_ll_hvline_vertical_top_lsb  u8g2_ll_hvline.o
    0x08010e70   0x08010e70   0x0000000c   Code   RO         7324    i.u8g2_m_16_4_f     u8g2_d_memory.o
    0x08010e7c   0x08010e7c   0x00000046   Code   RO         9915    i.u8g2_update_dimension_common  u8g2_setup.o
    0x08010ec2   0x08010ec2   0x00000004   Code   RO         9916    i.u8g2_update_dimension_r0  u8g2_setup.o
    0x08010ec6   0x08010ec6   0x00000022   Code   RO         9920    i.u8g2_update_page_win_r0  u8g2_setup.o
    0x08010ee8   0x08010ee8   0x00000010   Code   RO        10675    i.u8x8_InitDisplay  u8x8_display.o
    0x08010ef8   0x08010ef8   0x00000010   Code   RO        10680    i.u8x8_SetPowerSave  u8x8_display.o
    0x08010f08   0x08010f08   0x00000022   Code   RO        10979    i.u8x8_Setup        u8x8_setup.o
    0x08010f2a   0x08010f2a   0x00000002   PAD
    0x08010f2c   0x08010f2c   0x00000024   Code   RO        10980    i.u8x8_SetupDefaults  u8x8_setup.o
    0x08010f50   0x08010f50   0x00000010   Code   RO        10681    i.u8x8_SetupMemory  u8x8_display.o
    0x08010f60   0x08010f60   0x00000010   Code   RO        10323    i.u8x8_byte_EndTransfer  u8x8_byte.o
    0x08010f70   0x08010f70   0x0000000e   Code   RO        10324    i.u8x8_byte_SendByte  u8x8_byte.o
    0x08010f7e   0x08010f7e   0x00000010   Code   RO        10327    i.u8x8_byte_StartTransfer  u8x8_byte.o
    0x08010f8e   0x08010f8e   0x00000002   PAD
    0x08010f90   0x08010f90   0x00000068   Code   RO        12338    i.u8x8_byte_hw_i2c  oled_app.o
    0x08010ff8   0x08010ff8   0x00000010   Code   RO        10444    i.u8x8_cad_EndTransfer  u8x8_cad.o
    0x08011008   0x08011008   0x00000010   Code   RO        10445    i.u8x8_cad_SendArg  u8x8_cad.o
    0x08011018   0x08011018   0x00000010   Code   RO        10446    i.u8x8_cad_SendCmd  u8x8_cad.o
    0x08011028   0x08011028   0x00000010   Code   RO        10447    i.u8x8_cad_SendData  u8x8_cad.o
    0x08011038   0x08011038   0x00000068   Code   RO        10449    i.u8x8_cad_SendSequence  u8x8_cad.o
    0x080110a0   0x080110a0   0x00000010   Code   RO        10450    i.u8x8_cad_StartTransfer  u8x8_cad.o
    0x080110b0   0x080110b0   0x000000bc   Code   RO        10453    i.u8x8_cad_ssd13xx_fast_i2c  u8x8_cad.o
    0x0801116c   0x0801116c   0x00000060   Code   RO        10682    i.u8x8_d_helper_display_init  u8x8_display.o
    0x080111cc   0x080111cc   0x0000000a   Code   RO        10683    i.u8x8_d_helper_display_setup_memory  u8x8_display.o
    0x080111d6   0x080111d6   0x00000002   PAD
    0x080111d8   0x080111d8   0x000000d4   Code   RO        10628    i.u8x8_d_ssd1306_128x32_generic  u8x8_d_ssd1306_128x32.o
    0x080112ac   0x080112ac   0x0000001c   Code   RO        10629    i.u8x8_d_ssd1306_128x32_univision  u8x8_d_ssd1306_128x32.o
    0x080112c8   0x080112c8   0x00000004   Code   RO        10982    i.u8x8_dummy_cb     u8x8_setup.o
    0x080112cc   0x080112cc   0x0000000c   Code   RO        10901    i.u8x8_gpio_call    u8x8_gpio.o
    0x080112d8   0x080112d8   0x0000002c   Code   RO        10461    i.u8x8_i2c_data_transfer  u8x8_cad.o
    0x08011304   0x08011304   0x00000038   Code   RO        11984    i.uart_task         usart_app.o
    0x0801133c   0x0801133c   0x0000007c   Code   RO        12224    i.update_adc_timer_frequency  dac_app.o
    0x080113b8   0x080113b8   0x00000084   Code   RO        12225    i.update_timer_frequency  dac_app.o
    0x0801143c   0x0801143c   0x00000038   Code   RO         1201    i.validate          ff.o
    0x08011474   0x08011474   0x00000014   Data   RO          988    .constdata          sd_diskio.o
    0x08011488   0x08011488   0x0000002a   Data   RO         1203    .constdata          ff.o
    0x080114b2   0x080114b2   0x0002abb6   Data   RO         1602    .constdata          cc936.o
    0x0803c068   0x0803c068   0x00000008   Data   RO         2436    .constdata          stm32f4xx_hal_dma.o
    0x0803c070   0x0803c070   0x00000010   Data   RO         6038    .constdata          system_stm32f4xx.o
    0x0803c080   0x0803c080   0x00000008   Data   RO         6039    .constdata          system_stm32f4xx.o
    0x0803c088   0x0803c088   0x00000a98   Data   RO         6268    .constdata          oled.o
    0x0803cb20   0x0803cb20   0x0000000c   Data   RO         9924    .constdata          u8g2_setup.o
    0x0803cb2c   0x0803cb2c   0x000000cc   Data   RO        10631    .constdata          u8x8_d_ssd1306_128x32.o
    0x0803cbf8   0x0803cbf8   0x000001c0   Data   RO        11377    .constdata          lfs.o
    0x0803cdb8   0x0803cdb8   0x00000040   Data   RO        11881    .constdata          lfs_util.o
    0x0803cdf8   0x0803cdf8   0x0000000e   Data   RO        12100    .constdata          btn_app.o
    0x0803ce06   0x0803ce06   0x00000002   PAD
    0x0803ce08   0x0803ce08   0x0000009c   Data   RO        12471    .constdata          shell_app.o
    0x0803cea4   0x0803cea4   0x0000009c   Data   RO        12620    .constdata          waveform_analyzer_app.o
    0x0803cf40   0x0803cf40   0x00000020   Data   RO        13261    .constdata          m_wm.l(rredf.o)
    0x0803cf60   0x0803cf60   0x00000009   Data   RO        11378    .conststring        lfs.o
    0x0803cf69   0x0803cf69   0x00000003   PAD
    0x0803cf6c   0x0803cf6c   0x0000009e   Data   RO        12393    .conststring        flash_app.o
    0x0803d00a   0x0803d00a   0x00000002   PAD
    0x0803d00c   0x0803d00c   0x000001c1   Data   RO        12472    .conststring        shell_app.o
    0x0803d1cd   0x0803d1cd   0x00000001   PAD
    0x0803d1ce   0x0803d1ce   0x00000800   Data   RO        12772    .rodata.armBitRevTable  arm_cortexM4l_math.lib(arm_common_tables.o)
    0x0803d9ce   0x0803d9ce   0x00000002   PAD
    0x0803d9d0   0x0803d9d0   0x00008000   Data   RO        12781    .rodata.twiddleCoef_4096  arm_cortexM4l_math.lib(arm_common_tables.o)
    0x080459d0   0x080459d0   0x00000020   Data   RO        13348    Region$$Table       anon$$obj.o


    Execution Region RW_IRAM1 (Exec base: 0x20000000, Load base: 0x080459f0, Size: 0x0000b810, Max: 0x00030000, ABSOLUTE, COMPRESSED[0x00000074])

    Exec Addr    Load Addr    Size         Type   Attr      Idx    E Section Name        Object

    0x20000000   COMPRESSED   0x00000001   Data   RW          989    .data               sd_diskio.o
    0x20000001   COMPRESSED   0x00000005   Data   RW         1046    .data               fatfs.o
    0x20000006   COMPRESSED   0x00000002   PAD
    0x20000008   COMPRESSED   0x00000008   Data   RW         1204    .data               ff.o
    0x20000010   COMPRESSED   0x0000000c   Data   RW         2901    .data               stm32f4xx_hal.o
    0x2000001c   COMPRESSED   0x00000004   Data   RW         6040    .data               system_stm32f4xx.o
    0x20000020   COMPRESSED   0x00000016   Data   RW         6269    .data               oled.o
    0x20000036   COMPRESSED   0x00000006   Data   RW        10463    .data               u8x8_cad.o
    0x2000003c   COMPRESSED   0x00000040   Data   RW        11901    .data               scheduler.o
    0x2000007c   COMPRESSED   0x00000008   Data   RW        11987    .data               usart_app.o
    0x20000084   COMPRESSED   0x00000007   Data   RW        12045    .data               led_app.o
    0x2000008b   COMPRESSED   0x00000001   Data   RW        12101    .data               btn_app.o
    0x2000008c   COMPRESSED   0x000000ac   Data   RW        12102    .data               btn_app.o
    0x20000138   COMPRESSED   0x00000008   Data   RW        12167    .data               adc_app.o
    0x20000140   COMPRESSED   0x0000000c   Data   RW        12227    .data               dac_app.o
    0x2000014c   COMPRESSED   0x00000002   Data   RW        12340    .data               oled_app.o
    0x2000014e   COMPRESSED   0x00000002   PAD
    0x20000150   COMPRESSED   0x00000004   Data   RW        12473    .data               shell_app.o
    0x20000154   COMPRESSED   0x00000004   Data   RW        12932    .data               mc_w.l(strtok.o)
    0x20000158   COMPRESSED   0x00000004   Data   RW        13279    .data               mc_w.l(stdout.o)
    0x2000015c   COMPRESSED   0x00000004   Data   RW        13286    .data               mc_w.l(mvars.o)
    0x20000160   COMPRESSED   0x00000004   Data   RW        13287    .data               mc_w.l(mvars.o)
    0x20000164   COMPRESSED   0x00000004   Data   RW        13291    .data               mc_w.l(errno.o)
    0x20000168        -       0x00000094   Zero   RW           16    .bss                main.o
    0x200001fc        -       0x000000a8   Zero   RW          388    .bss                adc.o
    0x200002a4        -       0x00000074   Zero   RW          430    .bss                dac.o
    0x20000318        -       0x00000054   Zero   RW          496    .bss                i2c.o
    0x2000036c        -       0x00000084   Zero   RW          538    .bss                sdio.o
    0x200003f0        -       0x00000058   Zero   RW          580    .bss                spi.o
    0x20000448        -       0x000000d8   Zero   RW          624    .bss                tim.o
    0x20000520        -       0x000000a8   Zero   RW          677    .bss                usart.o
    0x200005c8        -       0x00000234   Zero   RW         1044    .bss                fatfs.o
    0x200007fc        -       0x00000230   Zero   RW         1045    .bss                fatfs.o
    0x20000a2c        -       0x00000020   Zero   RW         1202    .bss                ff.o
    0x20000a4c        -       0x0000000c   Zero   RW         1518    .bss                ff_gen_drv.o
    0x20000a58        -       0x0000003c   Zero   RW         6100    .bss                ebtn.o
    0x20000a94        -       0x00000200   Zero   RW         7325    .bss                u8g2_d_memory.o
    0x20000c94        -       0x00000220   Zero   RW        11832    .bss                lfs_port.o
    0x20000eb4        -       0x0000018c   Zero   RW        11985    .bss                usart_app.o
    0x20001040        -       0x00000080   Zero   RW        11986    .bss                usart_app.o
    0x200010c0        -       0x00000048   Zero   RW        12044    .bss                led_app.o
    0x20001108        -       0x00004038   Zero   RW        12166    .bss                adc_app.o
    0x20005140        -       0x00000200   Zero   RW        12226    .bss                dac_app.o
    0x20005340        -       0x00000020   Zero   RW        12339    .bss                oled_app.o
    0x20005360        -       0x000000c0   Zero   RW        12392    .bss                flash_app.o
    0x20005420        -       0x000003d8   Zero   RW        12470    .bss                shell_app.o
    0x200057f8        -       0x00003014   Zero   RW        12619    .bss                waveform_analyzer_app.o
    0x2000880c   COMPRESSED   0x00000004   PAD
    0x20008810        -       0x00001000   Zero   RW            2    HEAP                startup_stm32f429xx.o
    0x20009810        -       0x00002000   Zero   RW            1    STACK               startup_stm32f429xx.o


==============================================================================

Image component sizes


      Code (inc. data)   RO Data    RW Data    ZI Data      Debug   Object Name

       316         34          0          0        168       1795   adc.o
       620        204          0          8      16440       2848   adc_app.o
       162         26          0          0          0       3988   bsp_driver_sd.o
       250         48         14        173          0      11127   btn_app.o
       260         26     175030          0          0       2923   cc936.o
       220         30          0          0        116       1701   dac.o
      1224        118          0         12        512       9225   dac_app.o
       160         26          0          0          0       3633   diskio.o
        92          4          0          0          0        806   dma.o
      1462         24          0          0         60      19321   ebtn.o
        32         12          0          5       1124       1472   fatfs.o
      7956        102         42          8         32      56189   ff.o
        74          4          0          0         12       1611   ff_gen_drv.o
      2440       1470        158          0        192       5292   flash_app.o
       600         36          0          0          0       5760   gd25qxx.o
       268         16          0          0          0       1055   gpio.o
       200         28          0          0         84       1653   i2c.o
       220         20          0          7         72       2406   led_app.o
     14054       1112        457          0          0      88927   lfs.o
       160         20          0          0        544       7131   lfs_port.o
        56          6         64          0          0       1030   lfs_util.o
       528        196          0          0        148    1002374   main.o
         0          0          0          0          0     163162   mui_u8g2.o
       396         24       2712         22          0       5355   oled.o
       442         78          0          2         32       3377   oled_app.o
       364          0          0          0          0       6195   ringbuffer.o
        72          8          0         64          0       7081   scheduler.o
       236         16         20          1          0       4756   sd_diskio.o
       180         26          0          0        132       1617   sdio.o
      5706       1992        605          4        984      21537   shell_app.o
       180         24          0          0         88       1657   spi.o
        36          8        428          0      12288        824   startup_stm32f429xx.o
       180         28          0         12          0       9473   stm32f4xx_hal.o
      1634         72          0          0          0       9069   stm32f4xx_hal_adc.o
         2          0          0          0          0        961   stm32f4xx_hal_adc_ex.o
       198         14          0          0          0      33763   stm32f4xx_hal_cortex.o
       480         24          0          0          0       7273   stm32f4xx_hal_dac.o
        56          0          0          0          0       3865   stm32f4xx_hal_dac_ex.o
      1084         16          8          0          0       7250   stm32f4xx_hal_dma.o
       584         54          0          0          0       2819   stm32f4xx_hal_gpio.o
      1870         48          0          0          0      11553   stm32f4xx_hal_i2c.o
       128          0          0          0          0       1823   stm32f4xx_hal_i2c_ex.o
        48          6          0          0          0        838   stm32f4xx_hal_msp.o
      1348         76          0          0          0       5168   stm32f4xx_hal_rcc.o
      2500         32          0          0          0      12400   stm32f4xx_hal_sd.o
       976         14          0          0          0       4849   stm32f4xx_hal_spi.o
      1268        104          0          0          0      12146   stm32f4xx_hal_tim.o
       148         28          0          0          0       2441   stm32f4xx_hal_tim_ex.o
      2242         30          0          0          0      16332   stm32f4xx_hal_uart.o
        92         36          0          0          0       6865   stm32f4xx_it.o
      1668         48          0          0          0      23259   stm32f4xx_ll_sdmmc.o
         8          0          0          0          0       1635   syscall.o
        16          4         24          4          0       1091   system_stm32f4xx.o
       344         46          0          0        216       2870   tim.o
        12          4          0          0        512        844   u8g2_d_memory.o
        56         14          0          0          0       1060   u8g2_d_setup.o
        16          6          0          0          0       1037   u8g2_font.o
        18          0          0          0          0        661   u8g2_hvline.o
        72          0          0          0          0       1911   u8g2_intersection.o
       144          0          0          0          0       1394   u8g2_ll_hvline.o
       328          0         12          0          0     150683   u8g2_setup.o
        46          0          0          0          0       1719   u8x8_byte.o
       416         12          0          6          0       8820   u8x8_cad.o
       240         14        204          0          0       2822   u8x8_d_ssd1306_128x32.o
       154          0          0          0          0       2880   u8x8_display.o
        12          0          0          0          0        605   u8x8_gpio.o
        74          4          0          0          0       1798   u8x8_setup.o
       280         40          0          0        168       2329   usart.o
       242         42          0          8        524       3553   usart_app.o
      2256        260        156          0      12308      12827   waveform_analyzer_app.o

    ----------------------------------------------------------------------
     60318       6814     179974        340      46760    1820514   Object Totals
         0          0         32          0          0          0   (incl. Generated)
       112          0          8          4          4          0   (incl. Padding)

    ----------------------------------------------------------------------

      Code (inc. data)   RO Data    RW Data    ZI Data      Debug   Library Member Name

       174          0          0          0          0       2571   arm_bitreversal.o
      2884          0          0          0          0       6486   arm_cfft_radix4_f32.o
       124          0          0          0          0       1574   arm_cfft_radix4_init_f32.o
       232          0          0          0          0       1739   arm_cmplx_mag_f32.o
         0          0      34816          0          0       4961   arm_common_tables.o
       684         90          0          0          0        208   atan2f.o
        38          0          0          0          0        116   fpclassifyf.o
        44         12          0          0          0        464   funder.o
       340         24         32          0          0        160   rredf.o
       400         56          0          0          0        212   sinf.o
       120          0          0          0          0        272   sqrtf.o
        86          0          0          0          0          0   __dczerorl2.o
         0          0          0          0          0          0   entry.o
         0          0          0          0          0          0   entry10a.o
         0          0          0          0          0          0   entry11a.o
         4          0          0          0          0          0   entry12b.o
         8          4          0          0          0          0   entry2.o
         4          0          0          0          0          0   entry5.o
         0          0          0          0          0          0   entry7b.o
         0          0          0          0          0          0   entry8b.o
         8          4          0          0          0          0   entry9a.o
        12          6          0          4          0         68   errno.o
        30          0          0          0          0          0   handlers.o
        36          8          0          0          0         68   init.o
         0          0          0          0          0          0   iusefp.o
        30          0          0          0          0         68   llshl.o
        36          0          0          0          0         68   llsshr.o
        32          0          0          0          0         68   llushr.o
       188         20          0          0          0        160   malloc.o
        26          0          0          0          0         80   memcmp.o
        36          0          0          0          0         68   memcpya.o
        36          0          0          0          0        108   memseta.o
         0          0          0          8          0          0   mvars.o
      2394        106          0          0          0        852   printfa.o
         0          0          0          4          0          0   stdout.o
        24          0          0          0          0         68   strcat.o
        20          0          0          0          0         68   strchr.o
        28          0          0          0          0         76   strcmp.o
        18          0          0          0          0         68   strcpy.o
        34          0          0          0          0         80   strcspn.o
        14          0          0          0          0         68   strlen.o
        40          0          0          0          0         76   strncat.o
        30          0          0          0          0         80   strncmp.o
        24          0          0          0          0         76   strncpy.o
        22          0          0          0          0         68   strrchr.o
        28          0          0          0          0         80   strspn.o
        68          6          0          4          0         80   strtok.o
        44          0          0          0          0         80   uidiv.o
        98          0          0          0          0         92   uldiv.o
        48          0          0          0          0         68   cdrcmple.o
       334          0          0          0          0        148   dadd.o
       222          0          0          0          0        100   ddiv.o
       186          0          0          0          0        176   depilogue.o
        48          0          0          0          0         68   dfixul.o
       228          0          0          0          0         96   dmul.o
        38          0          0          0          0         68   f2d.o
       176          0          0          0          0        140   fadd.o
       110          0          0          0          0        168   fepilogue.o
        28          0          0          0          0         84   ffltul.o
       100          0          0          0          0         76   fmul.o

    ----------------------------------------------------------------------
     10026        336      34850         20          0      22623   Library Totals
        10          0          2          0          0          0   (incl. Padding)

    ----------------------------------------------------------------------

      Code (inc. data)   RO Data    RW Data    ZI Data      Debug   Library Name

      3414          0      34816          0          0      17331   arm_cortexM4l_math.lib
      1626        182         32          0          0       1432   m_wm.l
      3458        154          0         20          0       2668   mc_w.l
      1518          0          0          0          0       1192   mf_w.l

    ----------------------------------------------------------------------
     10026        336      34850         20          0      22623   Library Totals

    ----------------------------------------------------------------------

==============================================================================


      Code (inc. data)   RO Data    RW Data    ZI Data      Debug   

     70344       7150     214824        360      46760    1791289   Grand Totals
     70344       7150     214824        116      46760    1791289   ELF Image Totals (compressed)
     70344       7150     214824        116          0          0   ROM Totals

==============================================================================

    Total RO  Size (Code + RO Data)               285168 ( 278.48kB)
    Total RW  Size (RW Data + ZI Data)             47120 (  46.02kB)
    Total ROM Size (Code + RO Data + RW Data)     285284 ( 278.60kB)

==============================================================================

