<html>
<body>
<pre>
<h1>µVision Build Log</h1>
<h2>Tool Versions:</h2>
IDE-Version: ¦ÌVision V5.41.0.0
Copyright (C) 2024 ARM Ltd and ARM Germany GmbH. All rights reserved.
License Information: zao chuan, 123, LIC=LSNXV-P8AKJ-12BLE-5E0KB-BXKR3-74UMI
 
Tool Versions:
Toolchain:       MDK-ARM Plus  Version: 5.41.0.0
Toolchain Path:  D:\keil\ARM\ARM_compiler_5.06\Bin
C Compiler:      Armcc.exe V5.06 update 7 (build 960)
Assembler:       Armasm.exe V5.06 update 7 (build 960)
Linker/Locator:  ArmLink.exe V5.06 update 7 (build 960)
Library Manager: ArmAr.exe V5.06 update 7 (build 960)
Hex Converter:   FromElf.exe V5.06 update 7 (build 960)
CPU DLL:         SARMCM3.DLL V5.41.0.0
Dialog DLL:      DCM.DLL V1.17.5.0
Target DLL:      CMSIS_AGDI.dll V1.33.21.0
Dialog DLL:      TCM.DLL V1.56.4.0
 
<h2>Project:</h2>
C:\Users\29690\Desktop\È¥\GD\MDK\Project.uvprojx
Project File Date:  06/07/2025

<h2>Output:</h2>
*** Using Compiler 'V5.06 update 7 (build 960)', folder: 'D:\keil\ARM\ARM_compiler_5.06\Bin'
Rebuild target 'McuSTUDIO_F470VET6'
compiling lfs_util.c...
compiling fatfs_unicode.c...
..\Components\fatfs\fatfs_unicode.c(35): warning:  #177-D: variable "unicode_to_ascii_table"  was declared but never referenced
  static const WCHAR unicode_to_ascii_table[] = {
..\Components\fatfs\fatfs_unicode.c: 1 warning, 0 errors
compiling ebtn.c...
compiling ff.c...
compiling lfs_port.c...
compiling systick.c...
compiling lfs.c...
..\Components\gd25qxx\lfs.c(1135): warning:  #68-D: integer conversion resulted in a change of sign
      return (int)lfs_dir_fetchmatch(lfs, dir, pair, -1, 0, NULL, NULL, NULL);
..\Components\gd25qxx\lfs.c: 1 warning, 0 errors
compiling gd32f4xx_it.c...
compiling diskio.c...
..\Components\fatfs\diskio.c(200): warning:  #223-D: function "get_system_ms" declared implicitly
      uint32_t ms = get_system_ms();
..\Components\fatfs\diskio.c: 1 warning, 0 errors
compiling sdio_sdcard.c...
compiling mcu_cmic_gd32f470vet6.c...
compiling oled.c...
compiling btn_app.c...
compiling main.c...
compiling led_app.c...
compiling gd25qxx.c...
compiling scheduler.c...
compiling oled_app.c...
compiling usart_app.c...
compiling gd32f4xx_adc.c...
compiling gd32f4xx_can.c...
compiling adc_app.c...
compiling sd_app.c...
compiling gd32f4xx_crc.c...
compiling gd32f4xx_ctc.c...
compiling gd32f4xx_dac.c...
compiling gd32f4xx_dbg.c...
compiling gd32f4xx_dma.c...
compiling gd32f4xx_dci.c...
compiling gd32f4xx_exti.c...
compiling gd32f4xx_enet.c...
compiling gd32f4xx_exmc.c...
compiling gd32f4xx_fwdgt.c...
compiling gd32f4xx_gpio.c...
compiling gd32f4xx_iref.c...
compiling gd32f4xx_fmc.c...
compiling gd32f4xx_i2c.c...
compiling gd32f4xx_ipa.c...
compiling gd32f4xx_misc.c...
compiling gd32f4xx_pmu.c...
compiling gd32f4xx_rcu.c...
compiling gd32f4xx_rtc.c...
compiling gd32f4xx_sdio.c...
compiling gd32f4xx_syscfg.c...
assembling startup_gd32f450_470.s...
compiling gd32f4xx_spi.c...
assembling systick_wrapper_ual.s...
compiling gd32f4xx_tli.c...
compiling gd32f4xx_timer.c...
compiling gd32f4xx_trng.c...
compiling perfc_port_default.c...
compiling perf_counter.c...
compiling gd32f4xx_usart.c...
compiling gd32f4xx_wwdgt.c...
compiling system_gd32f4xx.c...
linking...
Program Size: Code=46516 RO-data=4068 RW-data=568 ZI-data=6848  
FromELF: creating hex file...
After Build - User command #1: ./keil5_disp_size_bar.exe
ram:
  RW_IRAM1 :0x20000000
  192.00 KB :|____________________|    3.77 % (    7.24 KB /   192.00 KB) [189192 B]
flash:
  ER_IROM1 :0x8000000
  512.00 KB :|¡ö___________________|    9.65 % (   49.40 KB /   512.00 KB) [473704 B]
".\output\Project.axf" - 0 Error(s), 3 Warning(s).

<h2>Software Packages used:</h2>

Package Vendor: ARM
                http://www.keil.com/pack/ARM.CMSIS.5.7.0.pack
                ARM::CMSIS@5.7.0
                CMSIS (Cortex Microcontroller Software Interface Standard)
   * Component: CORE Version: 5.4.0

Package Vendor: GigaDevice
                https://gd32mcu.com/data/documents/pack/GigaDevice.GD32F4xx_DFP.3.0.3.pack
                GigaDevice::GD32F4xx_DFP@3.0.3
                GigaDevice GD32F4xx Series Device Support and Examples

Package Vendor: GorgonMeducer
                https://raw.githubusercontent.com/GorgonMeducer/perf_counter/CMSIS-Pack/cmsis-pack/GorgonMeducer.perf_counter.2.3.3.pack
                GorgonMeducer::perf_counter@2.3.3
                A dedicated performance counter for the Cortex-M Systick. It shares the SysTick with users' original SysTick function without interfering with it. This library will bring new functionalities, such as performance counter, APIs for delay, clock() defined in time.h etc.
   * Component: Core Variant: Source Version: 2.3.3

<h2>Collection of Component include folders:</h2>
  ./RTE/_McuSTUDIO_F470VET6
  D:/keil/ARM/CMSIS/5.7.0/CMSIS/Core/Include
  D:/keil/GigaDevice/GD32F4xx_DFP/3.0.3/Device/F4XX/Include
  D:/keil/GorgonMeducer/perf_counter/2.3.3

<h2>Collection of Component Files used:</h2>

   * Component: ARM::CMSIS:CORE@5.4.0

   * Component: GorgonMeducer::Utilities:perf_counter:Core&Source@2.3.3
      Source file:   perfc_port_default.c
      Include file:  perf_counter.h
      Source file:   systick_wrapper_ual.s
      Source file:   perf_counter.c
Build Time Elapsed:  00:00:09
</pre>
</body>
</html>
