<html>
<body>
<pre>
<h1>礦ision Build Log</h1>
<h2>Tool Versions:</h2>
IDE-Version: μVision V5.41.0.0
Copyright (C) 2024 ARM Ltd and ARM Germany GmbH. All rights reserved.
License Information: zao chuan, 123, LIC=LSNXV-P8AKJ-12BLE-5E0KB-BXKR3-74UMI
 
Tool Versions:
Toolchain:       MDK-ARM Plus  Version: 5.41.0.0
Toolchain Path:  D:\keil\ARM\ARM_compiler_5.06\Bin
C Compiler:      Armcc.exe V5.06 update 7 (build 960)
Assembler:       Armasm.exe V5.06 update 7 (build 960)
Linker/Locator:  ArmLink.exe V5.06 update 7 (build 960)
Library Manager: ArmAr.exe V5.06 update 7 (build 960)
Hex Converter:   FromElf.exe V5.06 update 7 (build 960)
CPU DLL:         SARMCM3.DLL V5.41.0.0
Dialog DLL:      DCM.DLL V1.17.5.0
Target DLL:      CMSIS_AGDI.dll V1.33.21.0
Dialog DLL:      TCM.DLL V1.56.4.0
 
<h2>Project:</h2>
C:\Users\29690\Desktop\新建文件夹 (3)\MDK-ARM\GD32_Xifeng.uvprojx
Project File Date:  06/14/2025

<h2>Output:</h2>
*** Using Compiler 'V5.06 update 7 (build 960)', folder: 'D:\keil\ARM\ARM_compiler_5.06\Bin'
Rebuild target 'GD32_Xifeng'
assembling startup_stm32f429xx.s...
compiling stm32f4xx_it.c...
compiling sdio.c...
compiling adc.c...
compiling fatfs.c...
compiling rtc.c...
compiling sd_diskio.c...
compiling i2c.c...
compiling dac.c...
compiling usart.c...
../Components/GD25QXX/lfs_port.h(22): warning:  #1-D: last line of file ends without a newline
  #endif // LFS_PORT_H
../sysFunction/shell_app.h(59): warning:  #1-D: last line of file ends without a newline
  #endif /* SHELL_APP_H */ 
../Core/Src/usart.c: 2 warnings, 0 errors
compiling stm32f4xx_ll_adc.c...
compiling tim.c...
compiling bsp_driver_sd.c...
compiling spi.c...
compiling dma.c...
compiling main.c...
../Components/GD25QXX/lfs_port.h(22): warning:  #1-D: last line of file ends without a newline
  #endif // LFS_PORT_H
../sysFunction/shell_app.h(59): warning:  #1-D: last line of file ends without a newline
  #endif /* SHELL_APP_H */ 
../Core/Src/main.c: 2 warnings, 0 errors
compiling gpio.c...
compiling stm32f4xx_hal_msp.c...
compiling stm32f4xx_hal_dma.c...
compiling stm32f4xx_hal_adc_ex.c...
compiling diskio.c...
compiling ff_gen_drv.c...
compiling syscall.c...
compiling cc936.c...
compiling ff.c...
compiling stm32f4xx_hal_flash.c...
compiling stm32f4xx_hal_flash_ramfunc.c...
compiling stm32f4xx_hal_gpio.c...
compiling stm32f4xx_hal_adc.c...
compiling stm32f4xx_hal_flash_ex.c...
compiling stm32f4xx_hal_rcc.c...
compiling stm32f4xx_hal_dma_ex.c...
compiling stm32f4xx_hal_rcc_ex.c...
compiling stm32f4xx_hal_pwr.c...
compiling stm32f4xx_hal_mmc.c...
compiling stm32f4xx_hal_rtc.c...
compiling stm32f4xx_hal_dac_ex.c...
compiling stm32f4xx_hal_sd.c...
compiling stm32f4xx_hal_tim_ex.c...
compiling stm32f4xx_hal_cortex.c...
compiling stm32f4xx_hal.c...
compiling stm32f4xx_hal_exti.c...
compiling ebtn.c...
compiling lfs_util.c...
compiling ringbuffer.c...
compiling stm32f4xx_hal_i2c_ex.c...
compiling stm32f4xx_hal_spi.c...
compiling lfs.c...
..\Components\GD25QXX\lfs.c(1135): warning:  #68-D: integer conversion resulted in a change of sign
      return (int)lfs_dir_fetchmatch(lfs, dir, pair, -1, 0, NULL, NULL, NULL);
..\Components\GD25QXX\lfs.c: 1 warning, 0 errors
compiling stm32f4xx_hal_dac.c...
compiling stm32f4xx_hal_rtc_ex.c...
compiling stm32f4xx_hal_i2c.c...
compiling stm32f4xx_ll_sdmmc.c...
compiling stm32f4xx_hal_pwr_ex.c...
compiling stm32f4xx_hal_tim.c...
compiling gd25qxx.c...
compiling system_stm32f4xx.c...
compiling oled.c...
compiling stm32f4xx_hal_uart.c...
compiling usart_app.c...
../Components/GD25QXX/lfs_port.h(22): warning:  #1-D: last line of file ends without a newline
  #endif // LFS_PORT_H
..\sysFunction\shell_app.h(59): warning:  #1-D: last line of file ends without a newline
  #endif /* SHELL_APP_H */ 
..\sysFunction\usart_app.c: 2 warnings, 0 errors
compiling scheduler.c...
../Components/GD25QXX/lfs_port.h(22): warning:  #1-D: last line of file ends without a newline
  #endif // LFS_PORT_H
..\sysFunction\shell_app.h(59): warning:  #1-D: last line of file ends without a newline
  #endif /* SHELL_APP_H */ 
..\sysFunction\scheduler.c: 2 warnings, 0 errors
compiling sd_fatfs.c...
../Components/GD25QXX/lfs_port.h(22): warning:  #1-D: last line of file ends without a newline
  #endif // LFS_PORT_H
..\sysFunction\shell_app.h(59): warning:  #1-D: last line of file ends without a newline
  #endif /* SHELL_APP_H */ 
..\sysFunction\sd_fatfs.c: 2 warnings, 0 errors
compiling shell_app.c...
../Components/GD25QXX/lfs_port.h(22): warning:  #1-D: last line of file ends without a newline
  #endif // LFS_PORT_H
..\sysFunction\shell_app.h(59): warning:  #1-D: last line of file ends without a newline
  #endif /* SHELL_APP_H */ 
..\sysFunction\shell_app.h(59): warning:  #1-D: last line of file ends without a newline
  #endif /* SHELL_APP_H */ 
..\sysFunction\shell_app.c(1286): warning:  #1-D: last line of file ends without a newline
  }
..\sysFunction\shell_app.c(51): warning:  #177-D: function "shell_handle_escape_sequence"  was declared but never referenced
  static void shell_handle_escape_sequence(uint8_t ch);
..\sysFunction\shell_app.c(557): warning:  #177-D: function "shell_path_join"  was declared but never referenced
  static char *shell_path_join(const char *dir, const char *file)
..\sysFunction\shell_app.c: 6 warnings, 0 errors
compiling flash_app.c...
../Components/GD25QXX/lfs_port.h(22): warning:  #1-D: last line of file ends without a newline
  #endif // LFS_PORT_H
..\sysFunction\shell_app.h(59): warning:  #1-D: last line of file ends without a newline
  #endif /* SHELL_APP_H */ 
..\sysFunction\flash_app.c(79): warning:  #1293-D: assignment in condition
          if (lfs_format(&lfs, &cfg) || (err = lfs_mount(&lfs, &cfg)))
..\sysFunction\flash_app.c(96): warning:  #546-D: transfer of control bypasses initialization of:
            variable "boot_count"  (declared at line 103)
            variable "filename"  (declared at line 105)
            variable "r_sz"  (declared at line 113)
            variable "w_sz"  (declared at line 136)
          goto end_test;
          ^
..\sysFunction\flash_app.c(110): warning:  #546-D: transfer of control bypasses initialization of:
            variable "r_sz"  (declared at line 113)
            variable "w_sz"  (declared at line 136)
          goto end_test;
          ^
..\sysFunction\flash_app.c(133): warning:  #546-D: transfer of control bypasses initialization of:
            variable "w_sz"  (declared at line 136)
          goto end_test;
          ^
..\sysFunction\flash_app.c: 6 warnings, 0 errors
compiling oled_app.c...
../Components/GD25QXX/lfs_port.h(22): warning:  #1-D: last line of file ends without a newline
  #endif // LFS_PORT_H
..\sysFunction\shell_app.h(59): warning:  #1-D: last line of file ends without a newline
  #endif /* SHELL_APP_H */ 
..\sysFunction\oled_app.c(78): warning:  #1-D: last line of file ends without a newline
  }
..\sysFunction\oled_app.c(43): warning:  #550-D: variable "last_timestamp"  was set but never used
      static uint32_t last_timestamp = 0; // 涓婃鏇存柊鏃堕棿鎴?
..\sysFunction\oled_app.c: 4 warnings, 0 errors
compiling led_app.c...
../Components/GD25QXX/lfs_port.h(22): warning:  #1-D: last line of file ends without a newline
  #endif // LFS_PORT_H
..\sysFunction\shell_app.h(59): warning:  #1-D: last line of file ends without a newline
  #endif /* SHELL_APP_H */ 
..\sysFunction\led_app.c: 2 warnings, 0 errors
compiling adc_app.c...
../Components/GD25QXX/lfs_port.h(22): warning:  #1-D: last line of file ends without a newline
  #endif // LFS_PORT_H
..\sysFunction\shell_app.h(59): warning:  #1-D: last line of file ends without a newline
  #endif /* SHELL_APP_H */ 
..\sysFunction\adc_app.c: 2 warnings, 0 errors
compiling lfs_port.c...
..\Components\GD25QXX\lfs_port.h(22): warning:  #1-D: last line of file ends without a newline
  #endif // LFS_PORT_H
..\Components\GD25QXX\lfs_port.c: 1 warning, 0 errors
compiling btn_app.c...
../Components/GD25QXX/lfs_port.h(22): warning:  #1-D: last line of file ends without a newline
  #endif // LFS_PORT_H
..\sysFunction\shell_app.h(59): warning:  #1-D: last line of file ends without a newline
  #endif /* SHELL_APP_H */ 
..\sysFunction\btn_app.c(15): warning:  #177-D: variable "current_wave_type"  was declared but never referenced
  static dac_waveform_t current_wave_type = WAVEFORM_SINE;
..\sysFunction\btn_app.c: 3 warnings, 0 errors
compiling waveform_analyzer_app.c...
../Components/GD25QXX/lfs_port.h(22): warning:  #1-D: last line of file ends without a newline
  #endif // LFS_PORT_H
..\sysFunction\shell_app.h(59): warning:  #1-D: last line of file ends without a newline
  #endif /* SHELL_APP_H */ 
..\sysFunction\waveform_analyzer_app.c(598): warning:  #550-D: variable "third_harmonic_idx"  was set but never used
      int third_harmonic_idx = 0;
..\sysFunction\waveform_analyzer_app.c(620): warning:  #550-D: variable "fifth_harmonic_idx"  was set but never used
      int fifth_harmonic_idx = 0;
..\sysFunction\waveform_analyzer_app.c: 4 warnings, 0 errors
compiling dac_app.c...
../Components/GD25QXX/lfs_port.h(22): warning:  #1-D: last line of file ends without a newline
  #endif // LFS_PORT_H
..\sysFunction\shell_app.h(59): warning:  #1-D: last line of file ends without a newline
  #endif /* SHELL_APP_H */ 
..\sysFunction\dac_app.c: 2 warnings, 0 errors
linking...
Program Size: Code=76684 RO-data=214976 RW-data=396 ZI-data=54484  
FromELF: creating hex file...
"GD32_Xifeng\GD32_Xifeng.axf" - 0 Error(s), 41 Warning(s).

<h2>Software Packages used:</h2>

Package Vendor: GigaDevice
                https://gd32mcu.com/data/documents/pack/GigaDevice.GD32F4xx_DFP.3.0.3.pack
                GigaDevice::GD32F4xx_DFP@3.0.3
                GigaDevice GD32F4xx Series Device Support and Examples

<h2>Collection of Component include folders:</h2>
  D:/keil/GigaDevice/GD32F4xx_DFP/3.0.3/Device/F4XX/Include

<h2>Collection of Component Files used:</h2>
Build Time Elapsed:  00:00:54
</pre>
</body>
</html>
