Component: ARM Compiler 5.06 update 7 (build 960) Tool: armlink [4d3601]

==============================================================================

Section Cross References

    startup_stm32f429xx.o(RESET) refers to startup_stm32f429xx.o(STACK) for __initial_sp
    startup_stm32f429xx.o(RESET) refers to startup_stm32f429xx.o(.text) for Reset_Handler
    startup_stm32f429xx.o(RESET) refers to stm32f4xx_it.o(i.NMI_Handler) for NMI_Handler
    startup_stm32f429xx.o(RESET) refers to stm32f4xx_it.o(i.HardFault_Handler) for HardFault_Handler
    startup_stm32f429xx.o(RESET) refers to stm32f4xx_it.o(i.MemManage_Handler) for MemManage_Handler
    startup_stm32f429xx.o(RESET) refers to stm32f4xx_it.o(i.BusFault_Handler) for BusFault_Handler
    startup_stm32f429xx.o(RESET) refers to stm32f4xx_it.o(i.UsageFault_Handler) for UsageFault_Handler
    startup_stm32f429xx.o(RESET) refers to stm32f4xx_it.o(i.SVC_Handler) for SVC_Handler
    startup_stm32f429xx.o(RESET) refers to stm32f4xx_it.o(i.DebugMon_Handler) for DebugMon_Handler
    startup_stm32f429xx.o(RESET) refers to stm32f4xx_it.o(i.PendSV_Handler) for PendSV_Handler
    startup_stm32f429xx.o(RESET) refers to stm32f4xx_it.o(i.SysTick_Handler) for SysTick_Handler
    startup_stm32f429xx.o(RESET) refers to stm32f4xx_it.o(i.DMA1_Stream5_IRQHandler) for DMA1_Stream5_IRQHandler
    startup_stm32f429xx.o(RESET) refers to stm32f4xx_it.o(i.ADC_IRQHandler) for ADC_IRQHandler
    startup_stm32f429xx.o(RESET) refers to stm32f4xx_it.o(i.USART1_IRQHandler) for USART1_IRQHandler
    startup_stm32f429xx.o(RESET) refers to stm32f4xx_it.o(i.TIM8_TRG_COM_TIM14_IRQHandler) for TIM8_TRG_COM_TIM14_IRQHandler
    startup_stm32f429xx.o(RESET) refers to stm32f4xx_it.o(i.DMA2_Stream0_IRQHandler) for DMA2_Stream0_IRQHandler
    startup_stm32f429xx.o(RESET) refers to stm32f4xx_it.o(i.DMA2_Stream2_IRQHandler) for DMA2_Stream2_IRQHandler
    startup_stm32f429xx.o(.text) refers to system_stm32f4xx.o(i.SystemInit) for SystemInit
    startup_stm32f429xx.o(.text) refers to entry.o(.ARM.Collect$$$$00000000) for __main
    main.o(i.SystemClock_Config) refers to memseta.o(.text) for __aeabi_memclr4
    main.o(i.SystemClock_Config) refers to stm32f4xx_hal_rcc.o(i.HAL_RCC_OscConfig) for HAL_RCC_OscConfig
    main.o(i.SystemClock_Config) refers to stm32f4xx_hal_rcc.o(i.HAL_RCC_ClockConfig) for HAL_RCC_ClockConfig
    main.o(i.main) refers to stm32f4xx_hal.o(i.HAL_Init) for HAL_Init
    main.o(i.main) refers to main.o(i.SystemClock_Config) for SystemClock_Config
    main.o(i.main) refers to gpio.o(i.MX_GPIO_Init) for MX_GPIO_Init
    main.o(i.main) refers to dma.o(i.MX_DMA_Init) for MX_DMA_Init
    main.o(i.main) refers to usart.o(i.MX_USART1_UART_Init) for MX_USART1_UART_Init
    main.o(i.main) refers to adc.o(i.MX_ADC1_Init) for MX_ADC1_Init
    main.o(i.main) refers to dac.o(i.MX_DAC_Init) for MX_DAC_Init
    main.o(i.main) refers to tim.o(i.MX_TIM3_Init) for MX_TIM3_Init
    main.o(i.main) refers to tim.o(i.MX_TIM6_Init) for MX_TIM6_Init
    main.o(i.main) refers to tim.o(i.MX_TIM14_Init) for MX_TIM14_Init
    main.o(i.main) refers to i2c.o(i.MX_I2C1_Init) for MX_I2C1_Init
    main.o(i.main) refers to spi.o(i.MX_SPI2_Init) for MX_SPI2_Init
    main.o(i.main) refers to sdio.o(i.MX_SDIO_SD_Init) for MX_SDIO_SD_Init
    main.o(i.main) refers to fatfs.o(i.MX_FATFS_Init) for MX_FATFS_Init
    main.o(i.main) refers to rtc.o(i.MX_RTC_Init) for MX_RTC_Init
    main.o(i.main) refers to waveform_analyzer_app.o(i.My_FFT_Init) for My_FFT_Init
    main.o(i.main) refers to ringbuffer.o(i.rt_ringbuffer_init) for rt_ringbuffer_init
    main.o(i.main) refers to dac_app.o(i.dac_app_init) for dac_app_init
    main.o(i.main) refers to dac_app.o(i.dac_app_set_frequency) for dac_app_set_frequency
    main.o(i.main) refers to dac_app.o(i.dac_app_set_waveform) for dac_app_set_waveform
    main.o(i.main) refers to btn_app.o(i.app_btn_init) for app_btn_init
    main.o(i.main) refers to oled.o(i.OLED_Init) for OLED_Init
    main.o(i.main) refers to adc_app.o(i.adc_tim_dma_init) for adc_tim_dma_init
    main.o(i.main) refers to usart_app.o(i.my_printf) for my_printf
    main.o(i.main) refers to gd25qxx.o(i.spi_flash_init) for spi_flash_init
    main.o(i.main) refers to lfs_port.o(i.lfs_storage_init) for lfs_storage_init
    main.o(i.main) refers to flash_app.o(i.lfs_basic_test) for lfs_basic_test
    main.o(i.main) refers to shell_app.o(i.shell_init) for shell_init
    main.o(i.main) refers to shell_app.o(i.shell_set_uart) for shell_set_uart
    main.o(i.main) refers to scheduler.o(i.scheduler_init) for scheduler_init
    main.o(i.main) refers to sd_fatfs.o(i.sd_fatfs_test_all_data_types) for sd_fatfs_test_all_data_types
    main.o(i.main) refers to scheduler.o(i.scheduler_run) for scheduler_run
    main.o(i.main) refers to stm32f4xx_hal_rtc.o(i.HAL_RTC_GetTime) for HAL_RTC_GetTime
    main.o(i.main) refers to stm32f4xx_hal_rtc.o(i.HAL_RTC_GetDate) for HAL_RTC_GetDate
[...]
    lfs_file_read                            0x0800e3d1   Thumb Code   262  lfs.o(i.lfs_file_read)
    lfs_file_rewind                          0x0800e5f1   Thumb Code    18  lfs.o(i.lfs_file_rewind)
    lfs_file_seek                            0x0800e603   Thumb Code    74  lfs.o(i.lfs_file_seek)
    lfs_file_sync                            0x0800e64d   Thumb Code   202  lfs.o(i.lfs_file_sync)
    lfs_file_write                           0x0800e719   Thumb Code   428  lfs.o(i.lfs_file_write)
    lfs_format                               0x0800e8c5   Thumb Code   230  lfs.o(i.lfs_format)
    lfs_fs_size                              0x0800ee09   Thumb Code    22  lfs.o(i.lfs_fs_size)
    lfs_fs_traverse                          0x0800ee31   Thumb Code   256  lfs.o(i.lfs_fs_traverse)
    lfs_mkdir                                0x0800f155   Thumb Code   326  lfs.o(i.lfs_mkdir)
    lfs_mount                                0x0800f2ad   Thumb Code   414  lfs.o(i.lfs_mount)
    lfs_remove                               0x0800f5cd   Thumb Code   202  lfs.o(i.lfs_remove)
    lfs_rename                               0x0800f6a5   Thumb Code   454  lfs.o(i.lfs_rename)
    lfs_storage_init                         0x0800f881   Thumb Code    80  lfs_port.o(i.lfs_storage_init)
    list_dir_recursive                       0x0800f90d   Thumb Code   178  flash_app.o(i.list_dir_recursive)
    main                                     0x0800fa35   Thumb Code   224  main.o(i.main)
    malloc                                   0x0800fbc9   Thumb Code    92  malloc.o(i.malloc)
    my_printf                                0x0800fc9f   Thumb Code    50  usart_app.o(i.my_printf)
    oled_printf                              0x0800fcd1   Thumb Code    52  oled_app.o(i.oled_printf)
    oled_task                                0x0800fd05   Thumb Code   170  oled_app.o(i.oled_task)
    parse_uart_command                       0x0800fdfd   Thumb Code   432  usart_app.o(i.parse_uart_command)
    prv_btn_event                            0x08010131   Thumb Code   146  btn_app.o(i.prv_btn_event)
    prv_btn_get_state                        0x080101d1   Thumb Code    66  btn_app.o(i.prv_btn_get_state)
    rt_ringbuffer_data_len                   0x08010647   Thumb Code    48  ringbuffer.o(i.rt_ringbuffer_data_len)
    rt_ringbuffer_get                        0x08010677   Thumb Code   116  ringbuffer.o(i.rt_ringbuffer_get)
    rt_ringbuffer_init                       0x080106eb   Thumb Code    48  ringbuffer.o(i.rt_ringbuffer_init)
    rt_ringbuffer_put                        0x0801071b   Thumb Code   120  ringbuffer.o(i.rt_ringbuffer_put)
    scheduler_init                           0x080107b5   Thumb Code     8  scheduler.o(i.scheduler_init)
    scheduler_run                            0x080107c1   Thumb Code    56  scheduler.o(i.scheduler_run)
    sd_fatfs_init                            0x080107fd   Thumb Code    98  sd_fatfs.o(i.sd_fatfs_init)
    sd_fatfs_print_data                      0x08010919   Thumb Code  2214  sd_fatfs.o(i.sd_fatfs_print_data)
    sd_fatfs_read_data                       0x08011329   Thumb Code    98  sd_fatfs.o(i.sd_fatfs_read_data)
    sd_fatfs_read_file                       0x080113a9   Thumb Code    90  sd_fatfs.o(i.sd_fatfs_read_file)
    sd_fatfs_test_all_data_types             0x08011441   Thumb Code  2166  sd_fatfs.o(i.sd_fatfs_test_all_data_types)
    sd_fatfs_write_data                      0x08011df9   Thumb Code    78  sd_fatfs.o(i.sd_fatfs_write_data)
    sd_fatfs_write_file                      0x08011e65   Thumb Code    96  sd_fatfs.o(i.sd_fatfs_write_file)
    shell_execute                            0x08011f81   Thumb Code   120  shell_app.o(i.shell_execute)
    shell_init                               0x080124a1   Thumb Code    60  shell_app.o(i.shell_init)
    shell_print                              0x08012649   Thumb Code    24  shell_app.o(i.shell_print)
    shell_printf                             0x08012669   Thumb Code    30  shell_app.o(i.shell_printf)
    shell_process                            0x08012687   Thumb Code    24  shell_app.o(i.shell_process)
    shell_set_uart                           0x08012779   Thumb Code     6  shell_app.o(i.shell_set_uart)
    spi_flash_buffer_read                    0x08012785   Thumb Code    88  gd25qxx.o(i.spi_flash_buffer_read)
    spi_flash_buffer_write                   0x080127e1   Thumb Code   188  gd25qxx.o(i.spi_flash_buffer_write)
    spi_flash_init                           0x0801289d   Thumb Code    10  gd25qxx.o(i.spi_flash_init)
    spi_flash_page_write                     0x080128ad   Thumb Code    94  gd25qxx.o(i.spi_flash_page_write)
    spi_flash_sector_erase                   0x08012911   Thumb Code    70  gd25qxx.o(i.spi_flash_sector_erase)
    spi_flash_send_byte                      0x0801295d   Thumb Code    28  gd25qxx.o(i.spi_flash_send_byte)
    spi_flash_wait_for_write_end             0x0801297d   Thumb Code    48  gd25qxx.o(i.spi_flash_wait_for_write_end)
    spi_flash_write_enable                   0x080129b1   Thumb Code    38  gd25qxx.o(i.spi_flash_write_enable)
    sqrtf                                    0x080129dd   Thumb Code    62  sqrtf.o(i.sqrtf)
    uart_task                                0x08012bbd   Thumb Code    62  usart_app.o(i.uart_task)
    SD_Driver                                0x08012d38   Data          20  sd_diskio.o(.constdata)
    AHBPrescTable                            0x0803d934   Data          16  system_stm32f4xx.o(.constdata)
    APBPrescTable                            0x0803d944   Data           8  system_stm32f4xx.o(.constdata)
    F6X8                                     0x0803d94c   Data         552  oled.o(.constdata)
    Hzk                                      0x0803e164   Data         128  oled.o(.constdata)
    Hzb                                      0x0803e1e4   Data         512  oled.o(.constdata)
    __ctype_table                            0x0803e890   Data         129  ctype_o.o(.constdata)
    armBitRevTable                           0x0803eb2a   Data        2048  arm_common_tables.o(.rodata.armBitRevTable)
    twiddleCoef_4096                         0x0803f32c   Data       32768  arm_common_tables.o(.rodata.twiddleCoef_4096)
    Region$$Table$$Base                      0x0804732c   Number         0  anon$$obj.o(Region$$Table)
    Region$$Table$$Limit                     0x0804734c   Number         0  anon$$obj.o(Region$$Table)
    initial_peak_amplitude                   0x20000000   Data           2  main.o(.data)
    initial_frequency                        0x20000004   Data           4  main.o(.data)
    mydata                                   0x20000008   Data           4  main.o(.data)
    hour                                     0x2000000c   Data           4  main.o(.data)
    min                                      0x20000010   Data           4  main.o(.data)
    sec                                      0x20000014   Data           4  main.o(.data)
    retSD                                    0x20000019   Data           1  fatfs.o(.data)
    SDPath                                   0x2000001a   Data           4  fatfs.o(.data)
    uwTickFreq                               0x20000028   Data           1  stm32f4xx_hal.o(.data)
    uwTickPrio                               0x2000002c   Data           4  stm32f4xx_hal.o(.data)
    uwTick                                   0x20000030   Data           4  stm32f4xx_hal.o(.data)
    SystemCoreClock                          0x20000034   Data           4  system_stm32f4xx.o(.data)
    initcmd1                                 0x20000038   Data          22  oled.o(.data)
    task_num                                 0x20000050   Data           1  scheduler.o(.data)
    uart_rx_index                            0x20000090   Data           2  usart_app.o(.data)
    uart_rx_ticks                            0x20000094   Data           4  usart_app.o(.data)
    ucLed                                    0x20000099   Data           6  led_app.o(.data)
    uart_send_flag                           0x2000009f   Data           1  btn_app.o(.data)
    oled_display_state                       0x200000a0   Data           1  btn_app.o(.data)
    oled_update_flag                         0x200000a1   Data           1  btn_app.o(.data)
    AdcConvEnd                               0x2000014c   Data           1  adc_app.o(.data)
    wave_analysis_flag                       0x2000014d   Data           1  adc_app.o(.data)
    wave_query_type                          0x2000014e   Data           1  adc_app.o(.data)
    adc_record_flag                          0x2000014f   Data           1  adc_app.o(.data)
    adc_record_count                         0x20000152   Data           2  adc_app.o(.data)
    voltage                                  0x20000154   Data           4  adc_app.o(.data)
    __stdout                                 0x2000017c   Data           4  stdout.o(.data)
    __microlib_freelist                      0x20000180   Data           4  mvars.o(.data)
    __microlib_freelist_initialised          0x20000184   Data           4  mvars.o(.data)
    mytime                                   0x2000018c   Data          20  main.o(.bss)
    hadc1                                    0x200001a0   Data          72  adc.o(.bss)
    hdma_adc1                                0x200001e8   Data          96  adc.o(.bss)
    hdac                                     0x20000248   Data          20  dac.o(.bss)
    hdma_dac1                                0x2000025c   Data          96  dac.o(.bss)
    hi2c1                                    0x200002bc   Data          84  i2c.o(.bss)
    hrtc                                     0x20000310   Data          32  rtc.o(.bss)
    hsd                                      0x20000330   Data         132  sdio.o(.bss)
    hspi2                                    0x200003b4   Data          88  spi.o(.bss)
    htim3                                    0x2000040c   Data          72  tim.o(.bss)
    htim6                                    0x20000454   Data          72  tim.o(.bss)
    htim14                                   0x2000049c   Data          72  tim.o(.bss)
    huart1                                   0x200004e4   Data          72  usart.o(.bss)
    hdma_usart1_rx                           0x2000052c   Data          96  usart.o(.bss)
    SDFatFS                                  0x2000058c   Data         564  fatfs.o(.bss)
    disk                                     0x200007e0   Data          12  ff_gen_drv.o(.bss)
    uart_rx_buffer                           0x20000a48   Data         128  usart_app.o(.bss)
    uart_rx_dma_buffer                       0x20000ac8   Data         128  usart_app.o(.bss)
    uart_dma_buffer                          0x20000b48   Data         128  usart_app.o(.bss)
    uart_ringbuffer                          0x20000bc8   Data          12  usart_app.o(.bss)
    ringbuffer_pool                          0x20000bd4   Data         128  usart_app.o(.bss)
    adc_value_buffer                         0x20000c9c   Data        4096  adc_app.o(.bss)
    dac_val_buffer                           0x20001c9c   Data        4096  adc_app.o(.bss)
    res_val_buffer                           0x20002c9c   Data        4096  adc_app.o(.bss)
    adc_val_buffer                           0x20003c9c   Data        8192  adc_app.o(.bss)
    adc_data_buffer                          0x20005c9c   Data       12000  adc_app.o(.bss)
    wave_data                                0x20008b7c   Data          56  adc_app.o(.bss)
    lfs                                      0x20008db4   Data         120  flash_app.o(.bss)
    cfg                                      0x20008e2c   Data          72  flash_app.o(.bss)
    scfft                                    0x2000924c   Data          20  waveform_analyzer_app.o(.bss)
    FFT_InputBuf                             0x20009260   Data        8192  waveform_analyzer_app.o(.bss)
    FFT_OutputBuf                            0x2000b260   Data        4096  waveform_analyzer_app.o(.bss)
    __heap_base                              0x2000c260   Data           0  startup_stm32f429xx.o(HEAP)
    __heap_limit                             0x2000d260   Data           0  startup_stm32f429xx.o(HEAP)
    __initial_sp                             0x2000d660   Data           0  startup_stm32f429xx.o(STACK)



==============================================================================

Memory Map of the image

  Image Entry point : 0x080001ad

  Load Region LR_IROM1 (Base: 0x08000000, Size: 0x000474d8, Max: 0x00080000, ABSOLUTE, COMPRESSED[0x000473c4])

    Execution Region ER_IROM1 (Exec base: 0x08000000, Load base: 0x08000000, Size: 0x0004734c, Max: 0x00080000, ABSOLUTE)

    Exec Addr    Load Addr    Size         Type   Attr      Idx    E Section Name        Object

    0x08000000   0x08000000   0x000001ac   Data   RO            3    RESET               startup_stm32f429xx.o
    0x080001ac   0x080001ac   0x00000000   Code   RO         8664  * .ARM.Collect$$$$00000000  mc_w.l(entry.o)
    0x080001ac   0x080001ac   0x00000004   Code   RO         9025    .ARM.Collect$$$$00000001  mc_w.l(entry2.o)
    0x080001b0   0x080001b0   0x00000004   Code   RO         9028    .ARM.Collect$$$$00000004  mc_w.l(entry5.o)
    0x080001b4   0x080001b4   0x00000000   Code   RO         9030    .ARM.Collect$$$$00000008  mc_w.l(entry7b.o)
    0x080001b4   0x080001b4   0x00000000   Code   RO         9032    .ARM.Collect$$$$0000000A  mc_w.l(entry8b.o)
    0x080001b4   0x080001b4   0x00000008   Code   RO         9033    .ARM.Collect$$$$0000000B  mc_w.l(entry9a.o)
    0x080001bc   0x080001bc   0x00000004   Code   RO         9040    .ARM.Collect$$$$0000000E  mc_w.l(entry12b.o)
    0x080001c0   0x080001c0   0x00000000   Code   RO         9035    .ARM.Collect$$$$0000000F  mc_w.l(entry10a.o)
    0x080001c0   0x080001c0   0x00000000   Code   RO         9037    .ARM.Collect$$$$00000011  mc_w.l(entry11a.o)
    0x080001c0   0x080001c0   0x00000004   Code   RO         9026    .ARM.Collect$$$$00002712  mc_w.l(entry2.o)
    0x080001c4   0x080001c4   0x00000024   Code   RO            4    .text               startup_stm32f429xx.o
    0x080001e8   0x080001e8   0x00000062   Code   RO         8667    .text               mc_w.l(uldiv.o)
    0x0800024a   0x0800024a   0x00000024   Code   RO         8671    .text               mc_w.l(memcpya.o)
    0x0800026e   0x0800026e   0x00000024   Code   RO         8673    .text               mc_w.l(memseta.o)
    0x08000292   0x08000292   0x00000018   Code   RO         8675    .text               mc_w.l(strcat.o)
    0x080002aa   0x080002aa   0x00000018   Code   RO         8677    .text               mc_w.l(strncpy.o)
    0x080002c2   0x080002c2   0x00000014   Code   RO         8679    .text               mc_w.l(strchr.o)
    0x080002d6   0x080002d6   0x0000000e   Code   RO         8681    .text               mc_w.l(strlen.o)
    0x080002e4   0x080002e4   0x0000001c   Code   RO         8683    .text               mc_w.l(strcmp.o)
    0x08000300   0x08000300   0x0000001a   Code   RO         8685    .text               mc_w.l(memcmp.o)
    0x0800031a   0x0800031a   0x00000028   Code   RO         8687    .text               mc_w.l(strncat.o)
    0x08000342   0x08000342   0x00000012   Code   RO         8689    .text               mc_w.l(strcpy.o)
    0x08000354   0x08000354   0x0000001e   Code   RO         8691    .text               mc_w.l(strncmp.o)
    0x08000372   0x08000372   0x00000002   PAD
    0x08000374   0x08000374   0x00000044   Code   RO         8693    .text               mc_w.l(strtok.o)
    0x080003b8   0x080003b8   0x00000016   Code   RO         8699    .text               mc_w.l(strrchr.o)
    0x080003ce   0x080003ce   0x0000001c   Code   RO         8701    .text               mc_w.l(strspn.o)
    0x080003ea   0x080003ea   0x00000022   Code   RO         8703    .text               mc_w.l(strcspn.o)
    0x0800040c   0x0800040c   0x0000001a   Code   RO         8996    .text               mc_w.l(atoi.o)
    0x08000426   0x08000426   0x000000b0   Code   RO         8998    .text               mf_w.l(fadd.o)
    0x080004d6   0x080004d6   0x00000064   Code   RO         9000    .text               mf_w.l(fmul.o)
    0x0800053a   0x0800053a   0x0000001c   Code   RO         9002    .text               mf_w.l(ffltul.o)
    0x08000556   0x08000556   0x00000026   Code   RO         9004    .text               mf_w.l(f2d.o)
    0x0800057c   0x0800057c   0x0000002c   Code   RO         9042    .text               mc_w.l(uidiv.o)
    0x080005a8   0x080005a8   0x0000001e   Code   RO         9044    .text               mc_w.l(llshl.o)
    0x080005c6   0x080005c6   0x00000020   Code   RO         9046    .text               mc_w.l(llushr.o)
    0x080005e6   0x080005e6   0x00000070   Code   RO         9057    .text               mc_w.l(strtol.o)
    0x08000656   0x08000656   0x00000000   Code   RO         9059    .text               mc_w.l(iusefp.o)
    0x08000656   0x08000656   0x0000006e   Code   RO         9060    .text               mf_w.l(fepilogue.o)
    0x080006c4   0x080006c4   0x0000014e   Code   RO         9062    .text               mf_w.l(dadd.o)
    0x08000812   0x08000812   0x000000e4   Code   RO         9064    .text               mf_w.l(dmul.o)
    0x080008f6   0x080008f6   0x000000de   Code   RO         9066    .text               mf_w.l(ddiv.o)
    0x080009d4   0x080009d4   0x00000030   Code   RO         9068    .text               mf_w.l(dfixul.o)
    0x08000a04   0x08000a04   0x00000030   Code   RO         9070    .text               mf_w.l(cdrcmple.o)
    0x08000a34   0x08000a34   0x00000024   Code   RO         9072    .text               mc_w.l(init.o)
    0x08000a58   0x08000a58   0x00000024   Code   RO         9074    .text               mc_w.l(llsshr.o)
    0x08000a7c   0x08000a7c   0x00000008   Code   RO         9076    .text               mc_w.l(ctype_o.o)
    0x08000a84   0x08000a84   0x0000009e   Code   RO         9104    .text               mc_w.l(_strtoul.o)
    0x08000b22   0x08000b22   0x000000ba   Code   RO         9106    .text               mf_w.l(depilogue.o)
    0x08000bdc   0x08000bdc   0x0000001c   Code   RO         9108    .text               mc_w.l(_chval.o)
    0x08000bf8   0x08000bf8   0x00000056   Code   RO         9118    .text               mc_w.l(__dczerorl2.o)
    0x08000c4e   0x08000c4e   0x00000002   PAD
    0x08000c50   0x08000c50   0x000000ae   Code   RO         8519    .text.arm_bitreversal_f32  arm_cortexM4l_math.lib(arm_bitreversal.o)
    0x08000cfe   0x08000cfe   0x00000042   Code   RO         8494    .text.arm_cfft_radix4_f32  arm_cortexM4l_math.lib(arm_cfft_radix4_f32.o)
    0x08000d40   0x08000d40   0x0000007c   Code   RO         8509    .text.arm_cfft_radix4_init_f32  arm_cortexM4l_math.lib(arm_cfft_radix4_init_f32.o)
    0x08000dbc   0x08000dbc   0x000000e8   Code   RO         8484    .text.arm_cmplx_mag_f32  arm_cortexM4l_math.lib(arm_cmplx_mag_f32.o)
    0x08000ea4   0x08000ea4   0x00000568   Code   RO         8498    .text.arm_radix4_butterfly_f32  arm_cortexM4l_math.lib(arm_cfft_radix4_f32.o)
    0x0800140c   0x0800140c   0x0000059a   Code   RO         8496    .text.arm_radix4_butterfly_inverse_f32  arm_cortexM4l_math.lib(arm_cfft_radix4_f32.o)
    0x080019a6   0x080019a6   0x0000006e   Code   RO         1645    i.ADC_DMAConvCplt   stm32f4xx_hal_adc.o
    0x08001a14   0x08001a14   0x00000016   Code   RO         1646    i.ADC_DMAError      stm32f4xx_hal_adc.o
    0x08001a2a   0x08001a2a   0x0000000a   Code   RO         1647    i.ADC_DMAHalfConvCplt  stm32f4xx_hal_adc.o
    0x08001a34   0x08001a34   0x0000000c   Code   RO          735    i.ADC_IRQHandler    stm32f4xx_it.o
    0x08001a40   0x08001a40   0x00000128   Code   RO         1648    i.ADC_Init          stm32f4xx_hal_adc.o
    0x08001b68   0x08001b68   0x000001e8   Code   RO         8288    i.Analyze_Frequency_And_Type  waveform_analyzer_app.o
    0x08001d50   0x08001d50   0x000002b0   Code   RO         8289    i.Analyze_Harmonics  waveform_analyzer_app.o
    0x08002000   0x08002000   0x0000000c   Code   RO          874    i.BSP_SD_GetCardInfo  bsp_driver_sd.o
    0x0800200c   0x0800200c   0x00000018   Code   RO          875    i.BSP_SD_GetCardState  bsp_driver_sd.o
    0x08002024   0x08002024   0x00000030   Code   RO          877    i.BSP_SD_Init       bsp_driver_sd.o
    0x08002054   0x08002054   0x0000000e   Code   RO          878    i.BSP_SD_IsDetected  bsp_driver_sd.o
    0x08002062   0x08002062   0x00000002   PAD
    0x08002064   0x08002064   0x00000020   Code   RO          879    i.BSP_SD_ReadBlocks  bsp_driver_sd.o
    0x08002084   0x08002084   0x00000020   Code   RO          882    i.BSP_SD_WriteBlocks  bsp_driver_sd.o
    0x080020a4   0x080020a4   0x00000002   Code   RO          736    i.BusFault_Handler  stm32f4xx_it.o
    0x080020a6   0x080020a6   0x00000002   PAD
    0x080020a8   0x080020a8   0x00000038   Code   RO         8290    i.Calculate_Phase_Difference  waveform_analyzer_app.o
    0x080020e0   0x080020e0   0x00000010   Code   RO         3155    i.DAC_DMAConvCpltCh1  stm32f4xx_hal_dac.o
    0x080020f0   0x080020f0   0x00000010   Code   RO         3299    i.DAC_DMAConvCpltCh2  stm32f4xx_hal_dac_ex.o
    0x08002100   0x08002100   0x00000018   Code   RO         3156    i.DAC_DMAErrorCh1   stm32f4xx_hal_dac.o
    0x08002118   0x08002118   0x00000018   Code   RO         3300    i.DAC_DMAErrorCh2   stm32f4xx_hal_dac_ex.o
    0x08002130   0x08002130   0x0000000a   Code   RO         3157    i.DAC_DMAHalfConvCpltCh1  stm32f4xx_hal_dac.o
    0x0800213a   0x0800213a   0x0000000a   Code   RO         3301    i.DAC_DMAHalfConvCpltCh2  stm32f4xx_hal_dac_ex.o
    0x08002144   0x08002144   0x0000000c   Code   RO          737    i.DMA1_Stream5_IRQHandler  stm32f4xx_it.o
    0x08002150   0x08002150   0x0000000c   Code   RO          738    i.DMA2_Stream0_IRQHandler  stm32f4xx_it.o
    0x0800215c   0x0800215c   0x0000000c   Code   RO          739    i.DMA2_Stream2_IRQHandler  stm32f4xx_it.o
    0x08002168   0x08002168   0x00000028   Code   RO         2434    i.DMA_CalcBaseAndBitshift  stm32f4xx_hal_dma.o
    0x08002190   0x08002190   0x00000054   Code   RO         2435    i.DMA_CheckFifoParam  stm32f4xx_hal_dma.o
    0x080021e4   0x080021e4   0x00000028   Code   RO         2436    i.DMA_SetConfig     stm32f4xx_hal_dma.o
    0x0800220c   0x0800220c   0x00000002   Code   RO          740    i.DebugMon_Handler  stm32f4xx_it.o
    0x0800220e   0x0800220e   0x00000004   Code   RO           13    i.Error_Handler     main.o
    0x08002212   0x08002212   0x00000006   Code   RO         1527    i.FATFS_LinkDriver  ff_gen_drv.o
    0x08002218   0x08002218   0x00000044   Code   RO         1528    i.FATFS_LinkDriverEx  ff_gen_drv.o
    0x0800225c   0x0800225c   0x00000068   Code   RO         8291    i.GetWaveformTypeString  waveform_analyzer_app.o
    0x080022c4   0x080022c4   0x00000010   Code   RO         8292    i.Get_Component_Phase  waveform_analyzer_app.o
    0x080022d4   0x080022d4   0x00000060   Code   RO         8295    i.Get_Waveform_Info  waveform_analyzer_app.o
    0x08002334   0x08002334   0x000000cc   Code   RO         8296    i.Get_Waveform_Phase  waveform_analyzer_app.o
    0x08002400   0x08002400   0x00000098   Code   RO         8299    i.Get_Waveform_Vpp  waveform_analyzer_app.o
    0x08002498   0x08002498   0x00000002   Code   RO         1819    i.HAL_ADCEx_InjectedConvCpltCallback  stm32f4xx_hal_adc_ex.o
    0x0800249a   0x0800249a   0x00000002   PAD
    0x0800249c   0x0800249c   0x00000164   Code   RO         1650    i.HAL_ADC_ConfigChannel  stm32f4xx_hal_adc.o
    0x08002600   0x08002600   0x0000001c   Code   RO         7856    i.HAL_ADC_ConvCpltCallback  adc_app.o
    0x0800261c   0x0800261c   0x00000002   Code   RO         1652    i.HAL_ADC_ConvHalfCpltCallback  stm32f4xx_hal_adc.o
    0x0800261e   0x0800261e   0x00000002   Code   RO         1654    i.HAL_ADC_ErrorCallback  stm32f4xx_hal_adc.o
    0x08002620   0x08002620   0x0000012e   Code   RO         1658    i.HAL_ADC_IRQHandler  stm32f4xx_hal_adc.o
    0x0800274e   0x0800274e   0x00000054   Code   RO         1659    i.HAL_ADC_Init      stm32f4xx_hal_adc.o
    0x080027a2   0x080027a2   0x00000002   Code   RO         1660    i.HAL_ADC_LevelOutOfWindowCallback  stm32f4xx_hal_adc.o
    0x080027a4   0x080027a4   0x000000c8   Code   RO          355    i.HAL_ADC_MspInit   adc.o
    0x0800286c   0x0800286c   0x00000154   Code   RO         1666    i.HAL_ADC_Start_DMA  stm32f4xx_hal_adc.o
    0x080029c0   0x080029c0   0x0000006c   Code   RO         1669    i.HAL_ADC_Stop_DMA  stm32f4xx_hal_adc.o
    0x08002a2c   0x08002a2c   0x00000002   Code   RO         3302    i.HAL_DACEx_ConvCpltCallbackCh2  stm32f4xx_hal_dac_ex.o
    0x08002a2e   0x08002a2e   0x00000002   Code   RO         3303    i.HAL_DACEx_ConvHalfCpltCallbackCh2  stm32f4xx_hal_dac_ex.o
    0x08002a30   0x08002a30   0x00000002   Code   RO         3309    i.HAL_DACEx_ErrorCallbackCh2  stm32f4xx_hal_dac_ex.o
    0x08002a32   0x08002a32   0x0000004e   Code   RO         3158    i.HAL_DAC_ConfigChannel  stm32f4xx_hal_dac.o
    0x08002a80   0x08002a80   0x00000002   Code   RO         3159    i.HAL_DAC_ConvCpltCallbackCh1  stm32f4xx_hal_dac.o
    0x08002a82   0x08002a82   0x00000002   Code   RO         3160    i.HAL_DAC_ConvHalfCpltCallbackCh1  stm32f4xx_hal_dac.o
    0x08002a84   0x08002a84   0x00000002   Code   RO         3163    i.HAL_DAC_ErrorCallbackCh1  stm32f4xx_hal_dac.o
    0x08002a86   0x08002a86   0x00000028   Code   RO         3168    i.HAL_DAC_Init      stm32f4xx_hal_dac.o
    0x08002aae   0x08002aae   0x00000002   PAD
    0x08002ab0   0x08002ab0   0x000000a0   Code   RO          397    i.HAL_DAC_MspInit   dac.o
    0x08002b50   0x08002b50   0x000000e0   Code   RO         3173    i.HAL_DAC_Start_DMA  stm32f4xx_hal_dac.o
    0x08002c30   0x08002c30   0x00000052   Code   RO         3175    i.HAL_DAC_Stop_DMA  stm32f4xx_hal_dac.o
    0x08002c82   0x08002c82   0x00000092   Code   RO         2437    i.HAL_DMA_Abort     stm32f4xx_hal_dma.o
    0x08002d14   0x08002d14   0x00000024   Code   RO         2438    i.HAL_DMA_Abort_IT  stm32f4xx_hal_dma.o
    0x08002d38   0x08002d38   0x000001a0   Code   RO         2442    i.HAL_DMA_IRQHandler  stm32f4xx_hal_dma.o
    0x08002ed8   0x08002ed8   0x000000d4   Code   RO         2443    i.HAL_DMA_Init      stm32f4xx_hal_dma.o
    0x08002fac   0x08002fac   0x0000006e   Code   RO         2447    i.HAL_DMA_Start_IT  stm32f4xx_hal_dma.o
    0x0800301a   0x0800301a   0x00000002   PAD
    0x0800301c   0x0800301c   0x00000024   Code   RO         2892    i.HAL_Delay         stm32f4xx_hal.o
    0x08003040   0x08003040   0x00000234   Code   RO         2330    i.HAL_GPIO_Init     stm32f4xx_hal_gpio.o
    0x08003274   0x08003274   0x0000000a   Code   RO         2332    i.HAL_GPIO_ReadPin  stm32f4xx_hal_gpio.o
    0x0800327e   0x0800327e   0x0000000a   Code   RO         2334    i.HAL_GPIO_WritePin  stm32f4xx_hal_gpio.o
    0x08003288   0x08003288   0x0000000c   Code   RO         2900    i.HAL_GetTick       stm32f4xx_hal.o
    0x08003294   0x08003294   0x00000042   Code   RO         3832    i.HAL_I2CEx_ConfigAnalogFilter  stm32f4xx_hal_i2c_ex.o
    0x080032d6   0x080032d6   0x0000003e   Code   RO         3833    i.HAL_I2CEx_ConfigDigitalFilter  stm32f4xx_hal_i2c_ex.o
    0x08003314   0x08003314   0x00000188   Code   RO         3406    i.HAL_I2C_Init      stm32f4xx_hal_i2c.o
    0x0800349c   0x0800349c   0x00000130   Code   RO         3427    i.HAL_I2C_Mem_Write  stm32f4xx_hal_i2c.o
    0x080035cc   0x080035cc   0x0000006c   Code   RO          463    i.HAL_I2C_MspInit   i2c.o
    0x08003638   0x08003638   0x00000010   Code   RO         2906    i.HAL_IncTick       stm32f4xx_hal.o
    0x08003648   0x08003648   0x00000034   Code   RO         2907    i.HAL_Init          stm32f4xx_hal.o
    0x0800367c   0x0800367c   0x00000040   Code   RO         2908    i.HAL_InitTick      stm32f4xx_hal.o
    0x080036bc   0x080036bc   0x00000030   Code   RO          847    i.HAL_MspInit       stm32f4xx_hal_msp.o
    0x080036ec   0x080036ec   0x0000001a   Code   RO         2740    i.HAL_NVIC_EnableIRQ  stm32f4xx_hal_cortex.o
    0x08003706   0x08003706   0x00000002   PAD
    0x08003708   0x08003708   0x00000040   Code   RO         2746    i.HAL_NVIC_SetPriority  stm32f4xx_hal_cortex.o
    0x08003748   0x08003748   0x00000024   Code   RO         2747    i.HAL_NVIC_SetPriorityGrouping  stm32f4xx_hal_cortex.o
    0x0800376c   0x0800376c   0x00000254   Code   RO         2031    i.HAL_RCCEx_PeriphCLKConfig  stm32f4xx_hal_rcc_ex.o
    0x080039c0   0x080039c0   0x00000134   Code   RO         1924    i.HAL_RCC_ClockConfig  stm32f4xx_hal_rcc.o
    0x08003af4   0x08003af4   0x00000020   Code   RO         1931    i.HAL_RCC_GetPCLK1Freq  stm32f4xx_hal_rcc.o
    0x08003b14   0x08003b14   0x00000020   Code   RO         1932    i.HAL_RCC_GetPCLK2Freq  stm32f4xx_hal_rcc.o
    0x08003b34   0x08003b34   0x00000064   Code   RO         1933    i.HAL_RCC_GetSysClockFreq  stm32f4xx_hal_rcc.o
    0x08003b98   0x08003b98   0x0000036c   Code   RO         1936    i.HAL_RCC_OscConfig  stm32f4xx_hal_rcc.o
    0x08003f04   0x08003f04   0x0000000a   Code   RO         4035    i.HAL_RTCEx_BKUPRead  stm32f4xx_hal_rtc_ex.o
    0x08003f0e   0x08003f0e   0x0000000a   Code   RO         4036    i.HAL_RTCEx_BKUPWrite  stm32f4xx_hal_rtc_ex.o
    0x08003f18   0x08003f18   0x00000044   Code   RO         3872    i.HAL_RTC_GetDate   stm32f4xx_hal_rtc.o
    0x08003f5c   0x08003f5c   0x00000054   Code   RO         3874    i.HAL_RTC_GetTime   stm32f4xx_hal_rtc.o
    0x08003fb0   0x08003fb0   0x0000009c   Code   RO         3875    i.HAL_RTC_Init      stm32f4xx_hal_rtc.o
    0x0800404c   0x0800404c   0x0000003c   Code   RO          505    i.HAL_RTC_MspInit   rtc.o
    0x08004088   0x08004088   0x0000016c   Code   RO         3879    i.HAL_RTC_SetAlarm  stm32f4xx_hal_rtc.o
    0x080041f4   0x080041f4   0x00000098   Code   RO         3881    i.HAL_RTC_SetDate   stm32f4xx_hal_rtc.o
    0x0800428c   0x0800428c   0x000000c0   Code   RO         3882    i.HAL_RTC_SetTime   stm32f4xx_hal_rtc.o
    0x0800434c   0x0800434c   0x00000038   Code   RO         3883    i.HAL_RTC_WaitForSynchro  stm32f4xx_hal_rtc.o
    0x08004384   0x08004384   0x00000118   Code   RO         4551    i.HAL_SD_ConfigWideBusOperation  stm32f4xx_hal_sd.o
    0x0800449c   0x0800449c   0x00000198   Code   RO         4556    i.HAL_SD_GetCardCSD  stm32f4xx_hal_sd.o
    0x08004634   0x08004634   0x00000024   Code   RO         4557    i.HAL_SD_GetCardInfo  stm32f4xx_hal_sd.o
    0x08004658   0x08004658   0x0000002c   Code   RO         4558    i.HAL_SD_GetCardState  stm32f4xx_hal_sd.o
    0x08004684   0x08004684   0x00000036   Code   RO         4563    i.HAL_SD_Init       stm32f4xx_hal_sd.o
    0x080046ba   0x080046ba   0x00000002   PAD
    0x080046bc   0x080046bc   0x0000007c   Code   RO         4564    i.HAL_SD_InitCard   stm32f4xx_hal_sd.o
    0x08004738   0x08004738   0x00000094   Code   RO          547    i.HAL_SD_MspInit    sdio.o
    0x080047cc   0x080047cc   0x000001e0   Code   RO         4567    i.HAL_SD_ReadBlocks  stm32f4xx_hal_sd.o
    0x080049ac   0x080049ac   0x000001b0   Code   RO         4572    i.HAL_SD_WriteBlocks  stm32f4xx_hal_sd.o
    0x08004b5c   0x08004b5c   0x000000bc   Code   RO         4802    i.HAL_SPI_Init      stm32f4xx_hal_spi.o
    0x08004c18   0x08004c18   0x0000006c   Code   RO          589    i.HAL_SPI_MspInit   spi.o
    0x08004c84   0x08004c84   0x000001f0   Code   RO         4811    i.HAL_SPI_TransmitReceive  stm32f4xx_hal_spi.o
    0x08004e74   0x08004e74   0x00000028   Code   RO         2751    i.HAL_SYSTICK_Config  stm32f4xx_hal_cortex.o
    0x08004e9c   0x08004e9c   0x00000002   Code   RO         5819    i.HAL_TIMEx_BreakCallback  stm32f4xx_hal_tim_ex.o
    0x08004e9e   0x08004e9e   0x00000002   Code   RO         5820    i.HAL_TIMEx_CommutCallback  stm32f4xx_hal_tim_ex.o
    0x08004ea0   0x08004ea0   0x00000090   Code   RO         5838    i.HAL_TIMEx_MasterConfigSynchronization  stm32f4xx_hal_tim_ex.o
    0x08004f30   0x08004f30   0x0000005a   Code   RO         5115    i.HAL_TIM_Base_Init  stm32f4xx_hal_tim.o
    0x08004f8a   0x08004f8a   0x00000002   PAD
    0x08004f8c   0x08004f8c   0x00000070   Code   RO          631    i.HAL_TIM_Base_MspInit  tim.o
    0x08004ffc   0x08004ffc   0x00000078   Code   RO         5118    i.HAL_TIM_Base_Start  stm32f4xx_hal_tim.o
    0x08005074   0x08005074   0x00000080   Code   RO         5120    i.HAL_TIM_Base_Start_IT  stm32f4xx_hal_tim.o
    0x080050f4   0x080050f4   0x00000026   Code   RO         5121    i.HAL_TIM_Base_Stop  stm32f4xx_hal_tim.o
    0x0800511a   0x0800511a   0x000000dc   Code   RO         5124    i.HAL_TIM_ConfigClockSource  stm32f4xx_hal_tim.o
    0x080051f6   0x080051f6   0x00000026   Code   RO         5146    i.HAL_TIM_GenerateEvent  stm32f4xx_hal_tim.o
    0x0800521c   0x0800521c   0x00000002   Code   RO         5149    i.HAL_TIM_IC_CaptureCallback  stm32f4xx_hal_tim.o
    0x0800521e   0x0800521e   0x00000130   Code   RO         5163    i.HAL_TIM_IRQHandler  stm32f4xx_hal_tim.o
    0x0800534e   0x0800534e   0x00000002   Code   RO         5166    i.HAL_TIM_OC_DelayElapsedCallback  stm32f4xx_hal_tim.o
    0x08005350   0x08005350   0x00000002   Code   RO         5193    i.HAL_TIM_PWM_PulseFinishedCallback  stm32f4xx_hal_tim.o
    0x08005352   0x08005352   0x00000002   PAD
    0x08005354   0x08005354   0x00000018   Code   RO         7788    i.HAL_TIM_PeriodElapsedCallback  btn_app.o
    0x0800536c   0x0800536c   0x00000002   Code   RO         5206    i.HAL_TIM_TriggerCallback  stm32f4xx_hal_tim.o
    0x0800536e   0x0800536e   0x0000004e   Code   RO         6096    i.HAL_UARTEx_ReceiveToIdle_DMA  stm32f4xx_hal_uart.o
    0x080053bc   0x080053bc   0x0000004c   Code   RO         7665    i.HAL_UARTEx_RxEventCallback  usart_app.o
    0x08005408   0x08005408   0x00000070   Code   RO         6110    i.HAL_UART_DMAStop  stm32f4xx_hal_uart.o
    0x08005478   0x08005478   0x00000002   Code   RO         6112    i.HAL_UART_ErrorCallback  stm32f4xx_hal_uart.o
    0x0800547a   0x0800547a   0x00000002   PAD
    0x0800547c   0x0800547c   0x00000270   Code   RO         6115    i.HAL_UART_IRQHandler  stm32f4xx_hal_uart.o
    0x080056ec   0x080056ec   0x00000064   Code   RO         6116    i.HAL_UART_Init     stm32f4xx_hal_uart.o
    0x08005750   0x08005750   0x000000b0   Code   RO          685    i.HAL_UART_MspInit  usart.o
    0x08005800   0x08005800   0x0000001c   Code   RO         6121    i.HAL_UART_Receive_IT  stm32f4xx_hal_uart.o
    0x0800581c   0x0800581c   0x0000003c   Code   RO         7666    i.HAL_UART_RxCpltCallback  usart_app.o
    0x08005858   0x08005858   0x00000002   Code   RO         6123    i.HAL_UART_RxHalfCpltCallback  stm32f4xx_hal_uart.o
    0x0800585a   0x0800585a   0x000000a0   Code   RO         6124    i.HAL_UART_Transmit  stm32f4xx_hal_uart.o
    0x080058fa   0x080058fa   0x00000002   Code   RO         6127    i.HAL_UART_TxCpltCallback  stm32f4xx_hal_uart.o
    0x080058fc   0x080058fc   0x00000002   Code   RO          741    i.HardFault_Handler  stm32f4xx_it.o
    0x080058fe   0x080058fe   0x0000002e   Code   RO         3449    i.I2C_IsAcknowledgeFailed  stm32f4xx_hal_i2c.o
    0x0800592c   0x0800592c   0x000000a8   Code   RO         3460    i.I2C_RequestMemoryWrite  stm32f4xx_hal_i2c.o
    0x080059d4   0x080059d4   0x00000056   Code   RO         3464    i.I2C_WaitOnBTFFlagUntilTimeout  stm32f4xx_hal_i2c.o
    0x08005a2a   0x08005a2a   0x00000002   PAD
    0x08005a2c   0x08005a2c   0x00000090   Code   RO         3465    i.I2C_WaitOnFlagUntilTimeout  stm32f4xx_hal_i2c.o
    0x08005abc   0x08005abc   0x000000bc   Code   RO         3466    i.I2C_WaitOnMasterAddressFlagUntilTimeout  stm32f4xx_hal_i2c.o
    0x08005b78   0x08005b78   0x00000056   Code   RO         3468    i.I2C_WaitOnTXEFlagUntilTimeout  stm32f4xx_hal_i2c.o
    0x08005bce   0x08005bce   0x00000002   PAD
    0x08005bd0   0x08005bd0   0x00000074   Code   RO          356    i.MX_ADC1_Init      adc.o
    0x08005c44   0x08005c44   0x0000003c   Code   RO          398    i.MX_DAC_Init       dac.o
    0x08005c80   0x08005c80   0x0000005c   Code   RO          438    i.MX_DMA_Init       dma.o
    0x08005cdc   0x08005cdc   0x0000001c   Code   RO         1052    i.MX_FATFS_Init     fatfs.o
    0x08005cf8   0x08005cf8   0x0000010c   Code   RO          330    i.MX_GPIO_Init      gpio.o
    0x08005e04   0x08005e04   0x0000005c   Code   RO          464    i.MX_I2C1_Init      i2c.o
    0x08005e60   0x08005e60   0x00000104   Code   RO          506    i.MX_RTC_Init       rtc.o
    0x08005f64   0x08005f64   0x00000020   Code   RO          548    i.MX_SDIO_SD_Init   sdio.o
    0x08005f84   0x08005f84   0x00000048   Code   RO          590    i.MX_SPI2_Init      spi.o
    0x08005fcc   0x08005fcc   0x00000038   Code   RO          632    i.MX_TIM14_Init     tim.o
    0x08006004   0x08006004   0x00000068   Code   RO          633    i.MX_TIM3_Init      tim.o
    0x0800606c   0x0800606c   0x00000048   Code   RO          634    i.MX_TIM6_Init      tim.o
    0x080060b4   0x080060b4   0x00000050   Code   RO          686    i.MX_USART1_UART_Init  usart.o
    0x08006104   0x08006104   0x000000c0   Code   RO         8300    i.Map_FFT_To_Input_Frequency  waveform_analyzer_app.o
    0x080061c4   0x080061c4   0x000000f4   Code   RO         8301    i.Map_Input_To_FFT_Frequency  waveform_analyzer_app.o
    0x080062b8   0x080062b8   0x00000002   Code   RO          742    i.MemManage_Handler  stm32f4xx_it.o
    0x080062ba   0x080062ba   0x00000002   PAD
    0x080062bc   0x080062bc   0x00000010   Code   RO         8302    i.My_FFT_Init       waveform_analyzer_app.o
    0x080062cc   0x080062cc   0x00000002   Code   RO          743    i.NMI_Handler       stm32f4xx_it.o
    0x080062ce   0x080062ce   0x00000034   Code   RO         6667    i.OLED_Clear        oled.o
    0x08006302   0x08006302   0x00000002   PAD
    0x08006304   0x08006304   0x00000030   Code   RO         6670    i.OLED_Init         oled.o
    0x08006334   0x08006334   0x00000022   Code   RO         6671    i.OLED_Set_Position  oled.o
    0x08006356   0x08006356   0x00000002   PAD
    0x08006358   0x08006358   0x00000088   Code   RO         6672    i.OLED_ShowChar     oled.o
    0x080063e0   0x080063e0   0x00000036   Code   RO         6678    i.OLED_ShowStr      oled.o
    0x08006416   0x08006416   0x00000002   PAD
    0x08006418   0x08006418   0x00000024   Code   RO         6679    i.OLED_Write_cmd    oled.o
    0x0800643c   0x0800643c   0x00000024   Code   RO         6680    i.OLED_Write_data   oled.o
    0x08006460   0x08006460   0x00000002   Code   RO          744    i.PendSV_Handler    stm32f4xx_it.o
    0x08006462   0x08006462   0x00000012   Code   RO         3884    i.RTC_Bcd2ToByte    stm32f4xx_hal_rtc.o
    0x08006474   0x08006474   0x00000016   Code   RO         3885    i.RTC_ByteToBcd2    stm32f4xx_hal_rtc.o
    0x0800648a   0x0800648a   0x00000002   PAD
    0x0800648c   0x0800648c   0x00000048   Code   RO         3886    i.RTC_EnterInitMode  stm32f4xx_hal_rtc.o
    0x080064d4   0x080064d4   0x0000002a   Code   RO         3887    i.RTC_ExitInitMode  stm32f4xx_hal_rtc.o
    0x080064fe   0x080064fe   0x00000024   Code   RO         4262    i.SDIO_ConfigData   stm32f4xx_ll_sdmmc.o
    0x08006522   0x08006522   0x00000008   Code   RO         4266    i.SDIO_GetPowerState  stm32f4xx_ll_sdmmc.o
    0x0800652a   0x0800652a   0x00000006   Code   RO         4267    i.SDIO_GetResponse  stm32f4xx_ll_sdmmc.o
    0x08006530   0x08006530   0x00000024   Code   RO         4268    i.SDIO_Init         stm32f4xx_ll_sdmmc.o
    0x08006554   0x08006554   0x00000008   Code   RO         4270    i.SDIO_PowerState_ON  stm32f4xx_ll_sdmmc.o
    0x0800655c   0x0800655c   0x00000006   Code   RO         4271    i.SDIO_ReadFIFO     stm32f4xx_ll_sdmmc.o
    0x08006562   0x08006562   0x00000020   Code   RO         4272    i.SDIO_SendCommand  stm32f4xx_ll_sdmmc.o
    0x08006582   0x08006582   0x0000000a   Code   RO         4274    i.SDIO_WriteFIFO    stm32f4xx_ll_sdmmc.o
    0x0800658c   0x0800658c   0x00000032   Code   RO         4275    i.SDMMC_CmdAppCommand  stm32f4xx_ll_sdmmc.o
    0x080065be   0x080065be   0x00000002   PAD
    0x080065c0   0x080065c0   0x00000034   Code   RO         4276    i.SDMMC_CmdAppOperCommand  stm32f4xx_ll_sdmmc.o
    0x080065f4   0x080065f4   0x00000032   Code   RO         4277    i.SDMMC_CmdBlockLength  stm32f4xx_ll_sdmmc.o
    0x08006626   0x08006626   0x00000032   Code   RO         4278    i.SDMMC_CmdBusWidth  stm32f4xx_ll_sdmmc.o
    0x08006658   0x08006658   0x00000050   Code   RO         4282    i.SDMMC_CmdGoIdleState  stm32f4xx_ll_sdmmc.o
    0x080066a8   0x080066a8   0x00000030   Code   RO         4284    i.SDMMC_CmdOperCond  stm32f4xx_ll_sdmmc.o
    0x080066d8   0x080066d8   0x00000032   Code   RO         4285    i.SDMMC_CmdReadMultiBlock  stm32f4xx_ll_sdmmc.o
    0x0800670a   0x0800670a   0x00000032   Code   RO         4286    i.SDMMC_CmdReadSingleBlock  stm32f4xx_ll_sdmmc.o
    0x0800673c   0x0800673c   0x00000032   Code   RO         4289    i.SDMMC_CmdSelDesel  stm32f4xx_ll_sdmmc.o
    0x0800676e   0x0800676e   0x0000002c   Code   RO         4290    i.SDMMC_CmdSendCID  stm32f4xx_ll_sdmmc.o
    0x0800679a   0x0800679a   0x0000002c   Code   RO         4291    i.SDMMC_CmdSendCSD  stm32f4xx_ll_sdmmc.o
    0x080067c6   0x080067c6   0x00000030   Code   RO         4293    i.SDMMC_CmdSendSCR  stm32f4xx_ll_sdmmc.o
    0x080067f6   0x080067f6   0x00000032   Code   RO         4294    i.SDMMC_CmdSendStatus  stm32f4xx_ll_sdmmc.o
    0x08006828   0x08006828   0x00000030   Code   RO         4295    i.SDMMC_CmdSetRelAdd  stm32f4xx_ll_sdmmc.o
    0x08006858   0x08006858   0x00000034   Code   RO         4298    i.SDMMC_CmdStopTransfer  stm32f4xx_ll_sdmmc.o
    0x0800688c   0x0800688c   0x00000032   Code   RO         4300    i.SDMMC_CmdWriteMultiBlock  stm32f4xx_ll_sdmmc.o
    0x080068be   0x080068be   0x00000032   Code   RO         4301    i.SDMMC_CmdWriteSingleBlock  stm32f4xx_ll_sdmmc.o
    0x080068f0   0x080068f0   0x00000120   Code   RO         4302    i.SDMMC_GetCmdResp1  stm32f4xx_ll_sdmmc.o
    0x08006a10   0x08006a10   0x00000050   Code   RO         4303    i.SDMMC_GetCmdResp2  stm32f4xx_ll_sdmmc.o
    0x08006a60   0x08006a60   0x00000044   Code   RO         4304    i.SDMMC_GetCmdResp3  stm32f4xx_ll_sdmmc.o
    0x08006aa4   0x08006aa4   0x00000088   Code   RO         4305    i.SDMMC_GetCmdResp6  stm32f4xx_ll_sdmmc.o
    0x08006b2c   0x08006b2c   0x00000058   Code   RO         4306    i.SDMMC_GetCmdResp7  stm32f4xx_ll_sdmmc.o
    0x08006b84   0x08006b84   0x00000020   Code   RO          992    i.SD_CheckStatus    sd_diskio.o
    0x08006ba4   0x08006ba4   0x000000e0   Code   RO         4580    i.SD_FindSCR        stm32f4xx_hal_sd.o
    0x08006c84   0x08006c84   0x000000ee   Code   RO         4581    i.SD_InitCard       stm32f4xx_hal_sd.o
    0x08006d72   0x08006d72   0x00000002   PAD
    0x08006d74   0x08006d74   0x000000b4   Code   RO         4582    i.SD_PowerON        stm32f4xx_hal_sd.o
    0x08006e28   0x08006e28   0x00000020   Code   RO          993    i.SD_initialize     sd_diskio.o
    0x08006e48   0x08006e48   0x00000068   Code   RO          994    i.SD_ioctl          sd_diskio.o
    0x08006eb0   0x08006eb0   0x00000020   Code   RO          995    i.SD_read           sd_diskio.o
    0x08006ed0   0x08006ed0   0x00000004   Code   RO          996    i.SD_status         sd_diskio.o
    0x08006ed4   0x08006ed4   0x00000020   Code   RO          997    i.SD_write          sd_diskio.o
    0x08006ef4   0x08006ef4   0x0000006c   Code   RO         4840    i.SPI_EndRxTxTransaction  stm32f4xx_hal_spi.o
    0x08006f60   0x08006f60   0x000000b8   Code   RO         4845    i.SPI_WaitFlagStateUntilTimeout  stm32f4xx_hal_spi.o
    0x08007018   0x08007018   0x00000002   Code   RO          745    i.SVC_Handler       stm32f4xx_it.o
    0x0800701a   0x0800701a   0x00000004   Code   RO          746    i.SysTick_Handler   stm32f4xx_it.o
    0x0800701e   0x0800701e   0x00000002   PAD
    0x08007020   0x08007020   0x0000009c   Code   RO           14    i.SystemClock_Config  main.o
    0x080070bc   0x080070bc   0x00000010   Code   RO         6450    i.SystemInit        system_stm32f4xx.o
    0x080070cc   0x080070cc   0x0000000c   Code   RO          747    i.TIM8_TRG_COM_TIM14_IRQHandler  stm32f4xx_it.o
    0x080070d8   0x080070d8   0x000000d8   Code   RO         5208    i.TIM_Base_SetConfig  stm32f4xx_hal_tim.o
    0x080071b0   0x080071b0   0x00000014   Code   RO         5219    i.TIM_ETR_SetConfig  stm32f4xx_hal_tim.o
    0x080071c4   0x080071c4   0x00000010   Code   RO         5220    i.TIM_ITRx_SetConfig  stm32f4xx_hal_tim.o
    0x080071d4   0x080071d4   0x00000022   Code   RO         5226    i.TIM_TI1_ConfigInputStage  stm32f4xx_hal_tim.o
    0x080071f6   0x080071f6   0x00000024   Code   RO         5228    i.TIM_TI2_ConfigInputStage  stm32f4xx_hal_tim.o
    0x0800721a   0x0800721a   0x00000010   Code   RO         6129    i.UART_DMAAbortOnError  stm32f4xx_hal_uart.o
    0x0800722a   0x0800722a   0x0000004a   Code   RO         6130    i.UART_DMAError     stm32f4xx_hal_uart.o
    0x08007274   0x08007274   0x00000086   Code   RO         6131    i.UART_DMAReceiveCplt  stm32f4xx_hal_uart.o
    0x080072fa   0x080072fa   0x0000001e   Code   RO         6133    i.UART_DMARxHalfCplt  stm32f4xx_hal_uart.o
    0x08007318   0x08007318   0x0000004e   Code   RO         6139    i.UART_EndRxTransfer  stm32f4xx_hal_uart.o
    0x08007366   0x08007366   0x0000001c   Code   RO         6140    i.UART_EndTxTransfer  stm32f4xx_hal_uart.o
    0x08007382   0x08007382   0x000000c2   Code   RO         6141    i.UART_Receive_IT   stm32f4xx_hal_uart.o
    0x08007444   0x08007444   0x0000010c   Code   RO         6142    i.UART_SetConfig    stm32f4xx_hal_uart.o
    0x08007550   0x08007550   0x00000090   Code   RO         6143    i.UART_Start_Receive_DMA  stm32f4xx_hal_uart.o
    0x080075e0   0x080075e0   0x00000036   Code   RO         6144    i.UART_Start_Receive_IT  stm32f4xx_hal_uart.o
    0x08007616   0x08007616   0x00000072   Code   RO         6145    i.UART_WaitOnFlagUntilTimeout  stm32f4xx_hal_uart.o
    0x08007688   0x08007688   0x0000000c   Code   RO          748    i.USART1_IRQHandler  stm32f4xx_it.o
    0x08007694   0x08007694   0x00000002   Code   RO          749    i.UsageFault_Handler  stm32f4xx_it.o
    0x08007696   0x08007696   0x00000002   PAD
    0x08007698   0x08007698   0x00000020   Code   RO         8940    i.__0printf         mc_w.l(printfa.o)
    0x080076b8   0x080076b8   0x00000034   Code   RO         8941    i.__0snprintf       mc_w.l(printfa.o)
    0x080076ec   0x080076ec   0x00000028   Code   RO         8942    i.__0sprintf        mc_w.l(printfa.o)
    0x08007714   0x08007714   0x00000034   Code   RO         8945    i.__0vsnprintf      mc_w.l(printfa.o)
    0x08007748   0x08007748   0x00000026   Code   RO         9006    i.__ARM_fpclassifyf  m_wm.l(fpclassifyf.o)
    0x0800776e   0x0800776e   0x00000020   Code   RO         2753    i.__NVIC_SetPriority  stm32f4xx_hal_cortex.o
    0x0800778e   0x0800778e   0x00000002   PAD
    0x08007790   0x08007790   0x00000008   Code   RO         9050    i.__aeabi_errno_addr  mc_w.l(errno.o)
    0x08007798   0x08007798   0x000002ac   Code   RO         8628    i.__hardfp_atan2f   m_wm.l(atan2f.o)
    0x08007a44   0x08007a44   0x00000190   Code   RO         8640    i.__hardfp_sinf     m_wm.l(sinf.o)
    0x08007bd4   0x08007bd4   0x0000003a   Code   RO         8652    i.__hardfp_sqrtf    m_wm.l(sqrtf.o)
    0x08007c0e   0x08007c0e   0x00000006   Code   RO         9009    i.__mathlib_flt_infnan  m_wm.l(funder.o)
    0x08007c14   0x08007c14   0x00000006   Code   RO         9010    i.__mathlib_flt_infnan2  m_wm.l(funder.o)
    0x08007c1a   0x08007c1a   0x00000002   PAD
    0x08007c1c   0x08007c1c   0x00000010   Code   RO         9011    i.__mathlib_flt_invalid  m_wm.l(funder.o)
    0x08007c2c   0x08007c2c   0x00000010   Code   RO         9014    i.__mathlib_flt_underflow  m_wm.l(funder.o)
    0x08007c3c   0x08007c3c   0x00000154   Code   RO         9022    i.__mathlib_rredf2  m_wm.l(rredf.o)
    0x08007d90   0x08007d90   0x0000000e   Code   RO         9112    i.__scatterload_copy  mc_w.l(handlers.o)
    0x08007d9e   0x08007d9e   0x00000002   Code   RO         9113    i.__scatterload_null  mc_w.l(handlers.o)
    0x08007da0   0x08007da0   0x0000000e   Code   RO         9114    i.__scatterload_zeroinit  mc_w.l(handlers.o)
    0x08007dae   0x08007dae   0x00000002   PAD
    0x08007db0   0x08007db0   0x0000000c   Code   RO         9052    i.__set_errno       mc_w.l(errno.o)
    0x08007dbc   0x08007dbc   0x00000184   Code   RO         8947    i._fp_digits        mc_w.l(printfa.o)
    0x08007f40   0x08007f40   0x000006b4   Code   RO         8948    i._printf_core      mc_w.l(printfa.o)
    0x080085f4   0x080085f4   0x00000024   Code   RO         8949    i._printf_post_padding  mc_w.l(printfa.o)
    0x08008618   0x08008618   0x0000002e   Code   RO         8950    i._printf_pre_padding  mc_w.l(printfa.o)
    0x08008646   0x08008646   0x00000016   Code   RO         8951    i._snputc           mc_w.l(printfa.o)
    0x0800865c   0x0800865c   0x0000000a   Code   RO         8952    i._sputc            mc_w.l(printfa.o)
    0x08008666   0x08008666   0x00000002   PAD
    0x08008668   0x08008668   0x00000120   Code   RO         7857    i.adc_print_data_from_sd  adc_app.o
    0x08008788   0x08008788   0x000000ac   Code   RO         7858    i.adc_save_data_to_sd  adc_app.o
    0x08008834   0x08008834   0x00000040   Code   RO         7859    i.adc_start_recording  adc_app.o
    0x08008874   0x08008874   0x0000003c   Code   RO         7860    i.adc_stop_recording  adc_app.o
    0x080088b0   0x080088b0   0x0000030c   Code   RO         7861    i.adc_task          adc_app.o
    0x08008bbc   0x08008bbc   0x00000034   Code   RO         7862    i.adc_tim_dma_init  adc_app.o
    0x08008bf0   0x08008bf0   0x00000030   Code   RO         7789    i.app_btn_init      btn_app.o
    0x08008c20   0x08008c20   0x00000026   Code   RO         6484    i.bit_array_and     ebtn.o
    0x08008c46   0x08008c46   0x0000001e   Code   RO         6485    i.bit_array_assign  ebtn.o
    0x08008c64   0x08008c64   0x0000000c   Code   RO         6486    i.bit_array_cmp     ebtn.o
    0x08008c70   0x08008c70   0x00000012   Code   RO         6487    i.bit_array_get     ebtn.o
    0x08008c82   0x08008c82   0x00000002   PAD
    0x08008c84   0x08008c84   0x00000026   Code   RO         6488    i.bit_array_or      ebtn.o
    0x08008caa   0x08008caa   0x00000002   Code   RO         7790    i.btn_task          btn_app.o
    0x08008cac   0x08008cac   0x00000074   Code   RO         1145    i.check_fs          ff.o
    0x08008d20   0x08008d20   0x00000010   Code   RO         1146    i.chk_chr           ff.o
    0x08008d30   0x08008d30   0x00000070   Code   RO         1147    i.chk_lock          ff.o
    0x08008da0   0x08008da0   0x00000024   Code   RO         1148    i.clear_lock        ff.o
    0x08008dc4   0x08008dc4   0x00000028   Code   RO         1149    i.clmt_clust        ff.o
    0x08008dec   0x08008dec   0x00000018   Code   RO         1150    i.clust2sect        ff.o
    0x08008e04   0x08008e04   0x000000e8   Code   RO         8134    i.cmd_cat           shell_app.o
    0x08008eec   0x08008eec   0x000001ec   Code   RO         8135    i.cmd_cd            shell_app.o
    0x080090d8   0x080090d8   0x00000014   Code   RO         8136    i.cmd_clear         shell_app.o
    0x080090ec   0x080090ec   0x000001b8   Code   RO         8137    i.cmd_cp            shell_app.o
    0x080092a4   0x080092a4   0x00000044   Code   RO         8138    i.cmd_echo          shell_app.o
    0x080092e8   0x080092e8   0x00000058   Code   RO         8139    i.cmd_help          shell_app.o
    0x08009340   0x08009340   0x000003bc   Code   RO         8140    i.cmd_ls            shell_app.o
    0x080096fc   0x080096fc   0x000000b4   Code   RO         8141    i.cmd_mkdir         shell_app.o
    0x080097b0   0x080097b0   0x000000c4   Code   RO         8142    i.cmd_mv            shell_app.o
    0x08009874   0x08009874   0x0000001c   Code   RO         8143    i.cmd_pwd           shell_app.o
    0x08009890   0x08009890   0x00000118   Code   RO         8144    i.cmd_rm            shell_app.o
    0x080099a8   0x080099a8   0x000000b8   Code   RO         8145    i.cmd_touch         shell_app.o
    0x08009a60   0x08009a60   0x00000170   Code   RO         8146    i.cmd_write         shell_app.o
    0x08009bd0   0x08009bd0   0x00000098   Code   RO         1151    i.cmp_lfn           ff.o
    0x08009c68   0x08009c68   0x000000ba   Code   RO         1152    i.create_chain      ff.o
    0x08009d22   0x08009d22   0x00000002   PAD
    0x08009d24   0x08009d24   0x00000258   Code   RO         1153    i.create_name       ff.o
    0x08009f7c   0x08009f7c   0x00000050   Code   RO         7930    i.dac_app_get_adc_sampling_interval_us  dac_app.o
    0x08009fcc   0x08009fcc   0x0000000c   Code   RO         7932    i.dac_app_get_update_frequency  dac_app.o
    0x08009fd8   0x08009fd8   0x00000028   Code   RO         7934    i.dac_app_init      dac_app.o
    0x0800a000   0x0800a000   0x00000068   Code   RO         7935    i.dac_app_set_amplitude  dac_app.o
    0x0800a068   0x0800a068   0x00000020   Code   RO         7936    i.dac_app_set_frequency  dac_app.o
    0x0800a088   0x0800a088   0x00000024   Code   RO         7937    i.dac_app_set_waveform  dac_app.o
    0x0800a0ac   0x0800a0ac   0x00000030   Code   RO         1154    i.dec_lock          ff.o
    0x0800a0dc   0x0800a0dc   0x0000004a   Code   RO         1155    i.dir_alloc         ff.o
    0x0800a126   0x0800a126   0x000000de   Code   RO         1156    i.dir_find          ff.o
    0x0800a204   0x0800a204   0x00000126   Code   RO         1157    i.dir_next          ff.o
    0x0800a32a   0x0800a32a   0x00000002   PAD
    0x0800a32c   0x0800a32c   0x0000013c   Code   RO         1159    i.dir_register      ff.o
    0x0800a468   0x0800a468   0x000000a4   Code   RO         1161    i.dir_sdi           ff.o
    0x0800a50c   0x0800a50c   0x0000002c   Code   RO         1090    i.disk_initialize   diskio.o
    0x0800a538   0x0800a538   0x0000001c   Code   RO         1091    i.disk_ioctl        diskio.o
    0x0800a554   0x0800a554   0x00000020   Code   RO         1092    i.disk_read         diskio.o
    0x0800a574   0x0800a574   0x00000018   Code   RO         1093    i.disk_status       diskio.o
    0x0800a58c   0x0800a58c   0x00000020   Code   RO         1094    i.disk_write        diskio.o
    0x0800a5ac   0x0800a5ac   0x00000054   Code   RO         6500    i.ebtn_init         ebtn.o
    0x0800a600   0x0800a600   0x00000064   Code   RO         6504    i.ebtn_process      ebtn.o
    0x0800a664   0x0800a664   0x00000034   Code   RO         6505    i.ebtn_process_btn  ebtn.o
    0x0800a698   0x0800a698   0x000000b6   Code   RO         6506    i.ebtn_process_btn_combo  ebtn.o
    0x0800a74e   0x0800a74e   0x00000002   PAD
    0x0800a750   0x0800a750   0x00000158   Code   RO         6507    i.ebtn_process_with_curr_state  ebtn.o
    0x0800a8a8   0x0800a8a8   0x00000028   Code   RO         1162    i.enq_lock          ff.o
    0x0800a8d0   0x0800a8d0   0x0000002a   Code   RO         1163    i.f_close           ff.o
    0x0800a8fa   0x0800a8fa   0x000000e2   Code   RO         1165    i.f_getfree         ff.o
    0x0800a9dc   0x0800a9dc   0x0000017c   Code   RO         1168    i.f_mkdir           ff.o
    0x0800ab58   0x0800ab58   0x00000068   Code   RO         1170    i.f_mount           ff.o
    0x0800abc0   0x0800abc0   0x00000236   Code   RO         1171    i.f_open            ff.o
    0x0800adf6   0x0800adf6   0x00000188   Code   RO         1176    i.f_read            ff.o
    0x0800af7e   0x0800af7e   0x0000009a   Code   RO         1180    i.f_sync            ff.o
    0x0800b018   0x0800b018   0x000001c4   Code   RO         1183    i.f_write           ff.o
    0x0800b1dc   0x0800b1dc   0x00000060   Code   RO         1613    i.ff_convert        cc936.o
    0x0800b23c   0x0800b23c   0x00000004   Code   RO         1577    i.ff_memalloc       syscall.o
    0x0800b240   0x0800b240   0x00000004   Code   RO         1578    i.ff_memfree        syscall.o
    0x0800b244   0x0800b244   0x000000a4   Code   RO         1614    i.ff_wtoupper       cc936.o
    0x0800b2e8   0x0800b2e8   0x000002dc   Code   RO         1184    i.find_volume       ff.o
    0x0800b5c4   0x0800b5c4   0x00000086   Code   RO         1185    i.follow_path       ff.o
    0x0800b64a   0x0800b64a   0x00000002   PAD
    0x0800b64c   0x0800b64c   0x00000018   Code   RO          687    i.fputc             usart.o
    0x0800b664   0x0800b664   0x00000050   Code   RO         8968    i.free              mc_w.l(malloc.o)
    0x0800b6b4   0x0800b6b4   0x000000a6   Code   RO         1186    i.gen_numname       ff.o
    0x0800b75a   0x0800b75a   0x00000002   PAD
    0x0800b75c   0x0800b75c   0x000000dc   Code   RO         7939    i.generate_sine     dac_app.o
    0x0800b838   0x0800b838   0x0000007c   Code   RO         7940    i.generate_square   dac_app.o
    0x0800b8b4   0x0800b8b4   0x00000130   Code   RO         7941    i.generate_triangle  dac_app.o
    0x0800b9e4   0x0800b9e4   0x00000020   Code   RO         7942    i.generate_waveform  dac_app.o
    0x0800ba04   0x0800ba04   0x000000c4   Code   RO         1187    i.get_fat           ff.o
    0x0800bac8   0x0800bac8   0x00000004   Code   RO         1053    i.get_fattime       fatfs.o
    0x0800bacc   0x0800bacc   0x0000004e   Code   RO         1189    i.get_ldnumber      ff.o
    0x0800bb1a   0x0800bb1a   0x00000002   PAD
    0x0800bb1c   0x0800bb1c   0x00000094   Code   RO         1190    i.inc_lock          ff.o
    0x0800bbb0   0x0800bbb0   0x00000026   Code   RO         1191    i.ld_clust          ff.o
    0x0800bbd6   0x0800bbd6   0x00000016   Code   RO         1192    i.ld_dword          ff.o
    0x0800bbec   0x0800bbec   0x0000000a   Code   RO         1193    i.ld_word           ff.o
    0x0800bbf6   0x0800bbf6   0x00000002   PAD
    0x0800bbf8   0x0800bbf8   0x0000004c   Code   RO         7736    i.led_blink_process  led_app.o
    0x0800bc44   0x0800bc44   0x0000007c   Code   RO         7739    i.led_disp          led_app.o
    0x0800bcc0   0x0800bcc0   0x00000014   Code   RO         7740    i.led_task          led_app.o
    0x0800bcd4   0x0800bcd4   0x00000012   Code   RO         6959    i.lfs_alignup       lfs.o
    0x0800bce6   0x0800bce6   0x00000002   PAD
    0x0800bce8   0x0800bce8   0x000000f8   Code   RO         6960    i.lfs_alloc         lfs.o
    0x0800bde0   0x0800bde0   0x00000034   Code   RO         6961    i.lfs_alloc_lookahead  lfs.o
    0x0800be14   0x0800be14   0x0000045c   Code   RO         8086    i.lfs_basic_test    flash_app.o
    0x0800c270   0x0800c270   0x00000066   Code   RO         6962    i.lfs_bd_cmp        lfs.o
    0x0800c2d6   0x0800c2d6   0x00000018   Code   RO         6963    i.lfs_bd_erase      lfs.o
    0x0800c2ee   0x0800c2ee   0x00000084   Code   RO         6964    i.lfs_bd_flush      lfs.o
    0x0800c372   0x0800c372   0x000000b2   Code   RO         6965    i.lfs_bd_prog       lfs.o
    0x0800c424   0x0800c424   0x000000fc   Code   RO         6966    i.lfs_bd_read       lfs.o
    0x0800c520   0x0800c520   0x00000018   Code   RO         6967    i.lfs_cache_zero    lfs.o
    0x0800c538   0x0800c538   0x00000038   Code   RO         7561    i.lfs_crc           lfs_util.o
    0x0800c570   0x0800c570   0x0000000e   Code   RO         6969    i.lfs_ctz           lfs.o
    0x0800c57e   0x0800c57e   0x00000002   PAD
    0x0800c580   0x0800c580   0x00000184   Code   RO         6970    i.lfs_ctz_extend    lfs.o
    0x0800c704   0x0800c704   0x000000a6   Code   RO         6971    i.lfs_ctz_find      lfs.o
    0x0800c7aa   0x0800c7aa   0x00000016   Code   RO         6972    i.lfs_ctz_fromle32  lfs.o
    0x0800c7c0   0x0800c7c0   0x00000040   Code   RO         6973    i.lfs_ctz_index     lfs.o
    0x0800c800   0x0800c800   0x0000009c   Code   RO         6974    i.lfs_ctz_traverse  lfs.o
    0x0800c89c   0x0800c89c   0x0000002c   Code   RO         6975    i.lfs_deinit        lfs.o
    0x0800c8c8   0x0800c8c8   0x0000000c   Code   RO         7508    i.lfs_deskio_erase  lfs_port.o
    0x0800c8d4   0x0800c8d4   0x00000016   Code   RO         7509    i.lfs_deskio_prog   lfs_port.o
    0x0800c8ea   0x0800c8ea   0x00000016   Code   RO         7510    i.lfs_deskio_read   lfs_port.o
    0x0800c900   0x0800c900   0x00000004   Code   RO         7511    i.lfs_deskio_sync   lfs_port.o
    0x0800c904   0x0800c904   0x00000080   Code   RO         6976    i.lfs_dir_alloc     lfs.o
    0x0800c984   0x0800c984   0x0000001a   Code   RO         6977    i.lfs_dir_close     lfs.o
    0x0800c99e   0x0800c99e   0x00000002   PAD
    0x0800c9a0   0x0800c9a0   0x0000031c   Code   RO         6978    i.lfs_dir_commit    lfs.o
    0x0800ccbc   0x0800ccbc   0x00000010   Code   RO         6979    i.lfs_dir_commit_commit  lfs.o
    0x0800cccc   0x0800cccc   0x00000014   Code   RO         6980    i.lfs_dir_commit_size  lfs.o
    0x0800cce0   0x0800cce0   0x000000aa   Code   RO         6981    i.lfs_dir_commitattr  lfs.o
    0x0800cd8a   0x0800cd8a   0x00000002   PAD
    0x0800cd8c   0x0800cd8c   0x00000188   Code   RO         6982    i.lfs_dir_commitcrc  lfs.o
    0x0800cf14   0x0800cf14   0x0000003a   Code   RO         6983    i.lfs_dir_commitprog  lfs.o
    0x0800cf4e   0x0800cf4e   0x00000002   PAD
    0x0800cf50   0x0800cf50   0x000003fc   Code   RO         6984    i.lfs_dir_compact   lfs.o
    0x0800d34c   0x0800d34c   0x00000050   Code   RO         6985    i.lfs_dir_drop      lfs.o
    0x0800d39c   0x0800d39c   0x00000016   Code   RO         6986    i.lfs_dir_fetch     lfs.o
    0x0800d3b2   0x0800d3b2   0x00000002   PAD
    0x0800d3b4   0x0800d3b4   0x000003e4   Code   RO         6987    i.lfs_dir_fetchmatch  lfs.o
    0x0800d798   0x0800d798   0x0000015c   Code   RO         6988    i.lfs_dir_find      lfs.o
    0x0800d8f4   0x0800d8f4   0x00000052   Code   RO         6989    i.lfs_dir_find_match  lfs.o
    0x0800d946   0x0800d946   0x00000014   Code   RO         6990    i.lfs_dir_get       lfs.o
    0x0800d95a   0x0800d95a   0x00000002   PAD
    0x0800d95c   0x0800d95c   0x0000004c   Code   RO         6991    i.lfs_dir_getgstate  lfs.o
    0x0800d9a8   0x0800d9a8   0x00000090   Code   RO         6992    i.lfs_dir_getinfo   lfs.o
    0x0800da38   0x0800da38   0x000000e6   Code   RO         6993    i.lfs_dir_getread   lfs.o
    0x0800db1e   0x0800db1e   0x00000002   PAD
    0x0800db20   0x0800db20   0x00000124   Code   RO         6994    i.lfs_dir_getslice  lfs.o
    0x0800dc44   0x0800dc44   0x00000090   Code   RO         6995    i.lfs_dir_open      lfs.o
    0x0800dcd4   0x0800dcd4   0x0000008c   Code   RO         6996    i.lfs_dir_read      lfs.o
    0x0800dd60   0x0800dd60   0x00000070   Code   RO         6999    i.lfs_dir_split     lfs.o
    0x0800ddd0   0x0800ddd0   0x000001c8   Code   RO         7001    i.lfs_dir_traverse  lfs.o
    0x0800df98   0x0800df98   0x00000074   Code   RO         7002    i.lfs_dir_traverse_filter  lfs.o
    0x0800e00c   0x0800e00c   0x00000046   Code   RO         7003    i.lfs_file_close    lfs.o
    0x0800e052   0x0800e052   0x00000002   PAD
    0x0800e054   0x0800e054   0x0000010c   Code   RO         7004    i.lfs_file_flush    lfs.o
    0x0800e160   0x0800e160   0x00000010   Code   RO         7005    i.lfs_file_open     lfs.o
    0x0800e170   0x0800e170   0x0000023c   Code   RO         7006    i.lfs_file_opencfg  lfs.o
    0x0800e3ac   0x0800e3ac   0x00000024   Code   RO         7007    i.lfs_file_outline  lfs.o
    0x0800e3d0   0x0800e3d0   0x00000110   Code   RO         7008    i.lfs_file_read     lfs.o
    0x0800e4e0   0x0800e4e0   0x00000110   Code   RO         7009    i.lfs_file_relocate  lfs.o
    0x0800e5f0   0x0800e5f0   0x00000012   Code   RO         7010    i.lfs_file_rewind   lfs.o
    0x0800e602   0x0800e602   0x0000004a   Code   RO         7011    i.lfs_file_seek     lfs.o
    0x0800e64c   0x0800e64c   0x000000ca   Code   RO         7013    i.lfs_file_sync     lfs.o
    0x0800e716   0x0800e716   0x00000002   PAD
    0x0800e718   0x0800e718   0x000001ac   Code   RO         7016    i.lfs_file_write    lfs.o
    0x0800e8c4   0x0800e8c4   0x000000f0   Code   RO         7017    i.lfs_format        lfs.o
    0x0800e9b4   0x0800e9b4   0x00000014   Code   RO         7018    i.lfs_frombe32      lfs.o
    0x0800e9c8   0x0800e9c8   0x00000012   Code   RO         7019    i.lfs_fromle32      lfs.o
    0x0800e9da   0x0800e9da   0x00000002   PAD
    0x0800e9dc   0x0800e9dc   0x0000006c   Code   RO         7020    i.lfs_fs_demove     lfs.o
    0x0800ea48   0x0800ea48   0x00000174   Code   RO         7021    i.lfs_fs_deorphan   lfs.o
    0x0800ebbc   0x0800ebbc   0x00000018   Code   RO         7022    i.lfs_fs_forceconsistency  lfs.o
    0x0800ebd4   0x0800ebd4   0x0000006c   Code   RO         7023    i.lfs_fs_parent     lfs.o
    0x0800ec40   0x0800ec40   0x0000003e   Code   RO         7024    i.lfs_fs_parent_match  lfs.o
    0x0800ec7e   0x0800ec7e   0x00000044   Code   RO         7025    i.lfs_fs_pred       lfs.o
    0x0800ecc2   0x0800ecc2   0x0000003a   Code   RO         7026    i.lfs_fs_preporphans  lfs.o
    0x0800ecfc   0x0800ecfc   0x0000010c   Code   RO         7027    i.lfs_fs_relocate   lfs.o
    0x0800ee08   0x0800ee08   0x0000001c   Code   RO         7028    i.lfs_fs_size       lfs.o
    0x0800ee24   0x0800ee24   0x0000000a   Code   RO         7029    i.lfs_fs_size_count  lfs.o
    0x0800ee2e   0x0800ee2e   0x00000002   PAD
    0x0800ee30   0x0800ee30   0x0000010c   Code   RO         7030    i.lfs_fs_traverse   lfs.o
    0x0800ef3c   0x0800ef3c   0x0000001e   Code   RO         7032    i.lfs_gstate_fromle32  lfs.o
    0x0800ef5a   0x0800ef5a   0x0000000c   Code   RO         7033    i.lfs_gstate_hasmove  lfs.o
    0x0800ef66   0x0800ef66   0x0000001a   Code   RO         7034    i.lfs_gstate_hasmovehere  lfs.o
    0x0800ef80   0x0800ef80   0x0000000a   Code   RO         7035    i.lfs_gstate_hasorphans  lfs.o
    0x0800ef8a   0x0800ef8a   0x00000002   PAD
    0x0800ef8c   0x0800ef8c   0x00000018   Code   RO         7036    i.lfs_gstate_iszero  lfs.o
    0x0800efa4   0x0800efa4   0x0000001e   Code   RO         7037    i.lfs_gstate_tole32  lfs.o
    0x0800efc2   0x0800efc2   0x00000002   PAD
    0x0800efc4   0x0800efc4   0x00000064   Code   RO         7038    i.lfs_gstate_xormove  lfs.o
    0x0800f028   0x0800f028   0x00000120   Code   RO         7039    i.lfs_init          lfs.o
    0x0800f148   0x0800f148   0x00000004   Code   RO         7040    i.lfs_malloc        lfs.o
    0x0800f14c   0x0800f14c   0x00000008   Code   RO         7041    i.lfs_min           lfs.o
    0x0800f154   0x0800f154   0x00000158   Code   RO         7042    i.lfs_mkdir         lfs.o
    0x0800f2ac   0x0800f2ac   0x00000290   Code   RO         7043    i.lfs_mount         lfs.o
    0x0800f53c   0x0800f53c   0x00000022   Code   RO         7044    i.lfs_pair_cmp      lfs.o
    0x0800f55e   0x0800f55e   0x00000016   Code   RO         7045    i.lfs_pair_fromle32  lfs.o
    0x0800f574   0x0800f574   0x00000014   Code   RO         7046    i.lfs_pair_isnull   lfs.o
    0x0800f588   0x0800f588   0x00000016   Code   RO         7047    i.lfs_pair_tole32   lfs.o
    0x0800f59e   0x0800f59e   0x0000002e   Code   RO         7048    i.lfs_popc          lfs.o
    0x0800f5cc   0x0800f5cc   0x000000d8   Code   RO         7049    i.lfs_remove        lfs.o
    0x0800f6a4   0x0800f6a4   0x000001dc   Code   RO         7051    i.lfs_rename        lfs.o
    0x0800f880   0x0800f880   0x00000064   Code   RO         7512    i.lfs_storage_init  lfs_port.o
    0x0800f8e4   0x0800f8e4   0x00000012   Code   RO         7054    i.lfs_tag_dsize     lfs.o
    0x0800f8f6   0x0800f8f6   0x00000010   Code   RO         7055    i.lfs_tag_isdelete  lfs.o
    0x0800f906   0x0800f906   0x00000004   Code   RO         7056    i.lfs_tole32        lfs.o
    0x0800f90a   0x0800f90a   0x00000002   PAD
    0x0800f90c   0x0800f90c   0x00000128   Code   RO         8087    i.list_dir_recursive  flash_app.o
    0x0800fa34   0x0800fa34   0x00000194   Code   RO           15    i.main              main.o
    0x0800fbc8   0x0800fbc8   0x0000006c   Code   RO         8969    i.malloc            mc_w.l(malloc.o)
    0x0800fc34   0x0800fc34   0x00000018   Code   RO         1194    i.mem_cmp           ff.o
    0x0800fc4c   0x0800fc4c   0x00000012   Code   RO         1195    i.mem_cpy           ff.o
    0x0800fc5e   0x0800fc5e   0x0000000c   Code   RO         1196    i.mem_set           ff.o
    0x0800fc6a   0x0800fc6a   0x00000034   Code   RO         1197    i.move_window       ff.o
    0x0800fc9e   0x0800fc9e   0x00000032   Code   RO         7667    i.my_printf         usart_app.o
    0x0800fcd0   0x0800fcd0   0x00000034   Code   RO         8051    i.oled_printf       oled_app.o
    0x0800fd04   0x0800fd04   0x000000f8   Code   RO         8052    i.oled_task         oled_app.o
    0x0800fdfc   0x0800fdfc   0x00000334   Code   RO         7668    i.parse_uart_command  usart_app.o
    0x08010130   0x08010130   0x000000a0   Code   RO         7791    i.prv_btn_event     btn_app.o
    0x080101d0   0x080101d0   0x0000004c   Code   RO         7792    i.prv_btn_get_state  btn_app.o
    0x0801021c   0x0801021c   0x0000004c   Code   RO         6511    i.prv_get_combo_btn_by_key_id  ebtn.o
    0x08010268   0x08010268   0x000001e8   Code   RO         6512    i.prv_process_btn   ebtn.o
    0x08010450   0x08010450   0x00000102   Code   RO         1199    i.put_fat           ff.o
    0x08010552   0x08010552   0x00000002   PAD
    0x08010554   0x08010554   0x00000074   Code   RO         1200    i.put_lfn           ff.o
    0x080105c8   0x080105c8   0x0000007e   Code   RO         1204    i.remove_chain      ff.o
    0x08010646   0x08010646   0x00000030   Code   RO         6779    i.rt_ringbuffer_data_len  ringbuffer.o
    0x08010676   0x08010676   0x00000074   Code   RO         6780    i.rt_ringbuffer_get  ringbuffer.o
    0x080106ea   0x080106ea   0x00000030   Code   RO         6782    i.rt_ringbuffer_init  ringbuffer.o
    0x0801071a   0x0801071a   0x00000078   Code   RO         6784    i.rt_ringbuffer_put  ringbuffer.o
    0x08010792   0x08010792   0x00000020   Code   RO         6789    i.rt_ringbuffer_status  ringbuffer.o
    0x080107b2   0x080107b2   0x00000002   PAD
    0x080107b4   0x080107b4   0x0000000c   Code   RO         7580    i.scheduler_init    scheduler.o
    0x080107c0   0x080107c0   0x0000003c   Code   RO         7581    i.scheduler_run     scheduler.o
    0x080107fc   0x080107fc   0x0000011c   Code   RO         8410    i.sd_fatfs_init     sd_fatfs.o
    0x08010918   0x08010918   0x00000a10   Code   RO         8411    i.sd_fatfs_print_data  sd_fatfs.o
    0x08011328   0x08011328   0x00000080   Code   RO         8413    i.sd_fatfs_read_data  sd_fatfs.o
    0x080113a8   0x080113a8   0x00000098   Code   RO         8414    i.sd_fatfs_read_file  sd_fatfs.o
    0x08011440   0x08011440   0x000009b8   Code   RO         8415    i.sd_fatfs_test_all_data_types  sd_fatfs.o
    0x08011df8   0x08011df8   0x0000006c   Code   RO         8416    i.sd_fatfs_write_data  sd_fatfs.o
    0x08011e64   0x08011e64   0x000000a0   Code   RO         8417    i.sd_fatfs_write_file  sd_fatfs.o
    0x08011f04   0x08011f04   0x0000007c   Code   RO         8147    i.shell_add_to_history  shell_app.o
    0x08011f80   0x08011f80   0x00000098   Code   RO         8148    i.shell_execute     shell_app.o
    0x08012018   0x08012018   0x00000090   Code   RO         8150    i.shell_handle_history  shell_app.o
    0x080120a8   0x080120a8   0x000003f8   Code   RO         8151    i.shell_handle_tab  shell_app.o
    0x080124a0   0x080124a0   0x00000088   Code   RO         8152    i.shell_init        shell_app.o
    0x08012528   0x08012528   0x00000120   Code   RO         8153    i.shell_normalize_path  shell_app.o
    0x08012648   0x08012648   0x00000020   Code   RO         8154    i.shell_print       shell_app.o
    0x08012668   0x08012668   0x0000001e   Code   RO         8155    i.shell_printf      shell_app.o
    0x08012686   0x08012686   0x00000018   Code   RO         8156    i.shell_process     shell_app.o
    0x0801269e   0x0801269e   0x00000002   PAD
    0x080126a0   0x080126a0   0x000000d8   Code   RO         8157    i.shell_process_char  shell_app.o
    0x08012778   0x08012778   0x0000000c   Code   RO         8158    i.shell_set_uart    shell_app.o
    0x08012784   0x08012784   0x0000005c   Code   RO         6864    i.spi_flash_buffer_read  gd25qxx.o
    0x080127e0   0x080127e0   0x000000bc   Code   RO         6865    i.spi_flash_buffer_write  gd25qxx.o
    0x0801289c   0x0801289c   0x00000010   Code   RO         6867    i.spi_flash_init    gd25qxx.o
    0x080128ac   0x080128ac   0x00000064   Code   RO         6868    i.spi_flash_page_write  gd25qxx.o
    0x08012910   0x08012910   0x0000004c   Code   RO         6871    i.spi_flash_sector_erase  gd25qxx.o
    0x0801295c   0x0801295c   0x00000020   Code   RO         6872    i.spi_flash_send_byte  gd25qxx.o
    0x0801297c   0x0801297c   0x00000034   Code   RO         6875    i.spi_flash_wait_for_write_end  gd25qxx.o
    0x080129b0   0x080129b0   0x0000002c   Code   RO         6876    i.spi_flash_write_enable  gd25qxx.o
    0x080129dc   0x080129dc   0x0000003e   Code   RO         8654    i.sqrtf             m_wm.l(sqrtf.o)
    0x08012a1a   0x08012a1a   0x00000028   Code   RO         1205    i.st_clust          ff.o
    0x08012a42   0x08012a42   0x00000014   Code   RO         1206    i.st_dword          ff.o
    0x08012a56   0x08012a56   0x0000000a   Code   RO         1207    i.st_word           ff.o
    0x08012a60   0x08012a60   0x0000003c   Code   RO         7943    i.start_dac_dma     dac_app.o
    0x08012a9c   0x08012a9c   0x00000020   Code   RO         7944    i.stop_dac_dma      dac_app.o
    0x08012abc   0x08012abc   0x0000001a   Code   RO         1208    i.sum_sfn           ff.o
    0x08012ad6   0x08012ad6   0x00000002   PAD
    0x08012ad8   0x08012ad8   0x0000008c   Code   RO         1209    i.sync_fs           ff.o
    0x08012b64   0x08012b64   0x00000056   Code   RO         1210    i.sync_window       ff.o
    0x08012bba   0x08012bba   0x00000002   PAD
    0x08012bbc   0x08012bbc   0x00000044   Code   RO         7669    i.uart_task         usart_app.o
    0x08012c00   0x08012c00   0x0000007c   Code   RO         7945    i.update_adc_timer_frequency  dac_app.o
    0x08012c7c   0x08012c7c   0x00000084   Code   RO         7946    i.update_timer_frequency  dac_app.o
    0x08012d00   0x08012d00   0x00000038   Code   RO         1211    i.validate          ff.o
    0x08012d38   0x08012d38   0x00000014   Data   RO          998    .constdata          sd_diskio.o
    0x08012d4c   0x08012d4c   0x0000002a   Data   RO         1213    .constdata          ff.o
    0x08012d76   0x08012d76   0x0002abb6   Data   RO         1615    .constdata          cc936.o
    0x0803d92c   0x0803d92c   0x00000008   Data   RO         2449    .constdata          stm32f4xx_hal_dma.o
    0x0803d934   0x0803d934   0x00000010   Data   RO         6451    .constdata          system_stm32f4xx.o
    0x0803d944   0x0803d944   0x00000008   Data   RO         6452    .constdata          system_stm32f4xx.o
    0x0803d94c   0x0803d94c   0x00000a98   Data   RO         6681    .constdata          oled.o
    0x0803e3e4   0x0803e3e4   0x000001c0   Data   RO         7058    .constdata          lfs.o
    0x0803e5a4   0x0803e5a4   0x00000040   Data   RO         7562    .constdata          lfs_util.o
    0x0803e5e4   0x0803e5e4   0x0000000e   Data   RO         7793    .constdata          btn_app.o
    0x0803e5f2   0x0803e5f2   0x00000002   PAD
    0x0803e5f4   0x0803e5f4   0x0000009c   Data   RO         8160    .constdata          shell_app.o
    0x0803e690   0x0803e690   0x0000009c   Data   RO         8305    .constdata          waveform_analyzer_app.o
    0x0803e72c   0x0803e72c   0x00000144   Data   RO         8418    .constdata          sd_fatfs.o
    0x0803e870   0x0803e870   0x00000020   Data   RO         9023    .constdata          m_wm.l(rredf.o)
    0x0803e890   0x0803e890   0x00000081   Data   RO         9077    .constdata          mc_w.l(ctype_o.o)
    0x0803e911   0x0803e911   0x00000003   PAD
    0x0803e914   0x0803e914   0x00000004   Data   RO         9078    .constdata          mc_w.l(ctype_o.o)
    0x0803e918   0x0803e918   0x00000009   Data   RO         7059    .conststring        lfs.o
    0x0803e921   0x0803e921   0x00000003   PAD
    0x0803e924   0x0803e924   0x00000044   Data   RO         8090    .conststring        flash_app.o
    0x0803e968   0x0803e968   0x000001c1   Data   RO         8161    .conststring        shell_app.o
    0x0803eb29   0x0803eb29   0x00000001   PAD
    0x0803eb2a   0x0803eb2a   0x00000800   Data   RO         8534    .rodata.armBitRevTable  arm_cortexM4l_math.lib(arm_common_tables.o)
    0x0803f32a   0x0803f32a   0x00000002   PAD
    0x0803f32c   0x0803f32c   0x00008000   Data   RO         8543    .rodata.twiddleCoef_4096  arm_cortexM4l_math.lib(arm_common_tables.o)
    0x0804732c   0x0804732c   0x00000020   Data   RO         9110    Region$$Table       anon$$obj.o


    Execution Region RW_IRAM1 (Exec base: 0x20000000, Load base: 0x0804734c, Size: 0x0000d660, Max: 0x00030000, ABSOLUTE, COMPRESSED[0x00000078])

    Exec Addr    Load Addr    Size         Type   Attr      Idx    E Section Name        Object

    0x20000000   COMPRESSED   0x00000018   Data   RW           17    .data               main.o
    0x20000018   COMPRESSED   0x00000001   Data   RW          999    .data               sd_diskio.o
    0x20000019   COMPRESSED   0x00000005   Data   RW         1056    .data               fatfs.o
    0x2000001e   COMPRESSED   0x00000002   PAD
    0x20000020   COMPRESSED   0x00000008   Data   RW         1214    .data               ff.o
    0x20000028   COMPRESSED   0x0000000c   Data   RW         2914    .data               stm32f4xx_hal.o
    0x20000034   COMPRESSED   0x00000004   Data   RW         6453    .data               system_stm32f4xx.o
    0x20000038   COMPRESSED   0x00000016   Data   RW         6682    .data               oled.o
    0x2000004e   COMPRESSED   0x00000002   PAD
    0x20000050   COMPRESSED   0x00000040   Data   RW         7582    .data               scheduler.o
    0x20000090   COMPRESSED   0x00000008   Data   RW         7675    .data               usart_app.o
    0x20000098   COMPRESSED   0x00000007   Data   RW         7742    .data               led_app.o
    0x2000009f   COMPRESSED   0x00000001   Data   RW         7794    .data               btn_app.o
    0x200000a0   COMPRESSED   0x000000ac   Data   RW         7795    .data               btn_app.o
    0x2000014c   COMPRESSED   0x0000000c   Data   RW         7864    .data               adc_app.o
    0x20000158   COMPRESSED   0x0000000c   Data   RW         7948    .data               dac_app.o
    0x20000164   COMPRESSED   0x00000010   Data   RW         8053    .data               oled_app.o
    0x20000174   COMPRESSED   0x00000004   Data   RW         8162    .data               shell_app.o
    0x20000178   COMPRESSED   0x00000004   Data   RW         8694    .data               mc_w.l(strtok.o)
    0x2000017c   COMPRESSED   0x00000004   Data   RW         9041    .data               mc_w.l(stdout.o)
    0x20000180   COMPRESSED   0x00000004   Data   RW         9048    .data               mc_w.l(mvars.o)
    0x20000184   COMPRESSED   0x00000004   Data   RW         9049    .data               mc_w.l(mvars.o)
    0x20000188   COMPRESSED   0x00000004   Data   RW         9053    .data               mc_w.l(errno.o)
    0x2000018c        -       0x00000014   Zero   RW           16    .bss                main.o
    0x200001a0        -       0x000000a8   Zero   RW          357    .bss                adc.o
    0x20000248        -       0x00000074   Zero   RW          399    .bss                dac.o
    0x200002bc        -       0x00000054   Zero   RW          465    .bss                i2c.o
    0x20000310        -       0x00000020   Zero   RW          507    .bss                rtc.o
    0x20000330        -       0x00000084   Zero   RW          549    .bss                sdio.o
    0x200003b4        -       0x00000058   Zero   RW          591    .bss                spi.o
    0x2000040c        -       0x000000d8   Zero   RW          635    .bss                tim.o
    0x200004e4        -       0x000000a8   Zero   RW          688    .bss                usart.o
    0x2000058c        -       0x00000234   Zero   RW         1054    .bss                fatfs.o
    0x200007c0        -       0x00000020   Zero   RW         1212    .bss                ff.o
    0x200007e0        -       0x0000000c   Zero   RW         1531    .bss                ff_gen_drv.o
    0x200007ec        -       0x0000003c   Zero   RW         6513    .bss                ebtn.o
    0x20000828        -       0x00000220   Zero   RW         7513    .bss                lfs_port.o
    0x20000a48        -       0x0000018c   Zero   RW         7670    .bss                usart_app.o
    0x20000bd4        -       0x00000080   Zero   RW         7671    .bss                usart_app.o
    0x20000c54        -       0x00000048   Zero   RW         7741    .bss                led_app.o
    0x20000c9c        -       0x00007f18   Zero   RW         7863    .bss                adc_app.o
    0x20008bb4        -       0x00000200   Zero   RW         7947    .bss                dac_app.o
    0x20008db4        -       0x000000c0   Zero   RW         8089    .bss                flash_app.o
    0x20008e74        -       0x000003d8   Zero   RW         8159    .bss                shell_app.o
    0x2000924c        -       0x00003014   Zero   RW         8304    .bss                waveform_analyzer_app.o
    0x2000c260        -       0x00001000   Zero   RW            2    HEAP                startup_stm32f429xx.o
    0x2000d260        -       0x00000400   Zero   RW            1    STACK               startup_stm32f429xx.o


==============================================================================

Image component sizes


      Code (inc. data)   RO Data    RW Data    ZI Data      Debug   Object Name

       316         34          0          0        168       1863   adc.o
      1444        640          0         12      32536       6535   adc_app.o
       162         26          0          0          0       4112   bsp_driver_sd.o
       310         60         14        173          0      11527   btn_app.o
       260         26     175030          0          0       2995   cc936.o
       220         30          0          0        116       1777   dac.o
      1332        134          0         12        512      11543   dac_app.o
       160         26          0          0          0       3733   diskio.o
        92          4          0          0          0        838   dma.o
      1462         24          0          0         60      19581   ebtn.o
        32         12          0          5        564       1540   fatfs.o
      7264         98         42          8         32      53232   ff.o
        74          4          0          0         12       1659   ff_gen_drv.o
      1412        850         68          0        192       2120   flash_app.o
       600         36          0          0          0       5908   gd25qxx.o
       268         16          0          0          0       1087   gpio.o
       200         28          0          0         84       1725   i2c.o
       220         20          0          7         72       2570   led_app.o
     14054       1112        457          0          0      90459   lfs.o
       160         20          0          0        544       7267   lfs_port.o
        56          6         64          0          0       1066   lfs_util.o
       564        188          0         24         20     865422   main.o
       396         24       2712         22          0       5523   oled.o
       300         78          0         16          0       2231   oled_app.o
       364          0          0          0          0       6303   ringbuffer.o
       320         18          0          0         32       1839   rtc.o
        72          8          0         64          0       5764   scheduler.o
       236         16         20          1          0       4884   sd_diskio.o
      5896       2620        324          0          0      11243   sd_fatfs.o
       180         26          0          0        132       1689   sdio.o
      5706       1992        605          4        984      22393   shell_app.o
       180         24          0          0         88       1729   spi.o
        36          8        428          0       5120        836   startup_stm32f429xx.o
       180         28          0         12          0       9601   stm32f4xx_hal.o
      1634         72          0          0          0       9289   stm32f4xx_hal_adc.o
         2          0          0          0          0        993   stm32f4xx_hal_adc_ex.o
       198         14          0          0          0      33863   stm32f4xx_hal_cortex.o
       480         24          0          0          0       7453   stm32f4xx_hal_dac.o
        56          0          0          0          0       3977   stm32f4xx_hal_dac_ex.o
      1084         16          8          0          0       7402   stm32f4xx_hal_dma.o
       584         54          0          0          0       2895   stm32f4xx_hal_gpio.o
      1414         32          0          0          0       9679   stm32f4xx_hal_i2c.o
       128          0          0          0          0       1875   stm32f4xx_hal_i2c_ex.o
        48          6          0          0          0        870   stm32f4xx_hal_msp.o
      1348         76          0          0          0       5276   stm32f4xx_hal_rcc.o
       596         36          0          0          0       1624   stm32f4xx_hal_rcc_ex.o
      1226         36          0          0          0       9464   stm32f4xx_hal_rtc.o
        20          0          0          0          0       1735   stm32f4xx_hal_rtc_ex.o
      2500         32          0          0          0      12600   stm32f4xx_hal_sd.o
       976         14          0          0          0       4933   stm32f4xx_hal_spi.o
      1268        104          0          0          0      12450   stm32f4xx_hal_tim.o
       148         28          0          0          0       2513   stm32f4xx_hal_tim_ex.o
      2242         30          0          0          0      16680   stm32f4xx_hal_uart.o
        92         36          0          0          0       7121   stm32f4xx_it.o
      1668         48          0          0          0      23787   stm32f4xx_ll_sdmmc.o
         8          0          0          0          0       1687   syscall.o
        16          4         24          4          0       1147   system_stm32f4xx.o
       344         46          0          0        216       2966   tim.o
       280         40          0          0        168       2425   usart.o
      1074        432          0          8        524       7686   usart_app.o
      2256        260        156          0      12308      13259   waveform_analyzer_app.o

    ----------------------------------------------------------------------
     66318       9676     179990        376      54484    1378243   Object Totals
         0          0         32          0          0          0   (incl. Generated)
       100          0          6          4          0          0   (incl. Padding)

    ----------------------------------------------------------------------

      Code (inc. data)   RO Data    RW Data    ZI Data      Debug   Library Member Name

       174          0          0          0          0       2571   arm_bitreversal.o
      2884          0          0          0          0       6486   arm_cfft_radix4_f32.o
       124          0          0          0          0       1574   arm_cfft_radix4_init_f32.o
       232          0          0          0          0       1739   arm_cmplx_mag_f32.o
         0          0      34816          0          0       4961   arm_common_tables.o
       684         90          0          0          0        208   atan2f.o
        38          0          0          0          0        116   fpclassifyf.o
        44         12          0          0          0        464   funder.o
       340         24         32          0          0        160   rredf.o
       400         56          0          0          0        212   sinf.o
       120          0          0          0          0        272   sqrtf.o
        86          0          0          0          0          0   __dczerorl2.o
        28          0          0          0          0         68   _chval.o
       158          0          0          0          0         92   _strtoul.o
        26          0          0          0          0         80   atoi.o
         8          4        133          0          0         68   ctype_o.o
         0          0          0          0          0          0   entry.o
         0          0          0          0          0          0   entry10a.o
         0          0          0          0          0          0   entry11a.o
         4          0          0          0          0          0   entry12b.o
         8          4          0          0          0          0   entry2.o
         4          0          0          0          0          0   entry5.o
         0          0          0          0          0          0   entry7b.o
         0          0          0          0          0          0   entry8b.o
         8          4          0          0          0          0   entry9a.o
        20         10          0          4          0        136   errno.o
        30          0          0          0          0          0   handlers.o
        36          8          0          0          0         68   init.o
         0          0          0          0          0          0   iusefp.o
        30          0          0          0          0         68   llshl.o
        36          0          0          0          0         68   llsshr.o
        32          0          0          0          0         68   llushr.o
       188         20          0          0          0        160   malloc.o
        26          0          0          0          0         80   memcmp.o
        36          0          0          0          0         68   memcpya.o
        36          0          0          0          0        108   memseta.o
         0          0          0          8          0          0   mvars.o
      2394        106          0          0          0        852   printfa.o
         0          0          0          4          0          0   stdout.o
        24          0          0          0          0         68   strcat.o
        20          0          0          0          0         68   strchr.o
        28          0          0          0          0         76   strcmp.o
        18          0          0          0          0         68   strcpy.o
        34          0          0          0          0         80   strcspn.o
        14          0          0          0          0         68   strlen.o
        40          0          0          0          0         76   strncat.o
        30          0          0          0          0         80   strncmp.o
        24          0          0          0          0         76   strncpy.o
        22          0          0          0          0         68   strrchr.o
        28          0          0          0          0         80   strspn.o
        68          6          0          4          0         80   strtok.o
       112          0          0          0          0         88   strtol.o
        44          0          0          0          0         80   uidiv.o
        98          0          0          0          0         92   uldiv.o
        48          0          0          0          0         68   cdrcmple.o
       334          0          0          0          0        148   dadd.o
       222          0          0          0          0        100   ddiv.o
       186          0          0          0          0        176   depilogue.o
        48          0          0          0          0         68   dfixul.o
       228          0          0          0          0         96   dmul.o
        38          0          0          0          0         68   f2d.o
       176          0          0          0          0        140   fadd.o
       110          0          0          0          0        168   fepilogue.o
        28          0          0          0          0         84   ffltul.o
       100          0          0          0          0         76   fmul.o

    ----------------------------------------------------------------------
     10366        344      34986         20          0      23087   Library Totals
        10          0          5          0          0          0   (incl. Padding)

    ----------------------------------------------------------------------

      Code (inc. data)   RO Data    RW Data    ZI Data      Debug   Library Name

      3414          0      34816          0          0      17331   arm_cortexM4l_math.lib
      1626        182         32          0          0       1432   m_wm.l
      3798        162        133         20          0       3132   mc_w.l
      1518          0          0          0          0       1192   mf_w.l

    ----------------------------------------------------------------------
     10366        344      34986         20          0      23087   Library Totals

    ----------------------------------------------------------------------

==============================================================================


      Code (inc. data)   RO Data    RW Data    ZI Data      Debug   

     76684      10020     214976        396      54484    1350822   Grand Totals
     76684      10020     214976        120      54484    1350822   ELF Image Totals (compressed)
     76684      10020     214976        120          0          0   ROM Totals

==============================================================================

    Total RO  Size (Code + RO Data)               291660 ( 284.82kB)
    Total RW  Size (RW Data + ZI Data)             54880 (  53.59kB)
    Total ROM Size (Code + RO Data + RW Data)     291780 ( 284.94kB)

==============================================================================

