Component: ARM Compiler 5.06 update 7 (build 960) Tool: armlink [4d3601]

==============================================================================

Section Cross References

    gd32f4xx_it.o(i.SDIO_IRQHandler) refers to sdio_sdcard.o(i.sd_interrupts_process) for sd_interrupts_process
    gd32f4xx_it.o(i.SysTick_Handler) refers to systick.o(i.delay_decrement) for delay_decrement
    gd32f4xx_it.o(i.USART0_IRQHandler) refers to gd32f4xx_usart.o(i.usart_interrupt_flag_get) for usart_interrupt_flag_get
    gd32f4xx_it.o(i.USART0_IRQHandler) refers to gd32f4xx_usart.o(i.usart_data_receive) for usart_data_receive
    gd32f4xx_it.o(i.USART0_IRQHandler) refers to gd32f4xx_dma.o(i.dma_transfer_number_get) for dma_transfer_number_get
    gd32f4xx_it.o(i.USART0_IRQHandler) refers to rt_memcpy_v6.o(.text) for __aeabi_memcpy
    gd32f4xx_it.o(i.USART0_IRQHandler) refers to rt_memclr.o(.text) for __aeabi_memclr
    gd32f4xx_it.o(i.USART0_IRQHandler) refers to gd32f4xx_dma.o(i.dma_channel_disable) for dma_channel_disable
    gd32f4xx_it.o(i.USART0_IRQHandler) refers to gd32f4xx_dma.o(i.dma_flag_clear) for dma_flag_clear
    gd32f4xx_it.o(i.USART0_IRQHandler) refers to gd32f4xx_dma.o(i.dma_transfer_number_config) for dma_transfer_number_config
    gd32f4xx_it.o(i.USART0_IRQHandler) refers to gd32f4xx_dma.o(i.dma_channel_enable) for dma_channel_enable
    gd32f4xx_it.o(i.USART0_IRQHandler) refers to mcu_cmic_gd32f470vet6.o(.bss) for rxbuffer
    gd32f4xx_it.o(i.USART0_IRQHandler) refers to usart_app.o(.bss) for uart_dma_buffer
    gd32f4xx_it.o(i.USART0_IRQHandler) refers to usart_app.o(.data) for rx_flag
    main.o(.rev16_text) refers (Special) to systick_wrapper_ual.o(.text) for __ensure_systick_wrapper
    main.o(.revsh_text) refers (Special) to systick_wrapper_ual.o(.text) for __ensure_systick_wrapper
    main.o(.rrx_text) refers (Special) to systick_wrapper_ual.o(.text) for __ensure_systick_wrapper
    main.o(i.fputc) refers (Special) to systick_wrapper_ual.o(.text) for __ensure_systick_wrapper
    main.o(i.fputc) refers to gd32f4xx_usart.o(i.usart_data_transmit) for usart_data_transmit
    main.o(i.fputc) refers to gd32f4xx_usart.o(i.usart_flag_get) for usart_flag_get
    main.o(i.main) refers (Special) to systick_wrapper_ual.o(.text) for __ensure_systick_wrapper
    main.o(i.main) refers to systick.o(i.systick_config) for systick_config
    main.o(i.main) refers to perf_counter.o(i.init_cycle_counter) for init_cycle_counter
    main.o(i.main) refers to perf_counter.o(i.delay_ms) for delay_ms
    main.o(i.main) refers to system_gd32f4xx.o(i.gd32f4xx_firmware_version_get) for gd32f4xx_firmware_version_get
    main.o(i.main) refers to mcu_cmic_gd32f470vet6.o(i.bsp_led_init) for bsp_led_init
    main.o(i.main) refers to mcu_cmic_gd32f470vet6.o(i.bsp_btn_init) for bsp_btn_init
    main.o(i.main) refers to mcu_cmic_gd32f470vet6.o(i.bsp_oled_init) for bsp_oled_init
    main.o(i.main) refers to mcu_cmic_gd32f470vet6.o(i.bsp_gd25qxx_init) for bsp_gd25qxx_init
    main.o(i.main) refers to mcu_cmic_gd32f470vet6.o(i.bsp_usart_init) for bsp_usart_init
    main.o(i.main) refers to mcu_cmic_gd32f470vet6.o(i.bsp_adc_init) for bsp_adc_init
    main.o(i.main) refers to mcu_cmic_gd32f470vet6.o(i.bsp_dac_init) for bsp_dac_init
    main.o(i.main) refers to sd_app.o(i.sd_fatfs_init) for sd_fatfs_init
    main.o(i.main) refers to btn_app.o(i.app_btn_init) for app_btn_init
    main.o(i.main) refers to oled.o(i.OLED_Init) for OLED_Init
    main.o(i.main) refers to adc_app.o(i.adc_recording_init) for adc_recording_init
    main.o(i.main) refers to gd25qxx.o(i.test_spi_flash) for test_spi_flash
    main.o(i.main) refers to sd_app.o(i.sd_fatfs_test) for sd_fatfs_test
    main.o(i.main) refers to scheduler.o(i.scheduler_init) for scheduler_init
    main.o(i.main) refers to scheduler.o(i.scheduler_run) for scheduler_run
    systick.o(i.delay_1ms) refers to systick.o(.data) for delay
    systick.o(i.delay_decrement) refers to systick.o(.data) for delay
    systick.o(i.systick_config) refers to systick.o(i.__NVIC_SetPriority) for __NVIC_SetPriority
    systick.o(i.systick_config) refers to system_gd32f4xx.o(.data) for SystemCoreClock
    mcu_cmic_gd32f470vet6.o(.rev16_text) refers (Special) to systick_wrapper_ual.o(.text) for __ensure_systick_wrapper
    mcu_cmic_gd32f470vet6.o(.revsh_text) refers (Special) to systick_wrapper_ual.o(.text) for __ensure_systick_wrapper
    mcu_cmic_gd32f470vet6.o(.rrx_text) refers (Special) to systick_wrapper_ual.o(.text) for __ensure_systick_wrapper
    mcu_cmic_gd32f470vet6.o(i.bsp_adc_init) refers (Special) to systick_wrapper_ual.o(.text) for __ensure_systick_wrapper
    mcu_cmic_gd32f470vet6.o(i.bsp_adc_init) refers to gd32f4xx_rcu.o(i.rcu_periph_clock_enable) for rcu_periph_clock_enable
    mcu_cmic_gd32f470vet6.o(i.bsp_adc_init) refers to gd32f4xx_adc.o(i.adc_clock_config) for adc_clock_config
    mcu_cmic_gd32f470vet6.o(i.bsp_adc_init) refers to gd32f4xx_gpio.o(i.gpio_mode_set) for gpio_mode_set
[...]
    adc_external_trigger_source_config       0x08002ce9   Thumb Code    48  gd32f4xx_adc.o(i.adc_external_trigger_source_config)
    adc_recording_init                       0x08002d19   Thumb Code    42  adc_app.o(i.adc_recording_init)
    adc_routine_channel_config               0x08002d7d   Thumb Code   172  gd32f4xx_adc.o(i.adc_routine_channel_config)
    adc_software_trigger_enable              0x08002e29   Thumb Code    36  gd32f4xx_adc.o(i.adc_software_trigger_enable)
    adc_special_function_config              0x08002e4d   Thumb Code    90  gd32f4xx_adc.o(i.adc_special_function_config)
    adc_start_recording                      0x08002ea9   Thumb Code   266  adc_app.o(i.adc_start_recording)
    adc_stop_recording                       0x08003131   Thumb Code    48  adc_app.o(i.adc_stop_recording)
    adc_sync_mode_config                     0x080031ad   Thumb Code    28  gd32f4xx_adc.o(i.adc_sync_mode_config)
    adc_task                                 0x080031d1   Thumb Code   122  adc_app.o(i.adc_task)
    app_btn_init                             0x0800329d   Thumb Code    24  btn_app.o(i.app_btn_init)
    bsp_adc_init                             0x080033c9   Thumb Code   268  mcu_cmic_gd32f470vet6.o(i.bsp_adc_init)
    bsp_btn_init                             0x080034e5   Thumb Code    66  mcu_cmic_gd32f470vet6.o(i.bsp_btn_init)
    bsp_dac_init                             0x08003535   Thumb Code   234  mcu_cmic_gd32f470vet6.o(i.bsp_dac_init)
    bsp_gd25qxx_init                         0x08003631   Thumb Code   144  mcu_cmic_gd32f470vet6.o(i.bsp_gd25qxx_init)
    bsp_led_init                             0x080036c9   Thumb Code    50  mcu_cmic_gd32f470vet6.o(i.bsp_led_init)
    bsp_oled_init                            0x08003701   Thumb Code   226  mcu_cmic_gd32f470vet6.o(i.bsp_oled_init)
    bsp_usart_init                           0x080037f9   Thumb Code   272  mcu_cmic_gd32f470vet6.o(i.bsp_usart_init)
    btn_task                                 0x08003919   Thumb Code    14  btn_app.o(i.btn_task)
    card_info_get                            0x08003929   Thumb Code   366  sd_app.o(i.card_info_get)
    clust2sect                               0x08004161   Thumb Code    26  ff.o(i.clust2sect)
    dac_deinit                               0x08004585   Thumb Code    34  gd32f4xx_dac.o(i.dac_deinit)
    dac_dma_enable                           0x080045ad   Thumb Code    26  gd32f4xx_dac.o(i.dac_dma_enable)
    dac_enable                               0x080045c7   Thumb Code    26  gd32f4xx_dac.o(i.dac_enable)
    dac_trigger_enable                       0x080045e1   Thumb Code    26  gd32f4xx_dac.o(i.dac_trigger_enable)
    dac_trigger_source_config                0x080045fb   Thumb Code    40  gd32f4xx_dac.o(i.dac_trigger_source_config)
    dac_wave_mode_config                     0x08004623   Thumb Code    40  gd32f4xx_dac.o(i.dac_wave_mode_config)
    delay_1ms                                0x0800464d   Thumb Code    16  systick.o(i.delay_1ms)
    delay_decrement                          0x08004661   Thumb Code    18  systick.o(i.delay_decrement)
    delay_ms                                 0x08004679   Thumb Code    76  perf_counter.o(i.delay_ms)
    disk_initialize                          0x08004c09   Thumb Code   134  diskio.o(i.disk_initialize)
    disk_ioctl                               0x08004c8f   Thumb Code     6  diskio.o(i.disk_ioctl)
    disk_read                                0x08004c95   Thumb Code    80  diskio.o(i.disk_read)
    disk_status                              0x08004ce5   Thumb Code    12  diskio.o(i.disk_status)
    disk_write                               0x08004cf1   Thumb Code    80  diskio.o(i.disk_write)
    dma_channel_disable                      0x08004d41   Thumb Code    32  gd32f4xx_dma.o(i.dma_channel_disable)
    dma_channel_enable                       0x08004d61   Thumb Code    32  gd32f4xx_dma.o(i.dma_channel_enable)
    dma_channel_subperipheral_select         0x08004d81   Thumb Code    38  gd32f4xx_dma.o(i.dma_channel_subperipheral_select)
    dma_circulation_disable                  0x08004da7   Thumb Code    32  gd32f4xx_dma.o(i.dma_circulation_disable)
    dma_circulation_enable                   0x08004dc7   Thumb Code    32  gd32f4xx_dma.o(i.dma_circulation_enable)
    dma_deinit                               0x08004de7   Thumb Code   166  gd32f4xx_dma.o(i.dma_deinit)
    dma_flag_clear                           0x08004e8d   Thumb Code    62  gd32f4xx_dma.o(i.dma_flag_clear)
    dma_flag_get                             0x08004ecb   Thumb Code    76  gd32f4xx_dma.o(i.dma_flag_get)
    dma_flow_controller_config               0x08004f17   Thumb Code    64  gd32f4xx_dma.o(i.dma_flow_controller_config)
    dma_memory_address_config                0x08004f57   Thumb Code    32  gd32f4xx_dma.o(i.dma_memory_address_config)
    dma_multi_data_mode_init                 0x08004f79   Thumb Code   352  gd32f4xx_dma.o(i.dma_multi_data_mode_init)
    dma_single_data_mode_init                0x08005191   Thumb Code   340  gd32f4xx_dma.o(i.dma_single_data_mode_init)
    dma_single_data_para_struct_init         0x080052e9   Thumb Code    34  gd32f4xx_dma.o(i.dma_single_data_para_struct_init)
    dma_transfer_number_config               0x080053c1   Thumb Code    16  gd32f4xx_dma.o(i.dma_transfer_number_config)
    dma_transfer_number_get                  0x080053d1   Thumb Code    16  gd32f4xx_dma.o(i.dma_transfer_number_get)
    ebtn_init                                0x08005439   Thumb Code    88  ebtn.o(i.ebtn_init)
    ebtn_process                             0x08005495   Thumb Code    26  ebtn.o(i.ebtn_process)
    ebtn_process_with_curr_state             0x08005569   Thumb Code   444  ebtn.o(i.ebtn_process_with_curr_state)
    f_close                                  0x0800572f   Thumb Code    22  ff.o(i.f_close)
    f_getfree                                0x08005745   Thumb Code   276  ff.o(i.f_getfree)
    f_lseek                                  0x08005859   Thumb Code   432  ff.o(i.f_lseek)
    f_mount                                  0x08005a09   Thumb Code    38  ff.o(i.f_mount)
    f_open                                   0x08005a35   Thumb Code   394  ff.o(i.f_open)
    f_read                                   0x08005bbf   Thumb Code   462  ff.o(i.f_read)
    f_sync                                   0x08005d8d   Thumb Code   184  ff.o(i.f_sync)
    f_unlink                                 0x08005e45   Thumb Code   202  ff.o(i.f_unlink)
    f_write                                  0x08005f0f   Thumb Code   526  ff.o(i.f_write)
    ff_convert                               0x0800611d   Thumb Code   266  fatfs_unicode.o(i.ff_convert)
    ff_memalloc                              0x08006227   Thumb Code    12  fatfs_unicode.o(i.ff_memalloc)
    ff_memfree                               0x08006233   Thumb Code    12  fatfs_unicode.o(i.ff_memfree)
    ff_wtoupper                              0x08006241   Thumb Code   204  fatfs_unicode.o(i.ff_wtoupper)
    gd32f4xx_firmware_version_get            0x0800642f   Thumb Code     6  system_gd32f4xx.o(i.gd32f4xx_firmware_version_get)
    gen_numname                              0x08006435   Thumb Code   202  ff.o(i.gen_numname)
    get_fat                                  0x080064ff   Thumb Code   228  ff.o(i.get_fat)
    get_fattime                              0x080065e3   Thumb Code   100  diskio.o(i.get_fattime)
    get_system_ms                            0x08006649   Thumb Code    84  perf_counter.o(i.get_system_ms)
    get_system_ticks                         0x080066a9   Thumb Code    86  perf_counter.o(i.get_system_ticks)
    gpio_af_set                              0x08006709   Thumb Code    94  gd32f4xx_gpio.o(i.gpio_af_set)
    gpio_bit_reset                           0x08006767   Thumb Code     4  gd32f4xx_gpio.o(i.gpio_bit_reset)
    gpio_bit_set                             0x0800676b   Thumb Code     4  gd32f4xx_gpio.o(i.gpio_bit_set)
    gpio_input_bit_get                       0x080067e5   Thumb Code    16  gd32f4xx_gpio.o(i.gpio_input_bit_get)
    gpio_mode_set                            0x080067f5   Thumb Code    78  gd32f4xx_gpio.o(i.gpio_mode_set)
    gpio_output_options_set                  0x08006843   Thumb Code    66  gd32f4xx_gpio.o(i.gpio_output_options_set)
    i2c_ack_config                           0x08006885   Thumb Code    16  gd32f4xx_i2c.o(i.i2c_ack_config)
    i2c_clock_config                         0x08006895   Thumb Code   216  gd32f4xx_i2c.o(i.i2c_clock_config)
    i2c_deinit                               0x08006979   Thumb Code    84  gd32f4xx_i2c.o(i.i2c_deinit)
    i2c_dma_config                           0x080069d1   Thumb Code    16  gd32f4xx_i2c.o(i.i2c_dma_config)
    i2c_enable                               0x080069e1   Thumb Code    10  gd32f4xx_i2c.o(i.i2c_enable)
    i2c_flag_clear                           0x080069eb   Thumb Code    40  gd32f4xx_i2c.o(i.i2c_flag_clear)
    i2c_flag_get                             0x08006a13   Thumb Code    30  gd32f4xx_i2c.o(i.i2c_flag_get)
    i2c_master_addressing                    0x08006a31   Thumb Code    20  gd32f4xx_i2c.o(i.i2c_master_addressing)
    i2c_mode_addr_config                     0x08006a45   Thumb Code    28  gd32f4xx_i2c.o(i.i2c_mode_addr_config)
    i2c_start_on_bus                         0x08006a61   Thumb Code    10  gd32f4xx_i2c.o(i.i2c_start_on_bus)
    i2c_stop_on_bus                          0x08006a6b   Thumb Code    10  gd32f4xx_i2c.o(i.i2c_stop_on_bus)
    init_cycle_counter                       0x08006a75   Thumb Code    86  perf_counter.o(i.init_cycle_counter)
    led_disp                                 0x08006add   Thumb Code   220  led_app.o(i.led_disp)
    led_task                                 0x08006bc1   Thumb Code    10  led_app.o(i.led_task)
    main                                     0x08006bd1   Thumb Code    86  main.o(i.main)
    my_printf                                0x08006ced   Thumb Code    94  usart_app.o(i.my_printf)
    nvic_irq_enable                          0x08006d51   Thumb Code   186  gd32f4xx_misc.o(i.nvic_irq_enable)
    nvic_priority_group_set                  0x08006e15   Thumb Code    10  gd32f4xx_misc.o(i.nvic_priority_group_set)
    oled_printf                              0x08006e29   Thumb Code    60  oled_app.o(i.oled_printf)
    oled_task                                0x08006e65   Thumb Code   144  oled_app.o(i.oled_task)
    parse_uart_command                       0x08006f41   Thumb Code   280  usart_app.o(i.parse_uart_command)
    perfc_port_clear_system_timer_ovf_pending 0x08007141   Thumb Code    10  perfc_port_default.o(i.perfc_port_clear_system_timer_ovf_pending)
    perfc_port_get_system_timer_elapsed      0x0800715d   Thumb Code    18  perfc_port_default.o(i.perfc_port_get_system_timer_elapsed)
    perfc_port_get_system_timer_freq         0x08007171   Thumb Code     6  perfc_port_default.o(i.perfc_port_get_system_timer_freq)
    perfc_port_get_system_timer_top          0x0800717d   Thumb Code    10  perfc_port_default.o(i.perfc_port_get_system_timer_top)
    perfc_port_init_system_timer             0x08007187   Thumb Code    82  perfc_port_default.o(i.perfc_port_init_system_timer)
    perfc_port_insert_to_system_timer_insert_ovf_handler 0x080071d9   Thumb Code   166  perf_counter.o(i.perfc_port_insert_to_system_timer_insert_ovf_handler)
    perfc_port_is_system_timer_ovf_pending   0x0800729d   Thumb Code    10  perfc_port_default.o(i.perfc_port_is_system_timer_ovf_pending)
    print_adc_file_info                      0x0800732d   Thumb Code   164  usart_app.o(i.print_adc_file_info)
    print_data                               0x080074a5   Thumb Code   846  sd_app.o(i.print_data)
    prv_btn_event                            0x08007a69   Thumb Code   148  btn_app.o(i.prv_btn_event)
    prv_btn_get_state                        0x08007b01   Thumb Code   160  btn_app.o(i.prv_btn_get_state)
    put_fat                                  0x08007f6d   Thumb Code   310  ff.o(i.put_fat)
    rcu_clock_freq_get                       0x0800835d   Thumb Code   264  gd32f4xx_rcu.o(i.rcu_clock_freq_get)
    rcu_periph_clock_enable                  0x080084a5   Thumb Code    32  gd32f4xx_rcu.o(i.rcu_periph_clock_enable)
    rcu_periph_reset_disable                 0x080084c9   Thumb Code    32  gd32f4xx_rcu.o(i.rcu_periph_reset_disable)
    rcu_periph_reset_enable                  0x080084ed   Thumb Code    32  gd32f4xx_rcu.o(i.rcu_periph_reset_enable)
    scheduler_init                           0x08008579   Thumb Code     8  scheduler.o(i.scheduler_init)
    scheduler_run                            0x08008585   Thumb Code    78  scheduler.o(i.scheduler_run)
    sd_block_read                            0x080085dd   Thumb Code   500  sdio_sdcard.o(i.sd_block_read)
    sd_block_write                           0x080087f5   Thumb Code   760  sdio_sdcard.o(i.sd_block_write)
    sd_bus_mode_config                       0x08008b15   Thumb Code   144  sdio_sdcard.o(i.sd_bus_mode_config)
    sd_card_capacity_get                     0x08008ca5   Thumb Code   160  sdio_sdcard.o(i.sd_card_capacity_get)
    sd_card_information_get                  0x08008d4d   Thumb Code   686  sdio_sdcard.o(i.sd_card_information_get)
    sd_card_init                             0x0800900d   Thumb Code   268  sdio_sdcard.o(i.sd_card_init)
    sd_card_select_deselect                  0x08009129   Thumb Code    38  sdio_sdcard.o(i.sd_card_select_deselect)
    sd_cardstatus_get                        0x08009209   Thumb Code    66  sdio_sdcard.o(i.sd_cardstatus_get)
    sd_fatfs_init                            0x08009269   Thumb Code    14  sd_app.o(i.sd_fatfs_init)
    sd_fatfs_read_data                       0x08009279   Thumb Code   234  sd_app.o(i.sd_fatfs_read_data)
    sd_fatfs_save_data                       0x08009425   Thumb Code   178  sd_app.o(i.sd_fatfs_save_data)
    sd_fatfs_test                            0x08009571   Thumb Code   586  sd_app.o(i.sd_fatfs_test)
    sd_init                                  0x08009991   Thumb Code    70  sdio_sdcard.o(i.sd_init)
    sd_interrupts_process                    0x080099d9   Thumb Code   286  sdio_sdcard.o(i.sd_interrupts_process)
    sd_multiblocks_read                      0x08009b09   Thumb Code   632  sdio_sdcard.o(i.sd_multiblocks_read)
    sd_multiblocks_write                     0x08009da5   Thumb Code   878  sdio_sdcard.o(i.sd_multiblocks_write)
    sd_power_on                              0x0800a13d   Thumb Code   290  sdio_sdcard.o(i.sd_power_on)
    sd_transfer_mode_config                  0x0800a3c5   Thumb Code    20  sdio_sdcard.o(i.sd_transfer_mode_config)
    sd_transfer_stop                         0x0800a3dd   Thumb Code    36  sdio_sdcard.o(i.sd_transfer_stop)
    sdio_bus_mode_set                        0x0800a401   Thumb Code    22  gd32f4xx_sdio.o(i.sdio_bus_mode_set)
    sdio_clock_config                        0x0800a41d   Thumb Code    44  gd32f4xx_sdio.o(i.sdio_clock_config)
    sdio_clock_enable                        0x0800a451   Thumb Code    14  gd32f4xx_sdio.o(i.sdio_clock_enable)
    sdio_command_index_get                   0x0800a465   Thumb Code     8  gd32f4xx_sdio.o(i.sdio_command_index_get)
    sdio_command_response_config             0x0800a471   Thumb Code    52  gd32f4xx_sdio.o(i.sdio_command_response_config)
    sdio_csm_enable                          0x0800a4a9   Thumb Code    14  gd32f4xx_sdio.o(i.sdio_csm_enable)
    sdio_data_config                         0x0800a4bd   Thumb Code    54  gd32f4xx_sdio.o(i.sdio_data_config)
    sdio_data_read                           0x0800a4f9   Thumb Code     6  gd32f4xx_sdio.o(i.sdio_data_read)
    sdio_data_transfer_config                0x0800a505   Thumb Code    24  gd32f4xx_sdio.o(i.sdio_data_transfer_config)
    sdio_data_write                          0x0800a521   Thumb Code     6  gd32f4xx_sdio.o(i.sdio_data_write)
    sdio_deinit                              0x0800a52d   Thumb Code    20  gd32f4xx_sdio.o(i.sdio_deinit)
    sdio_dma_disable                         0x0800a541   Thumb Code    14  gd32f4xx_sdio.o(i.sdio_dma_disable)
    sdio_dma_enable                          0x0800a555   Thumb Code    14  gd32f4xx_sdio.o(i.sdio_dma_enable)
    sdio_dsm_disable                         0x0800a569   Thumb Code    14  gd32f4xx_sdio.o(i.sdio_dsm_disable)
    sdio_dsm_enable                          0x0800a57d   Thumb Code    14  gd32f4xx_sdio.o(i.sdio_dsm_enable)
    sdio_flag_clear                          0x0800a591   Thumb Code     6  gd32f4xx_sdio.o(i.sdio_flag_clear)
    sdio_flag_get                            0x0800a59d   Thumb Code    16  gd32f4xx_sdio.o(i.sdio_flag_get)
    sdio_hardware_clock_disable              0x0800a5b1   Thumb Code    14  gd32f4xx_sdio.o(i.sdio_hardware_clock_disable)
    sdio_interrupt_disable                   0x0800a5c5   Thumb Code    12  gd32f4xx_sdio.o(i.sdio_interrupt_disable)
    sdio_interrupt_enable                    0x0800a5d5   Thumb Code    12  gd32f4xx_sdio.o(i.sdio_interrupt_enable)
    sdio_interrupt_flag_clear                0x0800a5e5   Thumb Code     6  gd32f4xx_sdio.o(i.sdio_interrupt_flag_clear)
    sdio_interrupt_flag_get                  0x0800a5f1   Thumb Code    16  gd32f4xx_sdio.o(i.sdio_interrupt_flag_get)
    sdio_power_state_get                     0x0800a605   Thumb Code     6  gd32f4xx_sdio.o(i.sdio_power_state_get)
    sdio_power_state_set                     0x0800a611   Thumb Code     6  gd32f4xx_sdio.o(i.sdio_power_state_set)
    sdio_response_get                        0x0800a61d   Thumb Code    56  gd32f4xx_sdio.o(i.sdio_response_get)
    sdio_wait_type_set                       0x0800a659   Thumb Code    22  gd32f4xx_sdio.o(i.sdio_wait_type_set)
    spi_dma_disable                          0x0800a675   Thumb Code    22  gd32f4xx_spi.o(i.spi_dma_disable)
    spi_dma_enable                           0x0800a68b   Thumb Code    22  gd32f4xx_spi.o(i.spi_dma_enable)
    spi_enable                               0x0800a6a1   Thumb Code    10  gd32f4xx_spi.o(i.spi_enable)
    spi_flash_buffer_read                    0x0800a6ad   Thumb Code    80  gd25qxx.o(i.spi_flash_buffer_read)
    spi_flash_buffer_write                   0x0800a701   Thumb Code   290  gd25qxx.o(i.spi_flash_buffer_write)
    spi_flash_init                           0x0800a825   Thumb Code    20  gd25qxx.o(i.spi_flash_init)
    spi_flash_page_write                     0x0800a841   Thumb Code    86  gd25qxx.o(i.spi_flash_page_write)
    spi_flash_read_id                        0x0800a89d   Thumb Code    78  gd25qxx.o(i.spi_flash_read_id)
    spi_flash_sector_erase                   0x0800a8f1   Thumb Code    62  gd25qxx.o(i.spi_flash_sector_erase)
    spi_flash_send_byte_dma                  0x0800a935   Thumb Code   236  gd25qxx.o(i.spi_flash_send_byte_dma)
    spi_flash_wait_for_write_end             0x0800aa31   Thumb Code    50  gd25qxx.o(i.spi_flash_wait_for_write_end)
    spi_flash_write_enable                   0x0800aa69   Thumb Code    30  gd25qxx.o(i.spi_flash_write_enable)
    spi_init                                 0x0800aa8d   Thumb Code    50  gd32f4xx_spi.o(i.spi_init)
    systick_config                           0x0800acc1   Thumb Code    74  systick.o(i.systick_config)
    test_spi_flash                           0x0800ad11   Thumb Code   292  gd25qxx.o(i.test_spi_flash)
    timer5_config                            0x0800b015   Thumb Code    68  mcu_cmic_gd32f470vet6.o(i.timer5_config)
    timer_deinit                             0x0800b05d   Thumb Code   374  gd32f4xx_timer.o(i.timer_deinit)
    timer_enable                             0x0800b1e1   Thumb Code    10  gd32f4xx_timer.o(i.timer_enable)
    timer_init                               0x0800b1ed   Thumb Code   122  gd32f4xx_timer.o(i.timer_init)
    timer_master_output_trigger_source_select 0x0800b285   Thumb Code    16  gd32f4xx_timer.o(i.timer_master_output_trigger_source_select)
    timer_struct_para_init                   0x0800b295   Thumb Code    22  gd32f4xx_timer.o(i.timer_struct_para_init)
    uart_task                                0x0800b2ad   Thumb Code    40  usart_app.o(i.uart_task)
    update_perf_counter                      0x0800b2e5   Thumb Code    94  perf_counter.o(i.update_perf_counter)
    usart_baudrate_set                       0x0800b359   Thumb Code   224  gd32f4xx_usart.o(i.usart_baudrate_set)
    usart_data_receive                       0x0800b441   Thumb Code    10  gd32f4xx_usart.o(i.usart_data_receive)
    usart_data_transmit                      0x0800b44b   Thumb Code     8  gd32f4xx_usart.o(i.usart_data_transmit)
    usart_deinit                             0x0800b455   Thumb Code   210  gd32f4xx_usart.o(i.usart_deinit)
    usart_dma_receive_config                 0x0800b531   Thumb Code    20  gd32f4xx_usart.o(i.usart_dma_receive_config)
    usart_enable                             0x0800b545   Thumb Code    10  gd32f4xx_usart.o(i.usart_enable)
    usart_flag_get                           0x0800b54f   Thumb Code    30  gd32f4xx_usart.o(i.usart_flag_get)
    usart_interrupt_enable                   0x0800b56d   Thumb Code    26  gd32f4xx_usart.o(i.usart_interrupt_enable)
    usart_interrupt_flag_get                 0x0800b587   Thumb Code    56  gd32f4xx_usart.o(i.usart_interrupt_flag_get)
    usart_receive_config                     0x0800b5bf   Thumb Code    16  gd32f4xx_usart.o(i.usart_receive_config)
    usart_transmit_config                    0x0800b5cf   Thumb Code    16  gd32f4xx_usart.o(i.usart_transmit_config)
    _get_lc_numeric                          0x0800b609   Thumb Code    44  lc_numeric_c.o(locale$$code)
    _get_lc_ctype                            0x0800b635   Thumb Code    44  lc_ctype_c.o(locale$$code)
    __fpl_dretinf                            0x0800b661   Thumb Code    12  dretinf.o(x$fpl$dretinf)
    __aeabi_f2d                              0x0800b66d   Thumb Code     0  f2d.o(x$fpl$f2d)
    _f2d                                     0x0800b66d   Thumb Code    86  f2d.o(x$fpl$f2d)
    __fpl_fnaninf                            0x0800b6c3   Thumb Code   140  fnaninf.o(x$fpl$fnaninf)
    _fp_init                                 0x0800b74f   Thumb Code    10  fpinit.o(x$fpl$fpinit)
    __fplib_config_fpu_vfp                   0x0800b757   Thumb Code     0  fpinit.o(x$fpl$fpinit)
    __fplib_config_pureend_doubles           0x0800b757   Thumb Code     0  fpinit.o(x$fpl$fpinit)
    _printf_fp_dec                           0x0800b759   Thumb Code     4  printf1.o(x$fpl$printf1)
    _printf_fp_hex                           0x0800b75d   Thumb Code     4  printf2.o(x$fpl$printf2)
    F6X8                                     0x0800b760   Data         552  oled.o(.constdata)
    __I$use$fp                               0x0800b760   Number         0  usenofp.o(x$fpl$usenofp)
    Hzk                                      0x0800bf78   Data         128  oled.o(.constdata)
    Hzb                                      0x0800bff8   Data         512  oled.o(.constdata)
    Region$$Table$$Base                      0x0800c448   Number         0  anon$$obj.o(Region$$Table)
    Region$$Table$$Limit                     0x0800c468   Number         0  anon$$obj.o(Region$$Table)
    __ctype                                  0x0800c491   Data           0  lc_ctype_c.o(locale$$data)
    SHT$$INIT_ARRAY$$Base                    0x0800c594   Number         0  perf_counter.o(.init_array)
    SHT$$INIT_ARRAY$$Limit                   0x0800c598   Number         0  init_aeabi.o(.init_array)
    oled_cmd_buf                             0x20000004   Data           2  mcu_cmic_gd32f470vet6.o(.data)
    oled_data_buf                            0x20000006   Data           2  mcu_cmic_gd32f470vet6.o(.data)
    adc_value                                0x20000008   Data           2  mcu_cmic_gd32f470vet6.o(.data)
    convertarr                               0x2000000a   Data           2  mcu_cmic_gd32f470vet6.o(.data)
    initcmd1                                 0x2000000c   Data          22  oled.o(.data)
    sd_scr                                   0x20000024   Data           8  sdio_sdcard.o(.data)
    ucLed                                    0x20000114   Data           6  led_app.o(.data)
    task_num                                 0x2000011c   Data           1  scheduler.o(.data)
    tx_count                                 0x2000015c   Data           1  usart_app.o(.data)
    rx_flag                                  0x2000015d   Data           1  usart_app.o(.data)
    pi_file                                  0x20000160   Data           4  usart_app.o(.data)
    pi                                       0x20000164   Data           4  usart_app.o(.data)
    array                                    0x20000168   Data          10  usart_app.o(.data)
    array_file                               0x20000174   Data           4  usart_app.o(.data)
    sensor                                   0x20000178   Data          96  usart_app.o(.data)
    sensor_file                              0x200001d8   Data           4  usart_app.o(.data)
    adc_recording_flag                       0x200001dc   Data           1  adc_app.o(.data)
    adc_current_state                        0x200001e4   Data           1  adc_app.o(.data)
    SystemCoreClock                          0x200001f4   Data           4  system_gd32f4xx.o(.data)
    g_lLastTimeStamp                         0x200001f8   Data           8  perf_counter.o(.data)
    g_nOffset                                0x20000208   Data           4  perf_counter.o(.data)
    spi1_send_array                          0x20000238   Data          12  mcu_cmic_gd32f470vet6.o(.bss)
    spi1_receive_array                       0x20000244   Data          12  mcu_cmic_gd32f470vet6.o(.bss)
    rxbuffer                                 0x20000250   Data         256  mcu_cmic_gd32f470vet6.o(.bss)
    uart_dma_buffer                          0x200003ac   Data         256  usart_app.o(.bss)
    fs                                       0x200004ac   Data         560  sd_app.o(.bss)
    fdst                                     0x200006dc   Data         548  sd_app.o(.bss)
    sd_cardinfo                              0x20000900   Data          72  sd_app.o(.bss)
    buffer                                   0x20000948   Data         128  sd_app.o(.bss)
    filebuffer                               0x200009c8   Data         128  sd_app.o(.bss)
    adc_filename                             0x20000a48   Data          32  adc_app.o(.bss)
    adc_buffer                               0x20000c8c   Data        2048  adc_app.o(.bss)
    __libspace_start                         0x20001498   Data          96  libspace.o(.bss)
    __temporary_stack_top$libspace           0x200014f8   Data           0  libspace.o(.bss)



==============================================================================

Memory Map of the image

  Image Entry point : 0x080001ad

  Load Region LR_IROM1 (Base: 0x08000000, Size: 0x0000c7d0, Max: 0x00080000, ABSOLUTE, COMPRESSED[0x0000c64c])

    Execution Region ER_IROM1 (Exec base: 0x08000000, Load base: 0x08000000, Size: 0x0000c598, Max: 0x00080000, ABSOLUTE)

    Exec Addr    Load Addr    Size         Type   Attr      Idx    E Section Name        Object

    0x08000000   0x08000000   0x000001ac   Data   RO         8205    RESET               startup_gd32f450_470.o
    0x080001ac   0x080001ac   0x00000008   Code   RO         8748  * !!!main             c_w.l(__main.o)
    0x080001b4   0x080001b4   0x00000034   Code   RO         9149    !!!scatter          c_w.l(__scatter.o)
    0x080001e8   0x080001e8   0x0000005a   Code   RO         9147    !!dczerorl2         c_w.l(__dczerorl2.o)
    0x08000242   0x08000242   0x00000002   PAD
    0x08000244   0x08000244   0x0000001c   Code   RO         9151    !!handler_zi        c_w.l(__scatter_zi.o)
    0x08000260   0x08000260   0x00000000   Code   RO         8719    .ARM.Collect$$_printf_percent$$00000000  c_w.l(_printf_percent.o)
    0x08000260   0x08000260   0x00000006   Code   RO         8819    .ARM.Collect$$_printf_percent$$00000001  c_w.l(_printf_n.o)
    0x08000266   0x08000266   0x00000006   Code   RO         8820    .ARM.Collect$$_printf_percent$$00000002  c_w.l(_printf_p.o)
    0x0800026c   0x0800026c   0x00000006   Code   RO         8823    .ARM.Collect$$_printf_percent$$00000003  c_w.l(_printf_f.o)
    0x08000272   0x08000272   0x00000006   Code   RO         8824    .ARM.Collect$$_printf_percent$$00000004  c_w.l(_printf_e.o)
    0x08000278   0x08000278   0x00000006   Code   RO         8825    .ARM.Collect$$_printf_percent$$00000005  c_w.l(_printf_g.o)
    0x0800027e   0x0800027e   0x00000006   Code   RO         8826    .ARM.Collect$$_printf_percent$$00000006  c_w.l(_printf_a.o)
    0x08000284   0x08000284   0x0000000a   Code   RO         8831    .ARM.Collect$$_printf_percent$$00000007  c_w.l(_printf_ll.o)
    0x0800028e   0x0800028e   0x00000006   Code   RO         8822    .ARM.Collect$$_printf_percent$$00000008  c_w.l(_printf_i.o)
    0x08000294   0x08000294   0x00000006   Code   RO         8717    .ARM.Collect$$_printf_percent$$00000009  c_w.l(_printf_d.o)
    0x0800029a   0x0800029a   0x00000006   Code   RO         8718    .ARM.Collect$$_printf_percent$$0000000A  c_w.l(_printf_u.o)
    0x080002a0   0x080002a0   0x00000006   Code   RO         8821    .ARM.Collect$$_printf_percent$$0000000B  c_w.l(_printf_o.o)
    0x080002a6   0x080002a6   0x00000006   Code   RO         8716    .ARM.Collect$$_printf_percent$$0000000C  c_w.l(_printf_x.o)
    0x080002ac   0x080002ac   0x00000006   Code   RO         8828    .ARM.Collect$$_printf_percent$$0000000D  c_w.l(_printf_lli.o)
    0x080002b2   0x080002b2   0x00000006   Code   RO         8829    .ARM.Collect$$_printf_percent$$0000000E  c_w.l(_printf_lld.o)
    0x080002b8   0x080002b8   0x00000006   Code   RO         8830    .ARM.Collect$$_printf_percent$$0000000F  c_w.l(_printf_llu.o)
    0x080002be   0x080002be   0x00000006   Code   RO         8835    .ARM.Collect$$_printf_percent$$00000010  c_w.l(_printf_llo.o)
    0x080002c4   0x080002c4   0x00000006   Code   RO         8836    .ARM.Collect$$_printf_percent$$00000011  c_w.l(_printf_llx.o)
    0x080002ca   0x080002ca   0x0000000a   Code   RO         8832    .ARM.Collect$$_printf_percent$$00000012  c_w.l(_printf_l.o)
    0x080002d4   0x080002d4   0x00000006   Code   RO         8817    .ARM.Collect$$_printf_percent$$00000013  c_w.l(_printf_c.o)
    0x080002da   0x080002da   0x00000006   Code   RO         8818    .ARM.Collect$$_printf_percent$$00000014  c_w.l(_printf_s.o)
    0x080002e0   0x080002e0   0x00000006   Code   RO         8833    .ARM.Collect$$_printf_percent$$00000015  c_w.l(_printf_lc.o)
    0x080002e6   0x080002e6   0x00000006   Code   RO         8834    .ARM.Collect$$_printf_percent$$00000016  c_w.l(_printf_ls.o)
    0x080002ec   0x080002ec   0x00000004   Code   RO         8827    .ARM.Collect$$_printf_percent$$00000017  c_w.l(_printf_percent_end.o)
    0x080002f0   0x080002f0   0x00000002   Code   RO         9066    .ARM.Collect$$libinit$$00000000  c_w.l(libinit.o)
    0x080002f2   0x080002f2   0x00000004   Code   RO         8849    .ARM.Collect$$libinit$$00000001  c_w.l(libinit2.o)
    0x080002f6   0x080002f6   0x00000000   Code   RO         8852    .ARM.Collect$$libinit$$00000004  c_w.l(libinit2.o)
    0x080002f6   0x080002f6   0x00000008   Code   RO         8853    .ARM.Collect$$libinit$$00000005  c_w.l(libinit2.o)
    0x080002fe   0x080002fe   0x00000000   Code   RO         8855    .ARM.Collect$$libinit$$0000000A  c_w.l(libinit2.o)
    0x080002fe   0x080002fe   0x00000000   Code   RO         8857    .ARM.Collect$$libinit$$0000000C  c_w.l(libinit2.o)
    0x080002fe   0x080002fe   0x00000000   Code   RO         8859    .ARM.Collect$$libinit$$0000000E  c_w.l(libinit2.o)
    0x080002fe   0x080002fe   0x00000006   Code   RO         8860    .ARM.Collect$$libinit$$0000000F  c_w.l(libinit2.o)
    0x08000304   0x08000304   0x00000000   Code   RO         8862    .ARM.Collect$$libinit$$00000011  c_w.l(libinit2.o)
    0x08000304   0x08000304   0x0000000c   Code   RO         8863    .ARM.Collect$$libinit$$00000012  c_w.l(libinit2.o)
    0x08000310   0x08000310   0x00000000   Code   RO         8864    .ARM.Collect$$libinit$$00000013  c_w.l(libinit2.o)
    0x08000310   0x08000310   0x00000000   Code   RO         8866    .ARM.Collect$$libinit$$00000015  c_w.l(libinit2.o)
    0x08000310   0x08000310   0x0000000a   Code   RO         8867    .ARM.Collect$$libinit$$00000016  c_w.l(libinit2.o)
    0x0800031a   0x0800031a   0x00000000   Code   RO         8868    .ARM.Collect$$libinit$$00000017  c_w.l(libinit2.o)
    0x0800031a   0x0800031a   0x00000000   Code   RO         8870    .ARM.Collect$$libinit$$00000019  c_w.l(libinit2.o)
    0x0800031a   0x0800031a   0x00000000   Code   RO         8872    .ARM.Collect$$libinit$$0000001B  c_w.l(libinit2.o)
    0x0800031a   0x0800031a   0x00000000   Code   RO         8874    .ARM.Collect$$libinit$$0000001D  c_w.l(libinit2.o)
    0x0800031a   0x0800031a   0x00000000   Code   RO         8876    .ARM.Collect$$libinit$$0000001F  c_w.l(libinit2.o)
    0x0800031a   0x0800031a   0x00000000   Code   RO         8878    .ARM.Collect$$libinit$$00000021  c_w.l(libinit2.o)
    0x0800031a   0x0800031a   0x00000000   Code   RO         8880    .ARM.Collect$$libinit$$00000023  c_w.l(libinit2.o)
    0x0800031a   0x0800031a   0x00000000   Code   RO         8882    .ARM.Collect$$libinit$$00000025  c_w.l(libinit2.o)
    0x0800031a   0x0800031a   0x00000000   Code   RO         8886    .ARM.Collect$$libinit$$0000002C  c_w.l(libinit2.o)
    0x0800031a   0x0800031a   0x00000000   Code   RO         8888    .ARM.Collect$$libinit$$0000002E  c_w.l(libinit2.o)
    0x0800031a   0x0800031a   0x00000000   Code   RO         8890    .ARM.Collect$$libinit$$00000030  c_w.l(libinit2.o)
    0x0800031a   0x0800031a   0x00000004   Code   RO         8891    .ARM.Collect$$libinit$$00000031  c_w.l(libinit2.o)
    0x0800031e   0x0800031e   0x00000000   Code   RO         8892    .ARM.Collect$$libinit$$00000032  c_w.l(libinit2.o)
    0x0800031e   0x0800031e   0x00000002   Code   RO         8893    .ARM.Collect$$libinit$$00000033  c_w.l(libinit2.o)
    0x08000320   0x08000320   0x00000002   Code   RO         9144    .ARM.Collect$$libshutdown$$00000000  c_w.l(libshutdown.o)
    0x08000322   0x08000322   0x00000000   Code   RO         9068    .ARM.Collect$$libshutdown$$00000002  c_w.l(libshutdown2.o)
    0x08000322   0x08000322   0x00000000   Code   RO         9070    .ARM.Collect$$libshutdown$$00000004  c_w.l(libshutdown2.o)
    0x08000322   0x08000322   0x00000000   Code   RO         9072    .ARM.Collect$$libshutdown$$00000006  c_w.l(libshutdown2.o)
    0x08000322   0x08000322   0x00000000   Code   RO         9075    .ARM.Collect$$libshutdown$$00000009  c_w.l(libshutdown2.o)
    0x08000322   0x08000322   0x00000000   Code   RO         9078    .ARM.Collect$$libshutdown$$0000000C  c_w.l(libshutdown2.o)
    0x08000322   0x08000322   0x00000000   Code   RO         9080    .ARM.Collect$$libshutdown$$0000000E  c_w.l(libshutdown2.o)
    0x08000322   0x08000322   0x00000000   Code   RO         9083    .ARM.Collect$$libshutdown$$00000011  c_w.l(libshutdown2.o)
    0x08000322   0x08000322   0x00000002   Code   RO         9084    .ARM.Collect$$libshutdown$$00000012  c_w.l(libshutdown2.o)
    0x08000324   0x08000324   0x00000000   Code   RO         8760    .ARM.Collect$$rtentry$$00000000  c_w.l(__rtentry.o)
    0x08000324   0x08000324   0x00000000   Code   RO         8917    .ARM.Collect$$rtentry$$00000002  c_w.l(__rtentry2.o)
    0x08000324   0x08000324   0x00000006   Code   RO         8929    .ARM.Collect$$rtentry$$00000004  c_w.l(__rtentry4.o)
    0x0800032a   0x0800032a   0x00000000   Code   RO         8919    .ARM.Collect$$rtentry$$00000009  c_w.l(__rtentry2.o)
    0x0800032a   0x0800032a   0x00000004   Code   RO         8920    .ARM.Collect$$rtentry$$0000000A  c_w.l(__rtentry2.o)
    0x0800032e   0x0800032e   0x00000000   Code   RO         8922    .ARM.Collect$$rtentry$$0000000C  c_w.l(__rtentry2.o)
    0x0800032e   0x0800032e   0x00000008   Code   RO         8923    .ARM.Collect$$rtentry$$0000000D  c_w.l(__rtentry2.o)
    0x08000336   0x08000336   0x00000002   Code   RO         9089    .ARM.Collect$$rtexit$$00000000  c_w.l(rtexit.o)
    0x08000338   0x08000338   0x00000000   Code   RO         9115    .ARM.Collect$$rtexit$$00000002  c_w.l(rtexit2.o)
    0x08000338   0x08000338   0x00000004   Code   RO         9116    .ARM.Collect$$rtexit$$00000003  c_w.l(rtexit2.o)
    0x0800033c   0x0800033c   0x00000006   Code   RO         9117    .ARM.Collect$$rtexit$$00000004  c_w.l(rtexit2.o)
    0x08000342   0x08000342   0x00000002   PAD
    0x08000344   0x08000344   0x00000000   Code   RO         8937    .emb_text           c_w.l(maybetermalloc1.o)
    0x08000344   0x08000344   0x00000040   Code   RO         8206    .text               startup_gd32f450_470.o
    0x08000384   0x08000384   0x00000020   Code   RO         8591    .text               systick_wrapper_ual.o
    0x080003a4   0x080003a4   0x0000005e   Code   RO         8601    .text               c_w.l(h1_alloc.o)
    0x08000402   0x08000402   0x0000004e   Code   RO         8603    .text               c_w.l(h1_free.o)
    0x08000450   0x08000450   0x00000048   Code   RO         8659    .text               c_w.l(llsdiv.o)
    0x08000498   0x08000498   0x00000034   Code   RO         8661    .text               c_w.l(vsnprintf.o)
    0x080004cc   0x080004cc   0x0000002c   Code   RO         8665    .text               c_w.l(__2sprintf.o)
    0x080004f8   0x080004f8   0x00000078   Code   RO         8673    .text               c_w.l(_printf_dec.o)
    0x08000570   0x08000570   0x00000094   Code   RO         8693    .text               c_w.l(_printf_hex_int_ll_ptr.o)
    0x08000604   0x08000604   0x00000188   Code   RO         8713    .text               c_w.l(__printf_flags_ss_wp.o)
    0x0800078c   0x0800078c   0x00000058   Code   RO         8728    .text               c_w.l(memcmp.o)
    0x080007e4   0x080007e4   0x0000003e   Code   RO         8732    .text               c_w.l(strlen.o)
    0x08000822   0x08000822   0x00000096   Code   RO         8734    .text               c_w.l(strncmp.o)
    0x080008b8   0x080008b8   0x0000008a   Code   RO         8736    .text               c_w.l(rt_memcpy_v6.o)
    0x08000942   0x08000942   0x00000064   Code   RO         8738    .text               c_w.l(rt_memcpy_w.o)
    0x080009a6   0x080009a6   0x00000010   Code   RO         8740    .text               c_w.l(aeabi_memset.o)
    0x080009b6   0x080009b6   0x00000044   Code   RO         8742    .text               c_w.l(rt_memclr.o)
    0x080009fa   0x080009fa   0x0000004e   Code   RO         8744    .text               c_w.l(rt_memclr_w.o)
    0x08000a48   0x08000a48   0x00000006   Code   RO         8746    .text               c_w.l(heapauxi.o)
    0x08000a4e   0x08000a4e   0x00000002   PAD
    0x08000a50   0x08000a50   0x00000024   Code   RO         8753    .text               c_w.l(init_aeabi.o)
    0x08000a74   0x08000a74   0x00000008   Code   RO         8764    .text               c_w.l(rt_heap_descriptor_intlibspace.o)
    0x08000a7c   0x08000a7c   0x00000004   Code   RO         8766    .text               c_w.l(hguard.o)
    0x08000a80   0x08000a80   0x0000008a   Code   RO         8768    .text               c_w.l(init_alloc.o)
    0x08000b0a   0x08000b0a   0x0000000e   Code   RO         8772    .text               c_w.l(h1_init.o)
    0x08000b18   0x08000b18   0x000000ee   Code   RO         8786    .text               c_w.l(lludivv7m.o)
    0x08000c06   0x08000c06   0x0000004e   Code   RO         8788    .text               c_w.l(_printf_pad.o)
    0x08000c54   0x08000c54   0x00000024   Code   RO         8790    .text               c_w.l(_printf_truncate.o)
    0x08000c78   0x08000c78   0x00000052   Code   RO         8792    .text               c_w.l(_printf_str.o)
    0x08000cca   0x08000cca   0x000000b2   Code   RO         8794    .text               c_w.l(_printf_intcommon.o)
    0x08000d7c   0x08000d7c   0x00000028   Code   RO         8796    .text               c_w.l(_printf_charcount.o)
    0x08000da4   0x08000da4   0x00000030   Code   RO         8798    .text               c_w.l(_printf_char_common.o)
    0x08000dd4   0x08000dd4   0x0000000a   Code   RO         8800    .text               c_w.l(_sputc.o)
    0x08000dde   0x08000dde   0x00000010   Code   RO         8802    .text               c_w.l(_snputc.o)
    0x08000dee   0x08000dee   0x00000002   PAD
    0x08000df0   0x08000df0   0x000000bc   Code   RO         8806    .text               c_w.l(_printf_wctomb.o)
    0x08000eac   0x08000eac   0x0000007c   Code   RO         8809    .text               c_w.l(_printf_longlong_dec.o)
    0x08000f28   0x08000f28   0x00000070   Code   RO         8815    .text               c_w.l(_printf_oct_int_ll.o)
    0x08000f98   0x08000f98   0x0000000e   Code   RO         8907    .text               c_w.l(sys_wrch.o)
    0x08000fa6   0x08000fa6   0x00000002   PAD
    0x08000fa8   0x08000fa8   0x0000000c   Code   RO         8911    .text               c_w.l(sys_exit.o)
    0x08000fb4   0x08000fb4   0x00000008   Code   RO         8913    .text               c_w.l(libspace.o)
    0x08000fbc   0x08000fbc   0x00000034   Code   RO         8939    .text               c_w.l(h1_extend.o)
    0x08000ff0   0x08000ff0   0x0000008a   Code   RO         8943    .text               c_w.l(lludiv10.o)
    0x0800107a   0x0800107a   0x0000041e   Code   RO         8945    .text               c_w.l(_printf_fp_dec.o)
    0x08001498   0x08001498   0x000002fc   Code   RO         8947    .text               c_w.l(_printf_fp_hex.o)
    0x08001794   0x08001794   0x0000002c   Code   RO         8952    .text               c_w.l(_printf_char.o)
    0x080017c0   0x080017c0   0x0000002c   Code   RO         8954    .text               c_w.l(_printf_wchar.o)
    0x080017ec   0x080017ec   0x00000040   Code   RO         8964    .text               c_w.l(_wcrtomb.o)
    0x0800182c   0x0800182c   0x0000000e   Code   RO         8970    .text               c_w.l(defsig_rtmem_outer.o)
    0x0800183a   0x0800183a   0x00000002   Code   RO         8986    .text               c_w.l(use_no_semi.o)
    0x0800183c   0x0800183c   0x00000000   Code   RO         8988    .text               c_w.l(indicate_semi.o)
    0x0800183c   0x0800183c   0x0000004a   Code   RO         8989    .text               c_w.l(sys_stackheap_outer.o)
    0x08001886   0x08001886   0x00000002   PAD
    0x08001888   0x08001888   0x00000010   Code   RO         8991    .text               c_w.l(rt_ctype_table.o)
    0x08001898   0x08001898   0x00000008   Code   RO         9000    .text               c_w.l(rt_locale_intlibspace.o)
    0x080018a0   0x080018a0   0x00000080   Code   RO         9004    .text               c_w.l(_printf_fp_infnan.o)
    0x08001920   0x08001920   0x000000e4   Code   RO         9006    .text               c_w.l(bigflt0.o)
    0x08001a04   0x08001a04   0x00000012   Code   RO         9045    .text               c_w.l(exit.o)
    0x08001a16   0x08001a16   0x0000000a   Code   RO         9047    .text               c_w.l(defsig_exit.o)
    0x08001a20   0x08001a20   0x00000050   Code   RO         9055    .text               c_w.l(defsig_rtmem_inner.o)
    0x08001a70   0x08001a70   0x00000032   Code   RO         9104    .text               c_w.l(defsig_general.o)
    0x08001aa2   0x08001aa2   0x00000002   PAD
    0x08001aa4   0x08001aa4   0x00000080   Code   RO         9112    .text               c_w.l(strcmpv7m.o)
    0x08001b24   0x08001b24   0x0000003e   Code   RO         9009    CL$$btod_d2e        c_w.l(btod.o)
    0x08001b62   0x08001b62   0x00000046   Code   RO         9011    CL$$btod_d2e_denorm_low  c_w.l(btod.o)
    0x08001ba8   0x08001ba8   0x00000060   Code   RO         9010    CL$$btod_d2e_norm_op1  c_w.l(btod.o)
    0x08001c08   0x08001c08   0x00000338   Code   RO         9019    CL$$btod_div_common  c_w.l(btod.o)
    0x08001f40   0x08001f40   0x000000dc   Code   RO         9016    CL$$btod_e2e        c_w.l(btod.o)
    0x0800201c   0x0800201c   0x0000002a   Code   RO         9013    CL$$btod_ediv       c_w.l(btod.o)
    0x08002046   0x08002046   0x0000002a   Code   RO         9012    CL$$btod_emul       c_w.l(btod.o)
    0x08002070   0x08002070   0x00000244   Code   RO         9018    CL$$btod_mult_common  c_w.l(btod.o)
    0x080022b4   0x080022b4   0x00000004   Code   RO            4    i.BusFault_Handler  gd32f4xx_it.o
    0x080022b8   0x080022b8   0x00000004   Code   RO            5    i.DebugMon_Handler  gd32f4xx_it.o
    0x080022bc   0x080022bc   0x00000004   Code   RO            6    i.HardFault_Handler  gd32f4xx_it.o
    0x080022c0   0x080022c0   0x00000128   Code   RO         1317    i.I2C_Bus_Reset     oled.o
    0x080023e8   0x080023e8   0x00000004   Code   RO            7    i.MemManage_Handler  gd32f4xx_it.o
    0x080023ec   0x080023ec   0x00000004   Code   RO            8    i.NMI_Handler       gd32f4xx_it.o
    0x080023f0   0x080023f0   0x00000038   Code   RO         1319    i.OLED_Clear        oled.o
    0x08002428   0x08002428   0x00000030   Code   RO         1322    i.OLED_Init         oled.o
    0x08002458   0x08002458   0x00000024   Code   RO         1324    i.OLED_Set_Position  oled.o
    0x0800247c   0x0800247c   0x0000009c   Code   RO         1325    i.OLED_ShowChar     oled.o
    0x08002518   0x08002518   0x0000003a   Code   RO         1331    i.OLED_ShowStr      oled.o
    0x08002552   0x08002552   0x00000002   PAD
    0x08002554   0x08002554   0x00000128   Code   RO         1332    i.OLED_Write_cmd    oled.o
    0x0800267c   0x0800267c   0x00000128   Code   RO         1333    i.OLED_Write_data   oled.o
    0x080027a4   0x080027a4   0x00000004   Code   RO            9    i.PendSV_Handler    gd32f4xx_it.o
    0x080027a8   0x080027a8   0x00000008   Code   RO           10    i.SDIO_IRQHandler   gd32f4xx_it.o
    0x080027b0   0x080027b0   0x00000004   Code   RO           11    i.SVC_Handler       gd32f4xx_it.o
    0x080027b4   0x080027b4   0x00000008   Code   RO           12    i.SysTick_Handler   gd32f4xx_it.o
    0x080027bc   0x080027bc   0x0000017c   Code   RO         8214    i.SystemInit        system_gd32f4xx.o
    0x08002938   0x08002938   0x00000078   Code   RO           13    i.USART0_IRQHandler  gd32f4xx_it.o
    0x080029b0   0x080029b0   0x00000004   Code   RO           14    i.UsageFault_Handler  gd32f4xx_it.o
    0x080029b4   0x080029b4   0x00000030   Code   RO         9087    i.__ARM_fpclassify  m_wm.l(fpclassify.o)
    0x080029e4   0x080029e4   0x00000028   Code   RO          346    i.__NVIC_SetPriority  systick.o
    0x08002a0c   0x08002a0c   0x0000000a   Code   RO         8275    i.__perf_counter_init  perf_counter.o
    0x08002a16   0x08002a16   0x00000002   Code   RO         8276    i.__perf_os_patch_init  perf_counter.o
    0x08002a18   0x08002a18   0x0000000e   Code   RO         8706    i._is_digit         c_w.l(__printf_wp.o)
    0x08002a26   0x08002a26   0x0000001c   Code   RO         8215    i._soft_delay_      system_gd32f4xx.o
    0x08002a42   0x08002a42   0x0000002a   Code   RO         2610    i.adc_calibration_enable  gd32f4xx_adc.o
    0x08002a6c   0x08002a6c   0x00000052   Code   RO         2612    i.adc_channel_length_config  gd32f4xx_adc.o
    0x08002abe   0x08002abe   0x00000002   PAD
    0x08002ac0   0x08002ac0   0x00000194   Code   RO         2474    i.adc_check_filesystem  adc_app.o
    0x08002c54   0x08002c54   0x00000024   Code   RO         2613    i.adc_clock_config  gd32f4xx_adc.o
    0x08002c78   0x08002c78   0x00000016   Code   RO         2614    i.adc_data_alignment_config  gd32f4xx_adc.o
    0x08002c8e   0x08002c8e   0x0000000a   Code   RO         2619    i.adc_dma_mode_enable  gd32f4xx_adc.o
    0x08002c98   0x08002c98   0x0000000a   Code   RO         2621    i.adc_dma_request_after_last_enable  gd32f4xx_adc.o
    0x08002ca2   0x08002ca2   0x00000012   Code   RO         2622    i.adc_enable        gd32f4xx_adc.o
    0x08002cb4   0x08002cb4   0x00000034   Code   RO         2624    i.adc_external_trigger_config  gd32f4xx_adc.o
    0x08002ce8   0x08002ce8   0x00000030   Code   RO         2625    i.adc_external_trigger_source_config  gd32f4xx_adc.o
    0x08002d18   0x08002d18   0x00000064   Code   RO         2477    i.adc_recording_init  adc_app.o
    0x08002d7c   0x08002d7c   0x000000ac   Code   RO         2640    i.adc_routine_channel_config  gd32f4xx_adc.o
    0x08002e28   0x08002e28   0x00000024   Code   RO         2643    i.adc_software_trigger_enable  gd32f4xx_adc.o
    0x08002e4c   0x08002e4c   0x0000005a   Code   RO         2644    i.adc_special_function_config  gd32f4xx_adc.o
    0x08002ea6   0x08002ea6   0x00000002   PAD
    0x08002ea8   0x08002ea8   0x00000288   Code   RO         2479    i.adc_start_recording  adc_app.o
    0x08003130   0x08003130   0x0000007c   Code   RO         2480    i.adc_stop_recording  adc_app.o
    0x080031ac   0x080031ac   0x00000024   Code   RO         2649    i.adc_sync_mode_config  gd32f4xx_adc.o
    0x080031d0   0x080031d0   0x000000cc   Code   RO         2481    i.adc_task          adc_app.o
    0x0800329c   0x0800329c   0x00000024   Code   RO         2198    i.app_btn_init      btn_app.o
    0x080032c0   0x080032c0   0x00000026   Code   RO         1440    i.bit_array_and     ebtn.o
    0x080032e6   0x080032e6   0x0000002e   Code   RO         1441    i.bit_array_assign  ebtn.o
    0x08003314   0x08003314   0x00000024   Code   RO         1442    i.bit_array_cmp     ebtn.o
    0x08003338   0x08003338   0x00000016   Code   RO         1443    i.bit_array_get     ebtn.o
    0x0800334e   0x0800334e   0x00000054   Code   RO         1444    i.bit_array_num_bits_set  ebtn.o
    0x080033a2   0x080033a2   0x00000026   Code   RO         1445    i.bit_array_or      ebtn.o
    0x080033c8   0x080033c8   0x0000011c   Code   RO          393    i.bsp_adc_init      mcu_cmic_gd32f470vet6.o
    0x080034e4   0x080034e4   0x00000050   Code   RO          394    i.bsp_btn_init      mcu_cmic_gd32f470vet6.o
    0x08003534   0x08003534   0x000000fc   Code   RO          395    i.bsp_dac_init      mcu_cmic_gd32f470vet6.o
    0x08003630   0x08003630   0x00000098   Code   RO          396    i.bsp_gd25qxx_init  mcu_cmic_gd32f470vet6.o
    0x080036c8   0x080036c8   0x00000038   Code   RO          397    i.bsp_led_init      mcu_cmic_gd32f470vet6.o
    0x08003700   0x08003700   0x000000f8   Code   RO          398    i.bsp_oled_init     mcu_cmic_gd32f470vet6.o
    0x080037f8   0x080037f8   0x00000120   Code   RO          400    i.bsp_usart_init    mcu_cmic_gd32f470vet6.o
    0x08003918   0x08003918   0x0000000e   Code   RO         2199    i.btn_task          btn_app.o
    0x08003926   0x08003926   0x00000002   PAD
    0x08003928   0x08003928   0x000003c8   Code   RO         2396    i.card_info_get     sd_app.o
    0x08003cf0   0x08003cf0   0x00000090   Code   RO         1854    i.check_fs          ff.o
    0x08003d80   0x08003d80   0x00000036   Code   RO         8281    i.check_systick     perf_counter.o
    0x08003db6   0x08003db6   0x00000014   Code   RO         1855    i.chk_chr           ff.o
    0x08003dca   0x08003dca   0x00000002   PAD
    0x08003dcc   0x08003dcc   0x00000394   Code   RO         1856    i.chk_mounted       ff.o
    0x08004160   0x08004160   0x0000001a   Code   RO         1857    i.clust2sect        ff.o
    0x0800417a   0x0800417a   0x00000002   PAD
    0x0800417c   0x0800417c   0x00000030   Code   RO         1637    i.cmdsent_error_check  sdio_sdcard.o
    0x080041ac   0x080041ac   0x00000090   Code   RO         1858    i.cmp_lfn           ff.o
    0x0800423c   0x0800423c   0x000000ca   Code   RO         1859    i.create_chain      ff.o
    0x08004306   0x08004306   0x00000002   PAD
    0x08004308   0x08004308   0x0000027c   Code   RO         1860    i.create_name       ff.o
    0x08004584   0x08004584   0x00000028   Code   RO         3289    i.dac_deinit        gd32f4xx_dac.o
    0x080045ac   0x080045ac   0x0000001a   Code   RO         3292    i.dac_dma_enable    gd32f4xx_dac.o
    0x080045c6   0x080045c6   0x0000001a   Code   RO         3293    i.dac_enable        gd32f4xx_dac.o
    0x080045e0   0x080045e0   0x0000001a   Code   RO         3307    i.dac_trigger_enable  gd32f4xx_dac.o
    0x080045fa   0x080045fa   0x00000028   Code   RO         3308    i.dac_trigger_source_config  gd32f4xx_dac.o
    0x08004622   0x08004622   0x00000028   Code   RO         3309    i.dac_wave_mode_config  gd32f4xx_dac.o
    0x0800464a   0x0800464a   0x00000002   PAD
    0x0800464c   0x0800464c   0x00000014   Code   RO          347    i.delay_1ms         systick.o
    0x08004660   0x08004660   0x00000018   Code   RO          348    i.delay_decrement   systick.o
    0x08004678   0x08004678   0x00000054   Code   RO         8283    i.delay_ms          perf_counter.o
    0x080046cc   0x080046cc   0x000000de   Code   RO         1861    i.dir_find          ff.o
    0x080047aa   0x080047aa   0x00000118   Code   RO         1862    i.dir_next          ff.o
    0x080048c2   0x080048c2   0x000000be   Code   RO         1863    i.dir_read          ff.o
    0x08004980   0x08004980   0x0000018c   Code   RO         1864    i.dir_register      ff.o
    0x08004b0c   0x08004b0c   0x00000060   Code   RO         1865    i.dir_remove        ff.o
    0x08004b6c   0x08004b6c   0x0000009c   Code   RO         1866    i.dir_sdi           ff.o
    0x08004c08   0x08004c08   0x00000086   Code   RO         2112    i.disk_initialize   diskio.o
    0x08004c8e   0x08004c8e   0x00000006   Code   RO         2113    i.disk_ioctl        diskio.o
    0x08004c94   0x08004c94   0x00000050   Code   RO         2114    i.disk_read         diskio.o
    0x08004ce4   0x08004ce4   0x0000000c   Code   RO         2115    i.disk_status       diskio.o
    0x08004cf0   0x08004cf0   0x00000050   Code   RO         2116    i.disk_write        diskio.o
    0x08004d40   0x08004d40   0x00000020   Code   RO         3678    i.dma_channel_disable  gd32f4xx_dma.o
    0x08004d60   0x08004d60   0x00000020   Code   RO         3679    i.dma_channel_enable  gd32f4xx_dma.o
    0x08004d80   0x08004d80   0x00000026   Code   RO         3680    i.dma_channel_subperipheral_select  gd32f4xx_dma.o
    0x08004da6   0x08004da6   0x00000020   Code   RO         3681    i.dma_circulation_disable  gd32f4xx_dma.o
    0x08004dc6   0x08004dc6   0x00000020   Code   RO         3682    i.dma_circulation_enable  gd32f4xx_dma.o
    0x08004de6   0x08004de6   0x000000a6   Code   RO         3683    i.dma_deinit        gd32f4xx_dma.o
    0x08004e8c   0x08004e8c   0x0000003e   Code   RO         3685    i.dma_flag_clear    gd32f4xx_dma.o
    0x08004eca   0x08004eca   0x0000004c   Code   RO         3686    i.dma_flag_get      gd32f4xx_dma.o
    0x08004f16   0x08004f16   0x00000040   Code   RO         3687    i.dma_flow_controller_config  gd32f4xx_dma.o
    0x08004f56   0x08004f56   0x00000020   Code   RO         3692    i.dma_memory_address_config  gd32f4xx_dma.o
    0x08004f76   0x08004f76   0x00000002   PAD
    0x08004f78   0x08004f78   0x00000164   Code   RO         3696    i.dma_multi_data_mode_init  gd32f4xx_dma.o
    0x080050dc   0x080050dc   0x000000b4   Code   RO         1638    i.dma_receive_config  sdio_sdcard.o
    0x08005190   0x08005190   0x00000158   Code   RO         3703    i.dma_single_data_mode_init  gd32f4xx_dma.o
    0x080052e8   0x080052e8   0x00000022   Code   RO         3704    i.dma_single_data_para_struct_init  gd32f4xx_dma.o
    0x0800530a   0x0800530a   0x00000002   PAD
    0x0800530c   0x0800530c   0x000000b4   Code   RO         1639    i.dma_transfer_config  sdio_sdcard.o
    0x080053c0   0x080053c0   0x00000010   Code   RO         3708    i.dma_transfer_number_config  gd32f4xx_dma.o
    0x080053d0   0x080053d0   0x00000010   Code   RO         3709    i.dma_transfer_number_get  gd32f4xx_dma.o
    0x080053e0   0x080053e0   0x00000058   Code   RO         1456    i.ebtn_get_current_state  ebtn.o
    0x08005438   0x08005438   0x0000005c   Code   RO         1458    i.ebtn_init         ebtn.o
    0x08005494   0x08005494   0x0000001a   Code   RO         1462    i.ebtn_process      ebtn.o
    0x080054ae   0x080054ae   0x0000003e   Code   RO         1463    i.ebtn_process_btn  ebtn.o
    0x080054ec   0x080054ec   0x0000007c   Code   RO         1464    i.ebtn_process_btn_combo  ebtn.o
    0x08005568   0x08005568   0x000001c0   Code   RO         1465    i.ebtn_process_with_curr_state  ebtn.o
    0x08005728   0x08005728   0x00000006   Code   RO         1469    i.ebtn_timer_sub    ebtn.o
    0x0800572e   0x0800572e   0x00000016   Code   RO         1868    i.f_close           ff.o
    0x08005744   0x08005744   0x00000114   Code   RO         1869    i.f_getfree         ff.o
    0x08005858   0x08005858   0x000001b0   Code   RO         1870    i.f_lseek           ff.o
    0x08005a08   0x08005a08   0x0000002c   Code   RO         1872    i.f_mount           ff.o
    0x08005a34   0x08005a34   0x0000018a   Code   RO         1873    i.f_open            ff.o
    0x08005bbe   0x08005bbe   0x000001ce   Code   RO         1875    i.f_read            ff.o
    0x08005d8c   0x08005d8c   0x000000b8   Code   RO         1879    i.f_sync            ff.o
    0x08005e44   0x08005e44   0x000000ca   Code   RO         1881    i.f_unlink          ff.o
    0x08005f0e   0x08005f0e   0x0000020e   Code   RO         1883    i.f_write           ff.o
    0x0800611c   0x0800611c   0x0000010a   Code   RO         2163    i.ff_convert        fatfs_unicode.o
    0x08006226   0x08006226   0x0000000c   Code   RO         2164    i.ff_memalloc       fatfs_unicode.o
    0x08006232   0x08006232   0x0000000c   Code   RO         2165    i.ff_memfree        fatfs_unicode.o
    0x0800623e   0x0800623e   0x00000002   PAD
    0x08006240   0x08006240   0x000000d0   Code   RO         2166    i.ff_wtoupper       fatfs_unicode.o
    0x08006310   0x08006310   0x00000080   Code   RO         1884    i.fit_lfn           ff.o
    0x08006390   0x08006390   0x0000009e   Code   RO         1885    i.follow_path       ff.o
    0x0800642e   0x0800642e   0x00000006   Code   RO         8216    i.gd32f4xx_firmware_version_get  system_gd32f4xx.o
    0x08006434   0x08006434   0x000000ca   Code   RO         1886    i.gen_numname       ff.o
    0x080064fe   0x080064fe   0x000000e4   Code   RO         1887    i.get_fat           ff.o
    0x080065e2   0x080065e2   0x00000064   Code   RO         2117    i.get_fattime       diskio.o
    0x08006646   0x08006646   0x00000002   PAD
    0x08006648   0x08006648   0x00000060   Code   RO         8288    i.get_system_ms     perf_counter.o
    0x080066a8   0x080066a8   0x00000060   Code   RO         8289    i.get_system_ticks  perf_counter.o
    0x08006708   0x08006708   0x0000005e   Code   RO         5121    i.gpio_af_set       gd32f4xx_gpio.o
    0x08006766   0x08006766   0x00000004   Code   RO         5122    i.gpio_bit_reset    gd32f4xx_gpio.o
    0x0800676a   0x0800676a   0x00000004   Code   RO         5123    i.gpio_bit_set      gd32f4xx_gpio.o
    0x0800676e   0x0800676e   0x00000002   PAD
    0x08006770   0x08006770   0x00000074   Code   RO         1640    i.gpio_config       sdio_sdcard.o
    0x080067e4   0x080067e4   0x00000010   Code   RO         5127    i.gpio_input_bit_get  gd32f4xx_gpio.o
    0x080067f4   0x080067f4   0x0000004e   Code   RO         5129    i.gpio_mode_set     gd32f4xx_gpio.o
    0x08006842   0x08006842   0x00000042   Code   RO         5131    i.gpio_output_options_set  gd32f4xx_gpio.o
    0x08006884   0x08006884   0x00000010   Code   RO         5229    i.i2c_ack_config    gd32f4xx_i2c.o
    0x08006894   0x08006894   0x000000e4   Code   RO         5233    i.i2c_clock_config  gd32f4xx_i2c.o
    0x08006978   0x08006978   0x00000058   Code   RO         5236    i.i2c_deinit        gd32f4xx_i2c.o
    0x080069d0   0x080069d0   0x00000010   Code   RO         5239    i.i2c_dma_config    gd32f4xx_i2c.o
    0x080069e0   0x080069e0   0x0000000a   Code   RO         5243    i.i2c_enable        gd32f4xx_i2c.o
    0x080069ea   0x080069ea   0x00000028   Code   RO         5244    i.i2c_flag_clear    gd32f4xx_i2c.o
    0x08006a12   0x08006a12   0x0000001e   Code   RO         5245    i.i2c_flag_get      gd32f4xx_i2c.o
    0x08006a30   0x08006a30   0x00000014   Code   RO         5250    i.i2c_master_addressing  gd32f4xx_i2c.o
    0x08006a44   0x08006a44   0x0000001c   Code   RO         5251    i.i2c_mode_addr_config  gd32f4xx_i2c.o
    0x08006a60   0x08006a60   0x0000000a   Code   RO         5264    i.i2c_start_on_bus  gd32f4xx_i2c.o
    0x08006a6a   0x08006a6a   0x0000000a   Code   RO         5265    i.i2c_stop_on_bus   gd32f4xx_i2c.o
    0x08006a74   0x08006a74   0x00000068   Code   RO         8291    i.init_cycle_counter  perf_counter.o
    0x08006adc   0x08006adc   0x000000e4   Code   RO         2244    i.led_disp          led_app.o
    0x08006bc0   0x08006bc0   0x00000010   Code   RO         2245    i.led_task          led_app.o
    0x08006bd0   0x08006bd0   0x00000056   Code   RO          231    i.main              main.o
    0x08006c26   0x08006c26   0x00000026   Code   RO         1889    i.mem_cmp           ff.o
    0x08006c4c   0x08006c4c   0x0000001a   Code   RO         1890    i.mem_cpy           ff.o
    0x08006c66   0x08006c66   0x00000014   Code   RO         1891    i.mem_set           ff.o
    0x08006c7a   0x08006c7a   0x00000072   Code   RO         1892    i.move_window       ff.o
    0x08006cec   0x08006cec   0x00000064   Code   RO         2348    i.my_printf         usart_app.o
    0x08006d50   0x08006d50   0x000000c4   Code   RO         5710    i.nvic_irq_enable   gd32f4xx_misc.o
    0x08006e14   0x08006e14   0x00000014   Code   RO         5711    i.nvic_priority_group_set  gd32f4xx_misc.o
    0x08006e28   0x08006e28   0x0000003c   Code   RO         2277    i.oled_printf       oled_app.o
    0x08006e64   0x08006e64   0x000000dc   Code   RO         2278    i.oled_task         oled_app.o
    0x08006f40   0x08006f40   0x00000200   Code   RO         2349    i.parse_uart_command  usart_app.o
    0x08007140   0x08007140   0x00000010   Code   RO         8524    i.perfc_port_clear_system_timer_ovf_pending  perfc_port_default.o
    0x08007150   0x08007150   0x0000000c   Code   RO         8300    i.perfc_port_disable_global_interrupt  perf_counter.o
    0x0800715c   0x0800715c   0x00000012   Code   RO         8525    i.perfc_port_get_system_timer_elapsed  perfc_port_default.o
    0x0800716e   0x0800716e   0x00000002   PAD
    0x08007170   0x08007170   0x0000000c   Code   RO         8526    i.perfc_port_get_system_timer_freq  perfc_port_default.o
    0x0800717c   0x0800717c   0x0000000a   Code   RO         8527    i.perfc_port_get_system_timer_top  perfc_port_default.o
    0x08007186   0x08007186   0x00000052   Code   RO         8528    i.perfc_port_init_system_timer  perfc_port_default.o
    0x080071d8   0x080071d8   0x000000c4   Code   RO         8301    i.perfc_port_insert_to_system_timer_insert_ovf_handler  perf_counter.o
    0x0800729c   0x0800729c   0x00000010   Code   RO         8529    i.perfc_port_is_system_timer_ovf_pending  perfc_port_default.o
    0x080072ac   0x080072ac   0x0000000a   Code   RO         8302    i.perfc_port_resume_global_interrupt  perf_counter.o
    0x080072b6   0x080072b6   0x00000002   PAD
    0x080072b8   0x080072b8   0x00000074   Code   RO         1893    i.pick_lfn          ff.o
    0x0800732c   0x0800732c   0x00000178   Code   RO         2350    i.print_adc_file_info  usart_app.o
    0x080074a4   0x080074a4   0x000005c4   Code   RO         2398    i.print_data        sd_app.o
    0x08007a68   0x08007a68   0x00000098   Code   RO         2200    i.prv_btn_event     btn_app.o
    0x08007b00   0x08007b00   0x000000ac   Code   RO         2201    i.prv_btn_get_state  btn_app.o
    0x08007bac   0x08007bac   0x0000004c   Code   RO         1470    i.prv_get_combo_btn_by_key_id  ebtn.o
    0x08007bf8   0x08007bf8   0x00000374   Code   RO         1471    i.prv_process_btn   ebtn.o
    0x08007f6c   0x08007f6c   0x00000136   Code   RO         1894    i.put_fat           ff.o
    0x080080a2   0x080080a2   0x00000002   PAD
    0x080080a4   0x080080a4   0x00000084   Code   RO         1641    i.r1_error_check    sdio_sdcard.o
    0x08008128   0x08008128   0x000000ae   Code   RO         1642    i.r1_error_type_check  sdio_sdcard.o
    0x080081d6   0x080081d6   0x00000002   PAD
    0x080081d8   0x080081d8   0x00000050   Code   RO         1643    i.r2_error_check    sdio_sdcard.o
    0x08008228   0x08008228   0x0000003c   Code   RO         1644    i.r3_error_check    sdio_sdcard.o
    0x08008264   0x08008264   0x000000a8   Code   RO         1645    i.r6_error_check    sdio_sdcard.o
    0x0800830c   0x0800830c   0x00000050   Code   RO         1646    i.r7_error_check    sdio_sdcard.o
    0x0800835c   0x0800835c   0x00000124   Code   RO         5923    i.rcu_clock_freq_get  gd32f4xx_rcu.o
    0x08008480   0x08008480   0x00000024   Code   RO         1647    i.rcu_config        sdio_sdcard.o
    0x080084a4   0x080084a4   0x00000024   Code   RO         5942    i.rcu_periph_clock_enable  gd32f4xx_rcu.o
    0x080084c8   0x080084c8   0x00000024   Code   RO         5945    i.rcu_periph_reset_disable  gd32f4xx_rcu.o
    0x080084ec   0x080084ec   0x00000024   Code   RO         5946    i.rcu_periph_reset_enable  gd32f4xx_rcu.o
    0x08008510   0x08008510   0x00000068   Code   RO         1895    i.remove_chain      ff.o
    0x08008578   0x08008578   0x0000000c   Code   RO         2315    i.scheduler_init    scheduler.o
    0x08008584   0x08008584   0x00000058   Code   RO         2316    i.scheduler_run     scheduler.o
    0x080085dc   0x080085dc   0x00000218   Code   RO         1648    i.sd_block_read     sdio_sdcard.o
    0x080087f4   0x080087f4   0x00000320   Code   RO         1649    i.sd_block_write    sdio_sdcard.o
    0x08008b14   0x08008b14   0x00000094   Code   RO         1650    i.sd_bus_mode_config  sdio_sdcard.o
    0x08008ba8   0x08008ba8   0x000000fc   Code   RO         1651    i.sd_bus_width_config  sdio_sdcard.o
    0x08008ca4   0x08008ca4   0x000000a8   Code   RO         1652    i.sd_card_capacity_get  sdio_sdcard.o
    0x08008d4c   0x08008d4c   0x000002c0   Code   RO         1653    i.sd_card_information_get  sdio_sdcard.o
    0x0800900c   0x0800900c   0x0000011c   Code   RO         1654    i.sd_card_init      sdio_sdcard.o
    0x08009128   0x08009128   0x00000026   Code   RO         1655    i.sd_card_select_deselect  sdio_sdcard.o
    0x0800914e   0x0800914e   0x00000002   PAD
    0x08009150   0x08009150   0x000000b8   Code   RO         1656    i.sd_card_state_get  sdio_sdcard.o
    0x08009208   0x08009208   0x00000048   Code   RO         1657    i.sd_cardstatus_get  sdio_sdcard.o
    0x08009250   0x08009250   0x00000018   Code   RO         1658    i.sd_datablocksize_get  sdio_sdcard.o
    0x08009268   0x08009268   0x0000000e   Code   RO         2399    i.sd_fatfs_init     sd_app.o
    0x08009276   0x08009276   0x00000002   PAD
    0x08009278   0x08009278   0x000001ac   Code   RO         2400    i.sd_fatfs_read_data  sd_app.o
    0x08009424   0x08009424   0x0000014c   Code   RO         2401    i.sd_fatfs_save_data  sd_app.o
    0x08009570   0x08009570   0x00000420   Code   RO         2402    i.sd_fatfs_test     sd_app.o
    0x08009990   0x08009990   0x00000046   Code   RO         1660    i.sd_init           sdio_sdcard.o
    0x080099d6   0x080099d6   0x00000002   PAD
    0x080099d8   0x080099d8   0x00000130   Code   RO         1661    i.sd_interrupts_process  sdio_sdcard.o
    0x08009b08   0x08009b08   0x0000029c   Code   RO         1663    i.sd_multiblocks_read  sdio_sdcard.o
    0x08009da4   0x08009da4   0x00000398   Code   RO         1664    i.sd_multiblocks_write  sdio_sdcard.o
    0x0800a13c   0x0800a13c   0x0000012c   Code   RO         1666    i.sd_power_on       sdio_sdcard.o
    0x0800a268   0x0800a268   0x0000015c   Code   RO         1667    i.sd_scr_get        sdio_sdcard.o
    0x0800a3c4   0x0800a3c4   0x00000018   Code   RO         1669    i.sd_transfer_mode_config  sdio_sdcard.o
    0x0800a3dc   0x0800a3dc   0x00000024   Code   RO         1671    i.sd_transfer_stop  sdio_sdcard.o
    0x0800a400   0x0800a400   0x0000001c   Code   RO         6484    i.sdio_bus_mode_set  gd32f4xx_sdio.o
    0x0800a41c   0x0800a41c   0x00000034   Code   RO         6491    i.sdio_clock_config  gd32f4xx_sdio.o
    0x0800a450   0x0800a450   0x00000014   Code   RO         6493    i.sdio_clock_enable  gd32f4xx_sdio.o
    0x0800a464   0x0800a464   0x0000000c   Code   RO         6494    i.sdio_command_index_get  gd32f4xx_sdio.o
    0x0800a470   0x0800a470   0x00000038   Code   RO         6495    i.sdio_command_response_config  gd32f4xx_sdio.o
    0x0800a4a8   0x0800a4a8   0x00000014   Code   RO         6497    i.sdio_csm_enable   gd32f4xx_sdio.o
    0x0800a4bc   0x0800a4bc   0x0000003c   Code   RO         6498    i.sdio_data_config  gd32f4xx_sdio.o
    0x0800a4f8   0x0800a4f8   0x0000000c   Code   RO         6500    i.sdio_data_read    gd32f4xx_sdio.o
    0x0800a504   0x0800a504   0x0000001c   Code   RO         6501    i.sdio_data_transfer_config  gd32f4xx_sdio.o
    0x0800a520   0x0800a520   0x0000000c   Code   RO         6502    i.sdio_data_write   gd32f4xx_sdio.o
    0x0800a52c   0x0800a52c   0x00000014   Code   RO         6503    i.sdio_deinit       gd32f4xx_sdio.o
    0x0800a540   0x0800a540   0x00000014   Code   RO         6504    i.sdio_dma_disable  gd32f4xx_sdio.o
    0x0800a554   0x0800a554   0x00000014   Code   RO         6505    i.sdio_dma_enable   gd32f4xx_sdio.o
    0x0800a568   0x0800a568   0x00000014   Code   RO         6506    i.sdio_dsm_disable  gd32f4xx_sdio.o
    0x0800a57c   0x0800a57c   0x00000014   Code   RO         6507    i.sdio_dsm_enable   gd32f4xx_sdio.o
    0x0800a590   0x0800a590   0x0000000c   Code   RO         6509    i.sdio_flag_clear   gd32f4xx_sdio.o
    0x0800a59c   0x0800a59c   0x00000014   Code   RO         6510    i.sdio_flag_get     gd32f4xx_sdio.o
    0x0800a5b0   0x0800a5b0   0x00000014   Code   RO         6511    i.sdio_hardware_clock_disable  gd32f4xx_sdio.o
    0x0800a5c4   0x0800a5c4   0x00000010   Code   RO         6513    i.sdio_interrupt_disable  gd32f4xx_sdio.o
    0x0800a5d4   0x0800a5d4   0x00000010   Code   RO         6514    i.sdio_interrupt_enable  gd32f4xx_sdio.o
    0x0800a5e4   0x0800a5e4   0x0000000c   Code   RO         6515    i.sdio_interrupt_flag_clear  gd32f4xx_sdio.o
    0x0800a5f0   0x0800a5f0   0x00000014   Code   RO         6516    i.sdio_interrupt_flag_get  gd32f4xx_sdio.o
    0x0800a604   0x0800a604   0x0000000c   Code   RO         6519    i.sdio_power_state_get  gd32f4xx_sdio.o
    0x0800a610   0x0800a610   0x0000000c   Code   RO         6520    i.sdio_power_state_set  gd32f4xx_sdio.o
    0x0800a61c   0x0800a61c   0x0000003c   Code   RO         6524    i.sdio_response_get  gd32f4xx_sdio.o
    0x0800a658   0x0800a658   0x0000001c   Code   RO         6529    i.sdio_wait_type_set  gd32f4xx_sdio.o
    0x0800a674   0x0800a674   0x00000016   Code   RO         6792    i.spi_dma_disable   gd32f4xx_spi.o
    0x0800a68a   0x0800a68a   0x00000016   Code   RO         6793    i.spi_dma_enable    gd32f4xx_spi.o
    0x0800a6a0   0x0800a6a0   0x0000000a   Code   RO         6794    i.spi_enable        gd32f4xx_spi.o
    0x0800a6aa   0x0800a6aa   0x00000002   PAD
    0x0800a6ac   0x0800a6ac   0x00000054   Code   RO          475    i.spi_flash_buffer_read  gd25qxx.o
    0x0800a700   0x0800a700   0x00000122   Code   RO          476    i.spi_flash_buffer_write  gd25qxx.o
    0x0800a822   0x0800a822   0x00000002   PAD
    0x0800a824   0x0800a824   0x0000001c   Code   RO          478    i.spi_flash_init    gd25qxx.o
    0x0800a840   0x0800a840   0x0000005c   Code   RO          479    i.spi_flash_page_write  gd25qxx.o
    0x0800a89c   0x0800a89c   0x00000054   Code   RO          480    i.spi_flash_read_id  gd25qxx.o
    0x0800a8f0   0x0800a8f0   0x00000044   Code   RO          481    i.spi_flash_sector_erase  gd25qxx.o
    0x0800a934   0x0800a934   0x000000fc   Code   RO          482    i.spi_flash_send_byte_dma  gd25qxx.o
    0x0800aa30   0x0800aa30   0x00000038   Code   RO          487    i.spi_flash_wait_for_write_end  gd25qxx.o
    0x0800aa68   0x0800aa68   0x00000024   Code   RO          488    i.spi_flash_write_enable  gd25qxx.o
    0x0800aa8c   0x0800aa8c   0x00000032   Code   RO         6804    i.spi_init          gd32f4xx_spi.o
    0x0800aabe   0x0800aabe   0x00000020   Code   RO         1896    i.sum_sfn           ff.o
    0x0800aade   0x0800aade   0x000000ca   Code   RO         1897    i.sync              ff.o
    0x0800aba8   0x0800aba8   0x00000110   Code   RO         8217    i.system_clock_240m_25m_hxtal  system_gd32f4xx.o
    0x0800acb8   0x0800acb8   0x00000008   Code   RO         8218    i.system_clock_config  system_gd32f4xx.o
    0x0800acc0   0x0800acc0   0x00000050   Code   RO          349    i.systick_config    systick.o
    0x0800ad10   0x0800ad10   0x00000304   Code   RO          489    i.test_spi_flash    gd25qxx.o
    0x0800b014   0x0800b014   0x00000048   Code   RO          402    i.timer5_config     mcu_cmic_gd32f470vet6.o
    0x0800b05c   0x0800b05c   0x00000184   Code   RO         7134    i.timer_deinit      gd32f4xx_timer.o
    0x0800b1e0   0x0800b1e0   0x0000000a   Code   RO         7139    i.timer_enable      gd32f4xx_timer.o
    0x0800b1ea   0x0800b1ea   0x00000002   PAD
    0x0800b1ec   0x0800b1ec   0x00000098   Code   RO         7149    i.timer_init        gd32f4xx_timer.o
    0x0800b284   0x0800b284   0x00000010   Code   RO         7159    i.timer_master_output_trigger_source_select  gd32f4xx_timer.o
    0x0800b294   0x0800b294   0x00000016   Code   RO         7169    i.timer_struct_para_init  gd32f4xx_timer.o
    0x0800b2aa   0x0800b2aa   0x00000002   PAD
    0x0800b2ac   0x0800b2ac   0x00000038   Code   RO         2351    i.uart_task         usart_app.o
    0x0800b2e4   0x0800b2e4   0x00000074   Code   RO         8306    i.update_perf_counter  perf_counter.o
    0x0800b358   0x0800b358   0x000000e8   Code   RO         7799    i.usart_baudrate_set  gd32f4xx_usart.o
    0x0800b440   0x0800b440   0x0000000a   Code   RO         7803    i.usart_data_receive  gd32f4xx_usart.o
    0x0800b44a   0x0800b44a   0x00000008   Code   RO         7804    i.usart_data_transmit  gd32f4xx_usart.o
    0x0800b452   0x0800b452   0x00000002   PAD
    0x0800b454   0x0800b454   0x000000dc   Code   RO         7805    i.usart_deinit      gd32f4xx_usart.o
    0x0800b530   0x0800b530   0x00000014   Code   RO         7807    i.usart_dma_receive_config  gd32f4xx_usart.o
    0x0800b544   0x0800b544   0x0000000a   Code   RO         7809    i.usart_enable      gd32f4xx_usart.o
    0x0800b54e   0x0800b54e   0x0000001e   Code   RO         7811    i.usart_flag_get    gd32f4xx_usart.o
    0x0800b56c   0x0800b56c   0x0000001a   Code   RO         7819    i.usart_interrupt_enable  gd32f4xx_usart.o
    0x0800b586   0x0800b586   0x00000038   Code   RO         7821    i.usart_interrupt_flag_get  gd32f4xx_usart.o
    0x0800b5be   0x0800b5be   0x00000010   Code   RO         7836    i.usart_receive_config  gd32f4xx_usart.o
    0x0800b5ce   0x0800b5ce   0x00000010   Code   RO         7851    i.usart_transmit_config  gd32f4xx_usart.o
    0x0800b5de   0x0800b5de   0x0000002a   Code   RO         1898    i.validate          ff.o
    0x0800b608   0x0800b608   0x0000002c   Code   RO         9043    locale$$code        c_w.l(lc_numeric_c.o)
    0x0800b634   0x0800b634   0x0000002c   Code   RO         9100    locale$$code        c_w.l(lc_ctype_c.o)
    0x0800b660   0x0800b660   0x0000000c   Code   RO         8894    x$fpl$dretinf       fz_wm.l(dretinf.o)
    0x0800b66c   0x0800b66c   0x00000056   Code   RO         8756    x$fpl$f2d           fz_wm.l(f2d.o)
    0x0800b6c2   0x0800b6c2   0x0000008c   Code   RO         8896    x$fpl$fnaninf       fz_wm.l(fnaninf.o)
    0x0800b74e   0x0800b74e   0x0000000a   Code   RO         8979    x$fpl$fpinit        fz_wm.l(fpinit.o)
    0x0800b758   0x0800b758   0x00000004   Code   RO         8898    x$fpl$printf1       fz_wm.l(printf1.o)
    0x0800b75c   0x0800b75c   0x00000004   Code   RO         8900    x$fpl$printf2       fz_wm.l(printf2.o)
    0x0800b760   0x0800b760   0x00000000   Code   RO         8906    x$fpl$usenofp       fz_wm.l(usenofp.o)
    0x0800b760   0x0800b760   0x00000a98   Data   RO         1334    .constdata          oled.o
    0x0800c1f8   0x0800c1f8   0x0000000d   Data   RO         1899    .constdata          ff.o
    0x0800c205   0x0800c205   0x00000001   PAD
    0x0800c206   0x0800c206   0x000000d8   Data   RO         2167    .constdata          fatfs_unicode.o
    0x0800c2de   0x0800c2de   0x0000000e   Data   RO         2202    .constdata          btn_app.o
    0x0800c2ec   0x0800c2ec   0x00000024   Data   RO         2404    .constdata          sd_app.o
    0x0800c310   0x0800c310   0x00000028   Data   RO         8694    .constdata          c_w.l(_printf_hex_int_ll_ptr.o)
    0x0800c338   0x0800c338   0x00000011   Data   RO         8714    .constdata          c_w.l(__printf_flags_ss_wp.o)
    0x0800c349   0x0800c349   0x00000003   PAD
    0x0800c34c   0x0800c34c   0x00000008   Data   RO         8807    .constdata          c_w.l(_printf_wctomb.o)
    0x0800c354   0x0800c354   0x00000026   Data   RO         8948    .constdata          c_w.l(_printf_fp_hex.o)
    0x0800c37a   0x0800c37a   0x00000002   PAD
    0x0800c37c   0x0800c37c   0x00000094   Data   RO         9007    .constdata          c_w.l(bigflt0.o)
    0x0800c410   0x0800c410   0x00000036   Data   RO         2353    .conststring        usart_app.o
    0x0800c446   0x0800c446   0x00000002   PAD
    0x0800c448   0x0800c448   0x00000020   Data   RO         9145    Region$$Table       anon$$obj.o
    0x0800c468   0x0800c468   0x0000001c   Data   RO         9042    locale$$data        c_w.l(lc_numeric_c.o)
    0x0800c484   0x0800c484   0x00000110   Data   RO         9099    locale$$data        c_w.l(lc_ctype_c.o)
    0x0800c594   0x0800c594   0x00000004   Data   RO         8308    .init_array         perf_counter.o
    0x0800c598   0x0800c594   0x00000000   Data   RO         8751    .init_array         c_w.l(init_aeabi.o)


    Execution Region RW_IRAM1 (Exec base: 0x20000000, Load base: 0x0800c598, Size: 0x00001cf8, Max: 0x00030000, ABSOLUTE, COMPRESSED[0x000000b4])

    Exec Addr    Load Addr    Size         Type   Attr      Idx    E Section Name        Object

    0x20000000   COMPRESSED   0x00000004   Data   RW          350    .data               systick.o
    0x20000004   COMPRESSED   0x00000008   Data   RW          404    .data               mcu_cmic_gd32f470vet6.o
    0x2000000c   COMPRESSED   0x00000016   Data   RW         1335    .data               oled.o
    0x20000022   COMPRESSED   0x00000002   PAD
    0x20000024   COMPRESSED   0x00000024   Data   RW         1673    .data               sdio_sdcard.o
    0x20000048   COMPRESSED   0x00000006   Data   RW         1900    .data               ff.o
    0x2000004e   COMPRESSED   0x00000002   PAD
    0x20000050   COMPRESSED   0x000000c4   Data   RW         2203    .data               btn_app.o
    0x20000114   COMPRESSED   0x00000007   Data   RW         2246    .data               led_app.o
    0x2000011b   COMPRESSED   0x00000001   PAD
    0x2000011c   COMPRESSED   0x00000040   Data   RW         2317    .data               scheduler.o
    0x2000015c   COMPRESSED   0x00000080   Data   RW         2354    .data               usart_app.o
    0x200001dc   COMPRESSED   0x00000015   Data   RW         2483    .data               adc_app.o
    0x200001f1   COMPRESSED   0x00000003   PAD
    0x200001f4   COMPRESSED   0x00000004   Data   RW         8219    .data               system_gd32f4xx.o
    0x200001f8   COMPRESSED   0x00000040   Data   RW         8307    .data               perf_counter.o
    0x20000238        -       0x00000118   Zero   RW          403    .bss                mcu_cmic_gd32f470vet6.o
    0x20000350        -       0x0000003c   Zero   RW         1472    .bss                ebtn.o
    0x2000038c        -       0x00000020   Zero   RW         1672    .bss                sdio_sdcard.o
    0x200003ac        -       0x00000100   Zero   RW         2352    .bss                usart_app.o
    0x200004ac        -       0x0000059c   Zero   RW         2403    .bss                sd_app.o
    0x20000a48        -       0x00000a50   Zero   RW         2482    .bss                adc_app.o
    0x20001498        -       0x00000060   Zero   RW         8914    .bss                c_w.l(libspace.o)
    0x200014f8        -       0x00000400   Zero   RW         8204    HEAP                startup_gd32f450_470.o
    0x200018f8        -       0x00000400   Zero   RW         8203    STACK               startup_gd32f450_470.o


==============================================================================

Image component sizes


      Code (inc. data)   RO Data    RW Data    ZI Data      Debug   Object Name

      1480        866          0         21       2640       5119   adc_app.o
       374         44         14        196          0       2858   btn_app.o
       412          0          0          0          0       4716   diskio.o
      2070         26          0          0         60      19754   ebtn.o
       498        100        216          0          0       3490   fatfs_unicode.o
      7690         66         13          6          0      33497   ff.o
      1762        538          0          0          0       7526   gd25qxx.o
       654         16          0          0          0       7930   gd32f4xx_adc.o
       198          6          0          0          0       3515   gd32f4xx_dac.o
      1332          8          0          0          0       9996   gd32f4xx_dma.o
       262          0          0          0          0       4017   gd32f4xx_gpio.o
       496         16          0          0          0       6815   gd32f4xx_i2c.o
       168         26          0          0          0      87485   gd32f4xx_it.o
       216         20          0          0          0       1368   gd32f4xx_misc.o
       400         40          0          0          0       3252   gd32f4xx_rcu.o
       628        136          0          0          0      14134   gd32f4xx_sdio.o
       104          0          0          0          0       2731   gd32f4xx_spi.o
       588         44          0          0          0       3352   gd32f4xx_timer.o
       644         18          0          0          0       6937   gd32f4xx_usart.o
       244         14          0          7          0       1642   led_app.o
        86          0          0          0          0      12047   main.o
      1432        104          0          8        280       5830   mcu_cmic_gd32f470vet6.o
      1242         56       2712         22          0       6608   oled.o
       280         76          0          0          0       1826   oled_app.o
       780        100          4         64          0      23082   perf_counter.o
       154         18          0          0          0       6157   perfc_port_default.o
       100         14          0         64          0       1660   scheduler.o
      4274       2068         36          0       1436       8596   sd_app.o
      7134        352          0         36         32      31595   sdio_sdcard.o
        64         26        428          0       2048        880   startup_gd32f450_470.o
       694         30          0          4          0       4391   system_gd32f4xx.o
       164         24          0          4          0      32590   systick.o
        32         10          0          0          0        528   systick_wrapper_ual.o
      1044        466         54        128        256       3974   usart_app.o

    ----------------------------------------------------------------------
     37750       5328       3512        568       6752     369898   Object Totals
         0          0         32          0          0          0   (incl. Generated)
        50          0          3          8          0          0   (incl. Padding)

    ----------------------------------------------------------------------

      Code (inc. data)   RO Data    RW Data    ZI Data      Debug   Library Member Name

        44          6          0          0          0         84   __2sprintf.o
        90          0          0          0          0          0   __dczerorl2.o
         8          0          0          0          0         68   __main.o
       392          4         17          0          0         92   __printf_flags_ss_wp.o
        14          0          0          0          0         68   __printf_wp.o
         0          0          0          0          0          0   __rtentry.o
        12          0          0          0          0          0   __rtentry2.o
         6          0          0          0          0          0   __rtentry4.o
        52          8          0          0          0          0   __scatter.o
        28          0          0          0          0          0   __scatter_zi.o
         6          0          0          0          0          0   _printf_a.o
         6          0          0          0          0          0   _printf_c.o
        44          0          0          0          0        108   _printf_char.o
        48          6          0          0          0         96   _printf_char_common.o
        40          0          0          0          0         68   _printf_charcount.o
         6          0          0          0          0          0   _printf_d.o
       120         16          0          0          0         92   _printf_dec.o
         6          0          0          0          0          0   _printf_e.o
         6          0          0          0          0          0   _printf_f.o
      1054          0          0          0          0        216   _printf_fp_dec.o
       764          8         38          0          0        100   _printf_fp_hex.o
       128         16          0          0          0         84   _printf_fp_infnan.o
         6          0          0          0          0          0   _printf_g.o
       148          4         40          0          0        160   _printf_hex_int_ll_ptr.o
         6          0          0          0          0          0   _printf_i.o
       178          0          0          0          0         88   _printf_intcommon.o
        10          0          0          0          0          0   _printf_l.o
         6          0          0          0          0          0   _printf_lc.o
        10          0          0          0          0          0   _printf_ll.o
         6          0          0          0          0          0   _printf_lld.o
         6          0          0          0          0          0   _printf_lli.o
         6          0          0          0          0          0   _printf_llo.o
         6          0          0          0          0          0   _printf_llu.o
         6          0          0          0          0          0   _printf_llx.o
       124         16          0          0          0         92   _printf_longlong_dec.o
         6          0          0          0          0          0   _printf_ls.o
         6          0          0          0          0          0   _printf_n.o
         6          0          0          0          0          0   _printf_o.o
       112         10          0          0          0        124   _printf_oct_int_ll.o
         6          0          0          0          0          0   _printf_p.o
        78          0          0          0          0        108   _printf_pad.o
         0          0          0          0          0          0   _printf_percent.o
         4          0          0          0          0          0   _printf_percent_end.o
         6          0          0          0          0          0   _printf_s.o
        82          0          0          0          0         80   _printf_str.o
        36          0          0          0          0         84   _printf_truncate.o
         6          0          0          0          0          0   _printf_u.o
        44          0          0          0          0        108   _printf_wchar.o
       188          6          8          0          0         92   _printf_wctomb.o
         6          0          0          0          0          0   _printf_x.o
        16          0          0          0          0         68   _snputc.o
        10          0          0          0          0         68   _sputc.o
        64          0          0          0          0         92   _wcrtomb.o
        16          0          0          0          0         68   aeabi_memset.o
       228          4        148          0          0         96   bigflt0.o
      1936        128          0          0          0        672   btod.o
        10          0          0          0          0         68   defsig_exit.o
        50          0          0          0          0         88   defsig_general.o
        80         58          0          0          0         76   defsig_rtmem_inner.o
        14          0          0          0          0         80   defsig_rtmem_outer.o
        18          0          0          0          0         80   exit.o
        94          0          0          0          0         80   h1_alloc.o
        52          0          0          0          0         68   h1_extend.o
        78          0          0          0          0         80   h1_free.o
        14          0          0          0          0         84   h1_init.o
         6          0          0          0          0        152   heapauxi.o
         4          0          0          0          0        136   hguard.o
         0          0          0          0          0          0   indicate_semi.o
        36         10          0          0          0         80   init_aeabi.o
       138          0          0          0          0        168   init_alloc.o
        44         10        272          0          0         76   lc_ctype_c.o
        44         10         28          0          0         76   lc_numeric_c.o
         2          0          0          0          0          0   libinit.o
        46          0          0          0          0          0   libinit2.o
         2          0          0          0          0          0   libshutdown.o
         2          0          0          0          0          0   libshutdown2.o
         8          4          0          0         96         68   libspace.o
        72          0          0          0          0         76   llsdiv.o
       138          0          0          0          0         80   lludiv10.o
       238          0          0          0          0        100   lludivv7m.o
         0          0          0          0          0          0   maybetermalloc1.o
        88          0          0          0          0         76   memcmp.o
        16          4          0          0          0         76   rt_ctype_table.o
         8          4          0          0          0         68   rt_heap_descriptor_intlibspace.o
         8          4          0          0          0         68   rt_locale_intlibspace.o
        68          0          0          0          0         68   rt_memclr.o
        78          0          0          0          0         80   rt_memclr_w.o
       138          0          0          0          0         68   rt_memcpy_v6.o
       100          0          0          0          0         80   rt_memcpy_w.o
         2          0          0          0          0          0   rtexit.o
        10          0          0          0          0          0   rtexit2.o
       128          0          0          0          0         68   strcmpv7m.o
        62          0          0          0          0         76   strlen.o
       150          0          0          0          0         80   strncmp.o
        12          4          0          0          0         68   sys_exit.o
        74          0          0          0          0         80   sys_stackheap_outer.o
        14          0          0          0          0         76   sys_wrch.o
         2          0          0          0          0         68   use_no_semi.o
        52          4          0          0          0         80   vsnprintf.o
        12          0          0          0          0        116   dretinf.o
        86          4          0          0          0        132   f2d.o
       140          4          0          0          0        132   fnaninf.o
        10          0          0          0          0        116   fpinit.o
         4          0          0          0          0        116   printf1.o
         4          0          0          0          0        116   printf2.o
         0          0          0          0          0          0   usenofp.o
        48          0          0          0          0        124   fpclassify.o

    ----------------------------------------------------------------------
      8766        352        556          0         96       6824   Library Totals
        14          0          5          0          0          0   (incl. Padding)

    ----------------------------------------------------------------------

      Code (inc. data)   RO Data    RW Data    ZI Data      Debug   Library Name

      8448        344        551          0         96       5972   c_w.l
       256          8          0          0          0        728   fz_wm.l
        48          0          0          0          0        124   m_wm.l

    ----------------------------------------------------------------------
      8766        352        556          0         96       6824   Library Totals

    ----------------------------------------------------------------------

==============================================================================


      Code (inc. data)   RO Data    RW Data    ZI Data      Debug   

     46516       5680       4068        568       6848     344890   Grand Totals
     46516       5680       4068        180       6848     344890   ELF Image Totals (compressed)
     46516       5680       4068        180          0          0   ROM Totals

==============================================================================

    Total RO  Size (Code + RO Data)                50584 (  49.40kB)
    Total RW  Size (RW Data + ZI Data)              7416 (   7.24kB)
    Total ROM Size (Code + RO Data + RW Data)      50764 (  49.57kB)

==============================================================================

